main.c:491:13:MX_GPIO_Init	64	static
main.c:473:13:MX_DMA_Init	16	static
main.c:340:13:MX_TIM2_Init	40	static
main.c:385:13:MX_TIM3_Init	40	static
main.c:430:13:MX_TIM4_Init	40	static
main.c:306:13:MX_I2C2_Init	8	static
main.c:619:6:StartButtosTask	16	static
main.c:639:6:StartAlarmTask	8	static
main.c:111:9:event	8	static
main.c:595:6:StartPullingTask	16	static
main.c:267:6:SystemClock_Config	80	static
main.c:171:5:main	120	static
main.c:574:6:HAL_GPIO_EXTI_Callback	16	static,ignoring_inline_asm
main.c:581:6:HAL_I2C_MemRxCpltCallback	8	static
main.c:659:6:HAL_TIM_PeriodElapsedCallback	16	static
main.c:709:6:Error_Handler	0	static
