main.c:492:13:MX_GPIO_Init	64	static
main.c:474:13:MX_DMA_Init	16	static
main.c:341:13:MX_TIM2_Init	40	static
main.c:386:13:MX_TIM3_Init	40	static
main.c:431:13:MX_TIM4_Init	40	static
main.c:307:13:MX_I2C2_Init	8	static
main.c:622:6:StartButtosTask	16	static
main.c:642:6:StartAlarmTask	8	static
main.c:111:9:event	8	static
main.c:598:6:StartPullingTask	16	static
main.c:268:6:SystemClock_Config	80	static
main.c:172:5:main	120	static
main.c:575:6:HAL_GPIO_EXTI_Callback	16	static,ignoring_inline_asm
main.c:582:6:HAL_I2C_MemRxCpltCallback	8	static
main.c:662:6:HAL_TIM_PeriodElapsedCallback	8	static
main.c:725:6:Error_Handler	0	static
