nixieDisplay.c:37:6:resetGpio	16	static
nixieDisplay.c:63:6:resetVarNixie	0	static
nixieDisplay.c:76:6:nixieLed	8	static
nixieDisplay.c:102:6:nixieDisplay	24	static
nixieDisplay.c:203:6:nixieIface_increase	8	static
nixieDisplay.c:206:6:nixieIface_show	0	static
nixieDisplay.c:209:6:nixieIface_increaseLed	0	static
nixieDisplay.c:213:6:nixieIface_init	8	static
nixieDisplay.c:221:6:nixieIface_showLed	0	static
nixieDisplay.c:224:6:nixieIface_ledPower	0	static
nixieDisplay.c:227:6:nixieIface_send	8	static
nixieDisplay.c:230:6:nixieIface_nixiePower	0	static
nixieDisplay.c:233:6:nixieIface_buzzer	0	static
nixieDisplay.c:236:6:nixieIface_swapAlarm	8	static
nixieDisplay.c:239:6:nixieIface_swapLedFlag	0	static
nixieDisplay.c:242:6:nixieIface_alarmFlag	8	static
nixieDisplay.c:245:6:nixieIface_resetVar	8	static
nixieDisplay.c:254:6:nixieInit	8	static
nixieDisplay.c:260:6:nixieEvent	8	static
nixieDisplay.c:283:9:stateTimer_start	16	static
nixieDisplay.c:248:6:nixie_setTimer	16	static
nixieDisplay.c:308:6:stateTimer_update	16	static
nixieDisplay.c:329:9:stateTimer_stop	4	static
nixieDisplay.c:251:6:nixie_unsetTimer	8	static
nixieDisplay.c:340:6:nixieTickUpdate	8	static
nixieDisplay.c:346:9:nixieBuzzer	8	static
