nixieDisplay.c:37:6:resetGpio	16	static
nixieDisplay.c:63:6:resetVarNixie	0	static
nixieDisplay.c:76:6:nixieLed	8	static
nixieDisplay.c:241:6:nixieDisplay	16	static
nixieDisplay.c:339:6:nixieIface_increase	8	static
nixieDisplay.c:342:6:nixieIface_show	0	static
nixieDisplay.c:345:6:nixieIface_increaseLed	0	static
nixieDisplay.c:349:6:nixieIface_init	8	static
nixieDisplay.c:357:6:nixieIface_showLed	0	static
nixieDisplay.c:360:6:nixieIface_ledPower	0	static
nixieDisplay.c:363:6:nixieIface_send	8	static
nixieDisplay.c:366:6:nixieIface_nixiePower	0	static
nixieDisplay.c:369:6:nixieIface_buzzer	0	static
nixieDisplay.c:372:6:nixieIface_swapAlarm	8	static
nixieDisplay.c:375:6:nixieIface_swapLedFlag	0	static
nixieDisplay.c:378:6:nixieIface_alarmFlag	8	static
nixieDisplay.c:381:6:nixieIface_resetVar	8	static
nixieDisplay.c:390:6:nixieInit	8	static
nixieDisplay.c:396:6:nixieEvent	8	static
nixieDisplay.c:419:9:stateTimer_start	16	static
nixieDisplay.c:384:6:nixie_setTimer	16	static
nixieDisplay.c:444:6:stateTimer_update	16	static
nixieDisplay.c:465:9:stateTimer_stop	4	static
nixieDisplay.c:387:6:nixie_unsetTimer	8	static
nixieDisplay.c:476:6:nixieTickUpdate	8	static
nixieDisplay.c:482:9:nixieBuzzer	8	static
