nixieDisplay.c:36:6:resetVarNixie	0	static
nixieDisplay.c:49:6:nixieLed	8	static
nixieDisplay.c:75:6:segment	16	static
nixieDisplay.c:176:6:segmentDisplay	8	static
nixieDisplay.c:213:6:nixieDisplay	16	static
nixieDisplay.c:308:6:nixieIface_increase	8	static
nixieDisplay.c:311:6:nixieIface_show	0	static
nixieDisplay.c:314:6:nixieIface_increaseLed	0	static
nixieDisplay.c:318:6:nixieIface_init	8	static
nixieDisplay.c:326:6:nixieIface_showLed	0	static
nixieDisplay.c:329:6:nixieIface_ledPower	0	static
nixieDisplay.c:332:6:nixieIface_send	8	static
nixieDisplay.c:335:6:nixieIface_nixiePower	0	static
nixieDisplay.c:338:6:nixieIface_buzzer	0	static
nixieDisplay.c:341:6:nixieIface_swapAlarm	8	static
nixieDisplay.c:346:6:nixieIface_swapLedFlag	0	static
nixieDisplay.c:349:6:nixieIface_alarmFlag	8	static
nixieDisplay.c:352:6:nixieIface_resetVar	8	static
nixieDisplay.c:361:6:nixieInit	8	static
nixieDisplay.c:367:6:nixieEvent	8	static
nixieDisplay.c:390:9:stateTimer_start	16	static
nixieDisplay.c:355:6:nixie_setTimer	16	static
nixieDisplay.c:415:6:stateTimer_update	16	static
nixieDisplay.c:436:9:stateTimer_stop	4	static
nixieDisplay.c:358:6:nixie_unsetTimer	8	static
nixieDisplay.c:447:6:nixieTickUpdate	8	static
nixieDisplay.c:453:9:nixieBuzzer	8	static
