stm32f1xx_it.c:91:6:NMI_Handler	0	static
stm32f1xx_it.c:104:6:HardFault_Handler	0	static
stm32f1xx_it.c:119:6:MemManage_Handler	0	static
stm32f1xx_it.c:134:6:BusFault_Handler	0	static
stm32f1xx_it.c:149:6:UsageFault_Handler	0	static
stm32f1xx_it.c:164:6:DebugMon_Handler	0	static
stm32f1xx_it.c:184:6:EXTI1_IRQHandler	8	static
stm32f1xx_it.c:198:6:DMA1_Channel5_IRQHandler	8	static
stm32f1xx_it.c:212:6:TIM1_UP_IRQHandler	8	static
stm32f1xx_it.c:226:6:TIM2_IRQHandler	8	static
stm32f1xx_it.c:240:6:TIM3_IRQHandler	8	static
stm32f1xx_it.c:254:6:TIM4_IRQHandler	8	static
stm32f1xx_it.c:268:6:I2C2_EV_IRQHandler	8	static
