Nixie.c:425:13:clearInEvents	0	static
Nixie.c:538:19:check_t__choice_0_tr0_tr0	0	static
Nixie.c:543:19:check_t__choice_0_tr2_tr2	0	static
Nixie.c:607:13:enact_t_MODE2	0	static
Nixie.c:785:13:enseq_t_START_Configuration_Hour_default	0	static
Nixie.c:793:13:enseq_t_START_Configuration_Minutes_default	0	static
Nixie.c:801:13:enseq_t_START_Configuration_Year_default	0	static
Nixie.c:809:13:enseq_t_START_Configuration_Month_default	0	static
Nixie.c:817:13:enseq_t_START_Configuration_Day_default	0	static
Nixie.c:833:13:enseq_t_MODE1_Awake_Awake_default	0	static
Nixie.c:911:13:enseq_t_MODE3_Alarm_AlarmConfig_default	0	static
Nixie.c:919:13:enseq_t_MODE3_Alarm_Hour_default	0	static
Nixie.c:927:13:enseq_t_MODE3_Alarm_Minute_default	0	static
Nixie.c:1011:13:exseq_t_START_Configuration_Config	0	static
Nixie.c:1019:13:exseq_t_START_Configuration_Hour	0	static
Nixie.c:1027:13:exseq_t_START_Configuration_Minutes	0	static
Nixie.c:1035:13:exseq_t_START_Configuration_Year	0	static
Nixie.c:1043:13:exseq_t_START_Configuration_Month	0	static
Nixie.c:1051:13:exseq_t_START_Configuration_Day	0	static
Nixie.c:1066:13:exseq_t_MODE1_Awake_Awake	0	static
Nixie.c:1109:13:exseq_t_MODE2_Sleep_Sleep	0	static
Nixie.c:1143:13:exseq_t_MODE3_Alarm_AlarmConfig	0	static
Nixie.c:1151:13:exseq_t_MODE3_Alarm_Hour	0	static
Nixie.c:1159:13:exseq_t_MODE3_Alarm_Minute	0	static
Nixie.c:1309:13:exseq_t_START_Configuration	8	static
Nixie.c:1407:13:exseq_t_MODE3_Alarm	8	static
Nixie.c:1487:13:react_t_MODE1_Awake__entry_Default	8	static
Nixie.c:975:13:enseq_t_MODE1_Awake_default	8	static
Nixie.c:1501:13:react_t_MODE3_Alarm__entry_Default	8	static
Nixie.c:989:13:enseq_t_MODE3_Alarm_default	8	static
Nixie.c:1514:19:react	0	static
Nixie.c:564:13:enact_t_START	8	static
Nixie.c:571:13:enact_t_START_Configuration_Config	8	static
Nixie.c:776:13:enseq_t_START_Configuration_Config_default	8	static
Nixie.c:1480:13:react_t_START_Configuration__entry_Default	8	static
Nixie.c:968:13:enseq_t_START_Configuration_default	8	static
Nixie.c:768:13:enseq_t_START_default	8	static
Nixie.c:1473:13:react_t__entry_Default	8	static
Nixie.c:961:13:enseq_t_default	8	static
Nixie.c:688:13:exact_t_START	8	static
Nixie.c:1003:13:exseq_t_START	8	static
Nixie.c:739:13:exact_t_MODE3	8	static
Nixie.c:1135:13:exseq_t_MODE3	8	static
Nixie.c:579:13:enact_t_MODE1	8	static
Nixie.c:825:13:enseq_t_MODE1_default	8	static
Nixie.c:1519:19:t_START_react	16	static
Nixie.c:1539:19:t_START_Configuration_Config_react	16	static
Nixie.c:558:13:effect_t__choice_0_tr1	8	static
Nixie.c:651:13:enact_t_MODE3	8	static
Nixie.c:903:13:enseq_t_MODE3_default	8	static
Nixie.c:553:13:effect_t__choice_0_tr2	8	static
Nixie.c:1560:19:t_START_Configuration_Hour_react	16	static
Nixie.c:1619:19:t_START_Configuration_Year_react	16	static
Nixie.c:1647:19:t_START_Configuration_Month_react	16	static
Nixie.c:1588:19:t_START_Configuration_Minutes_react	16	static
Nixie.c:1675:19:t_START_Configuration_Day_react	16	static
Nixie.c:661:13:enact_t_Alarm	8	static
Nixie.c:589:13:enact_t_MODE1_Awake_Date	8	static
Nixie.c:841:13:enseq_t_MODE1_Awake_Date_default	8	static
Nixie.c:598:13:enact_t_MODE1_Awake_Temperature	8	static
Nixie.c:850:13:enseq_t_MODE1_Awake_Temperature_default	8	static
Nixie.c:633:13:enact_t_MODE2_Sleep_Date	8	static
Nixie.c:885:13:enseq_t_MODE2_Sleep_Date_default	8	static
Nixie.c:642:13:enact_t_MODE2_Sleep_Temperature	8	static
Nixie.c:894:13:enseq_t_MODE2_Sleep_Temperature_default	8	static
Nixie.c:671:13:enact_t_Alarm_Alarm_Alarm_ON_	8	static
Nixie.c:943:13:enseq_t_Alarm_Alarm_Alarm_ON__default	8	static
Nixie.c:1508:13:react_t_Alarm_Alarm__entry_Default	8	static
Nixie.c:996:13:enseq_t_Alarm_Alarm_default	8	static
Nixie.c:935:13:enseq_t_Alarm_default	8	static
Nixie.c:1921:19:t_MODE3_react	16	static
Nixie.c:1977:19:t_MODE3_Alarm_Hour_react	16	static
Nixie.c:2005:19:t_MODE3_Alarm_Minute_react	16	static
Nixie.c:746:13:exact_t_Alarm	8	static
Nixie.c:679:13:enact_t_Alarm_Alarm_Alarm_OFF_	8	static
Nixie.c:952:13:enseq_t_Alarm_Alarm_Alarm_OFF__default	8	static
Nixie.c:695:13:exact_t_MODE1_Awake_Date	8	static
Nixie.c:1074:13:exseq_t_MODE1_Awake_Date	8	static
Nixie.c:702:13:exact_t_MODE1_Awake_Temperature	8	static
Nixie.c:1083:13:exseq_t_MODE1_Awake_Temperature	8	static
Nixie.c:1350:13:exseq_t_MODE1_Awake	8	static
Nixie.c:1059:13:exseq_t_MODE1	8	static
Nixie.c:725:13:exact_t_MODE2_Sleep_Date	8	static
Nixie.c:1117:13:exseq_t_MODE2_Sleep_Date	8	static
Nixie.c:732:13:exact_t_MODE2_Sleep_Temperature	8	static
Nixie.c:1126:13:exseq_t_MODE2_Sleep_Temperature	8	static
Nixie.c:718:13:exact_t_MODE2_Sleep_Wake_Up	8	static
Nixie.c:1100:13:exseq_t_MODE2_Sleep_Wake_Up	8	static
Nixie.c:1376:13:exseq_t_MODE2_Sleep	8	static
Nixie.c:761:13:exact_t_Alarm_Alarm_Alarm_OFF_	8	static
Nixie.c:1184:13:exseq_t_Alarm_Alarm_Alarm_OFF_	8	static
Nixie.c:754:13:exact_t_Alarm_Alarm_Alarm_ON_	8	static
Nixie.c:1175:13:exseq_t_Alarm_Alarm_Alarm_ON_	8	static
Nixie.c:1433:13:exseq_t_Alarm_Alarm	8	static
Nixie.c:1167:13:exseq_t_Alarm	8	static
Nixie.c:625:13:enact_t_MODE2_Sleep_Sleep	8	static
Nixie.c:876:13:enseq_t_MODE2_Sleep_Sleep_default	8	static
Nixie.c:1494:13:react_t_MODE2_Sleep__entry_Default	8	static
Nixie.c:982:13:enseq_t_MODE2_Sleep_default	8	static
Nixie.c:859:13:enseq_t_MODE2_default	8	static
Nixie.c:1704:19:t_MODE1_react	16	static
Nixie.c:1731:19:t_MODE1_Awake_Awake_react	16	static
Nixie.c:1767:19:t_MODE1_Awake_Date_react	16	static
Nixie.c:1787:19:t_MODE1_Awake_Temperature_react	16	static
Nixie.c:548:13:effect_t__choice_0_tr0	8	static
Nixie.c:1454:13:react_t__choice_0	8	static
Nixie.c:2035:19:t_Alarm_react	16	static
Nixie.c:2055:19:t_Alarm_Alarm_Alarm_ON__react	16	static
Nixie.c:2075:19:t_Alarm_Alarm_Alarm_OFF__react	16	static
Nixie.c:711:13:exact_t_MODE2	8	static
Nixie.c:1092:13:exseq_t_MODE2	8	static
Nixie.c:1807:19:t_MODE2_react	16	static
Nixie.c:1834:19:t_MODE2_Sleep_Wake_Up_react	16	static
Nixie.c:1881:19:t_MODE2_Sleep_Date_react	16	static
Nixie.c:1193:13:exseq_t	8	static
Nixie.c:614:13:enact_t_MODE2_Sleep_Wake_Up	8	static
Nixie.c:867:13:enseq_t_MODE2_Sleep_Wake_Up_default	8	static
Nixie.c:1861:19:t_MODE2_Sleep_Sleep_react	16	static
Nixie.c:1901:19:t_MODE2_Sleep_Temperature_react	16	static
Nixie.c:1948:19:t_MODE3_Alarm_AlarmConfig_react	16	static
Nixie.c:151:6:nixie_init	16	static
Nixie.c:171:6:nixie_enter	8	static
Nixie.c:177:6:nixie_runCycle	8	static
Nixie.c:285:6:nixie_exit	8	static
Nixie.c:291:12:nixie_isActive	0	static
Nixie.c:307:12:nixie_isFinal	0	static
Nixie.c:312:6:nixie_raiseTimeEvent	0	static
Nixie.c:321:12:nixie_isStateActive	0	static
Nixie.c:445:6:nixieIface_raise_s_SENSOR	0	static
Nixie.c:449:6:nixieIface_raise_b_1	0	static
Nixie.c:453:6:nixieIface_raise_b_2	0	static
Nixie.c:457:6:nixieIface_raise_b_3	0	static
Nixie.c:461:6:nixieIface_raise_e_ALARM	0	static
Nixie.c:467:9:nixieIface_get_b_Time	0	static
Nixie.c:471:9:nixieIface_get_b_Date	0	static
Nixie.c:475:9:nixieIface_get_b_Alarm	0	static
Nixie.c:479:9:nixieIface_get_time	0	static
Nixie.c:483:9:nixieIface_get_date	0	static
Nixie.c:487:9:nixieIface_get_alarm	0	static
Nixie.c:491:9:nixieIface_get_temp	0	static
Nixie.c:495:9:nixieIface_get_alarmState	0	static
Nixie.c:499:9:nixieIface_get_cOUNTMAX	0	static
Nixie.c:503:9:nixieIface_get_hour	0	static
Nixie.c:507:9:nixieIface_get_minute	0	static
Nixie.c:511:9:nixieIface_get_seconds	0	static
Nixie.c:515:9:nixieIface_get_year	0	static
Nixie.c:519:9:nixieIface_get_month	0	static
Nixie.c:523:9:nixieIface_get_day	0	static
Nixie.c:527:9:nixieIface_get_on	0	static
Nixie.c:531:9:nixieIface_get_off	0	static
