Archive member included to satisfy reference by file (symbol)

c:/st/stm32cubeide_1.6.1/stm32cubeide/plugins/com.st.stm32cube.ide.mcu.externaltools.gnu-tools-for-stm32.9-2020-q2-update.win32_1.5.0.202011040924/tools/bin/../lib/gcc/arm-none-eabi/9.3.1/../../../../arm-none-eabi/lib/thumb/v7-m/nofp\libc_nano.a(lib_a-exit.o)
                              c:/st/stm32cubeide_1.6.1/stm32cubeide/plugins/com.st.stm32cube.ide.mcu.externaltools.gnu-tools-for-stm32.9-2020-q2-update.win32_1.5.0.202011040924/tools/bin/../lib/gcc/arm-none-eabi/9.3.1/../../../../arm-none-eabi/lib/thumb/v7-m/nofp/crt0.o (exit)
c:/st/stm32cubeide_1.6.1/stm32cubeide/plugins/com.st.stm32cube.ide.mcu.externaltools.gnu-tools-for-stm32.9-2020-q2-update.win32_1.5.0.202011040924/tools/bin/../lib/gcc/arm-none-eabi/9.3.1/../../../../arm-none-eabi/lib/thumb/v7-m/nofp\libc_nano.a(lib_a-impure.o)
                              c:/st/stm32cubeide_1.6.1/stm32cubeide/plugins/com.st.stm32cube.ide.mcu.externaltools.gnu-tools-for-stm32.9-2020-q2-update.win32_1.5.0.202011040924/tools/bin/../lib/gcc/arm-none-eabi/9.3.1/../../../../arm-none-eabi/lib/thumb/v7-m/nofp\libc_nano.a(lib_a-exit.o) (_global_impure_ptr)
c:/st/stm32cubeide_1.6.1/stm32cubeide/plugins/com.st.stm32cube.ide.mcu.externaltools.gnu-tools-for-stm32.9-2020-q2-update.win32_1.5.0.202011040924/tools/bin/../lib/gcc/arm-none-eabi/9.3.1/../../../../arm-none-eabi/lib/thumb/v7-m/nofp\libc_nano.a(lib_a-init.o)
                              c:/st/stm32cubeide_1.6.1/stm32cubeide/plugins/com.st.stm32cube.ide.mcu.externaltools.gnu-tools-for-stm32.9-2020-q2-update.win32_1.5.0.202011040924/tools/bin/../lib/gcc/arm-none-eabi/9.3.1/../../../../arm-none-eabi/lib/thumb/v7-m/nofp/crt0.o (__libc_init_array)
c:/st/stm32cubeide_1.6.1/stm32cubeide/plugins/com.st.stm32cube.ide.mcu.externaltools.gnu-tools-for-stm32.9-2020-q2-update.win32_1.5.0.202011040924/tools/bin/../lib/gcc/arm-none-eabi/9.3.1/../../../../arm-none-eabi/lib/thumb/v7-m/nofp\libc_nano.a(lib_a-memcpy-stub.o)
                              Middlewares/Third_Party/FreeRTOS/Source/queue.o (memcpy)
c:/st/stm32cubeide_1.6.1/stm32cubeide/plugins/com.st.stm32cube.ide.mcu.externaltools.gnu-tools-for-stm32.9-2020-q2-update.win32_1.5.0.202011040924/tools/bin/../lib/gcc/arm-none-eabi/9.3.1/../../../../arm-none-eabi/lib/thumb/v7-m/nofp\libc_nano.a(lib_a-memset.o)
                              c:/st/stm32cubeide_1.6.1/stm32cubeide/plugins/com.st.stm32cube.ide.mcu.externaltools.gnu-tools-for-stm32.9-2020-q2-update.win32_1.5.0.202011040924/tools/bin/../lib/gcc/arm-none-eabi/9.3.1/../../../../arm-none-eabi/lib/thumb/v7-m/nofp/crt0.o (memset)
c:/st/stm32cubeide_1.6.1/stm32cubeide/plugins/com.st.stm32cube.ide.mcu.externaltools.gnu-tools-for-stm32.9-2020-q2-update.win32_1.5.0.202011040924/tools/bin/../lib/gcc/arm-none-eabi/9.3.1/../../../../arm-none-eabi/lib/thumb/v7-m/nofp\libnosys.a(_exit.o)
                              c:/st/stm32cubeide_1.6.1/stm32cubeide/plugins/com.st.stm32cube.ide.mcu.externaltools.gnu-tools-for-stm32.9-2020-q2-update.win32_1.5.0.202011040924/tools/bin/../lib/gcc/arm-none-eabi/9.3.1/../../../../arm-none-eabi/lib/thumb/v7-m/nofp\libc_nano.a(lib_a-exit.o) (_exit)

Allocating common symbols
Common symbol       size              file

htim4               0x48              Src/main.o
hi2c2               0x54              Src/main.o
uwTick              0x4               Drivers/STM32F1xx_HAL_Driver/Src/stm32f1xx_hal.o
xQueueRegistry      0x40              Middlewares/Third_Party/FreeRTOS/Source/queue.o
pFlash              0x20              Drivers/STM32F1xx_HAL_Driver/Src/stm32f1xx_hal_flash.o
htim3               0x48              Src/main.o
S_AlarmHandle       0x4               Src/main.o
hdma_i2c2_rx        0x44              Src/main.o
ButtonsHandle       0x4               Src/main.o
htim1               0x48              Src/stm32f1xx_hal_timebase_tim.o
pullingHandle       0x4               Src/main.o
AlarmHandle         0x4               Src/main.o
Q_ButtonsHandle     0x4               Src/main.o
htim2               0x48              Src/main.o
RTC_DATA            0x3e              Src/DS3231.o

Discarded input sections

 .text          0x0000000000000000        0x0 c:/st/stm32cubeide_1.6.1/stm32cubeide/plugins/com.st.stm32cube.ide.mcu.externaltools.gnu-tools-for-stm32.9-2020-q2-update.win32_1.5.0.202011040924/tools/bin/../lib/gcc/arm-none-eabi/9.3.1/thumb/v7-m/nofp/crti.o
 .data          0x0000000000000000        0x0 c:/st/stm32cubeide_1.6.1/stm32cubeide/plugins/com.st.stm32cube.ide.mcu.externaltools.gnu-tools-for-stm32.9-2020-q2-update.win32_1.5.0.202011040924/tools/bin/../lib/gcc/arm-none-eabi/9.3.1/thumb/v7-m/nofp/crti.o
 .bss           0x0000000000000000        0x0 c:/st/stm32cubeide_1.6.1/stm32cubeide/plugins/com.st.stm32cube.ide.mcu.externaltools.gnu-tools-for-stm32.9-2020-q2-update.win32_1.5.0.202011040924/tools/bin/../lib/gcc/arm-none-eabi/9.3.1/thumb/v7-m/nofp/crti.o
[...]
Memory Configuration

Name             Origin             Length             Attributes
RAM              0x0000000020000000 0x0000000000005000 xrw
FLASH            0x0000000008000000 0x0000000000010000 xr
*default*        0x0000000000000000 0xffffffffffffffff

Linker script and memory map

LOAD c:/st/stm32cubeide_1.6.1/stm32cubeide/plugins/com.st.stm32cube.ide.mcu.externaltools.gnu-tools-for-stm32.9-2020-q2-update.win32_1.5.0.202011040924/tools/bin/../lib/gcc/arm-none-eabi/9.3.1/thumb/v7-m/nofp/crti.o
LOAD c:/st/stm32cubeide_1.6.1/stm32cubeide/plugins/com.st.stm32cube.ide.mcu.externaltools.gnu-tools-for-stm32.9-2020-q2-update.win32_1.5.0.202011040924/tools/bin/../lib/gcc/arm-none-eabi/9.3.1/thumb/v7-m/nofp/crtbegin.o
LOAD c:/st/stm32cubeide_1.6.1/stm32cubeide/plugins/com.st.stm32cube.ide.mcu.externaltools.gnu-tools-for-stm32.9-2020-q2-update.win32_1.5.0.202011040924/tools/bin/../lib/gcc/arm-none-eabi/9.3.1/../../../../arm-none-eabi/lib/thumb/v7-m/nofp/crt0.o
LOAD Drivers/STM32F1xx_HAL_Driver/Src/stm32f1xx_hal.o
LOAD Drivers/STM32F1xx_HAL_Driver/Src/stm32f1xx_hal_cortex.o
LOAD Drivers/STM32F1xx_HAL_Driver/Src/stm32f1xx_hal_dma.o
LOAD Drivers/STM32F1xx_HAL_Driver/Src/stm32f1xx_hal_exti.o
LOAD Drivers/STM32F1xx_HAL_Driver/Src/stm32f1xx_hal_flash.o
LOAD Drivers/STM32F1xx_HAL_Driver/Src/stm32f1xx_hal_flash_ex.o
LOAD Drivers/STM32F1xx_HAL_Driver/Src/stm32f1xx_hal_gpio.o
LOAD Drivers/STM32F1xx_HAL_Driver/Src/stm32f1xx_hal_gpio_ex.o
LOAD Drivers/STM32F1xx_HAL_Driver/Src/stm32f1xx_hal_i2c.o
LOAD Drivers/STM32F1xx_HAL_Driver/Src/stm32f1xx_hal_pwr.o
LOAD Drivers/STM32F1xx_HAL_Driver/Src/stm32f1xx_hal_rcc.o
LOAD Drivers/STM32F1xx_HAL_Driver/Src/stm32f1xx_hal_rcc_ex.o
LOAD Drivers/STM32F1xx_HAL_Driver/Src/stm32f1xx_hal_tim.o
LOAD Drivers/STM32F1xx_HAL_Driver/Src/stm32f1xx_hal_tim_ex.o
LOAD Middlewares/Third_Party/FreeRTOS/Source/CMSIS_RTOS/cmsis_os.o
LOAD Middlewares/Third_Party/FreeRTOS/Source/croutine.o
LOAD Middlewares/Third_Party/FreeRTOS/Source/event_groups.o
LOAD Middlewares/Third_Party/FreeRTOS/Source/list.o
LOAD Middlewares/Third_Party/FreeRTOS/Source/queue.o
LOAD Middlewares/Third_Party/FreeRTOS/Source/stream_buffer.o
LOAD Middlewares/Third_Party/FreeRTOS/Source/tasks.o
LOAD Middlewares/Third_Party/FreeRTOS/Source/timers.o
LOAD Middlewares/Third_Party/FreeRTOS/Source/portable/GCC/ARM_CM3/port.o
LOAD Middlewares/Third_Party/FreeRTOS/Source/portable/MemMang/heap_4.o
LOAD Src/DS3231.o
LOAD Src/freertos.o
LOAD Src/main.o
LOAD Src/nixieDisplay.o
LOAD Src/stm32f1xx_hal_msp.o
LOAD Src/stm32f1xx_hal_timebase_tim.o
LOAD Src/stm32f1xx_it.o
LOAD Src/system_stm32f1xx.o
LOAD Yakindu/src-gen/Nixie.o
LOAD startup/startup_stm32f103xb.o
START GROUP
LOAD c:/st/stm32cubeide_1.6.1/stm32cubeide/plugins/com.st.stm32cube.ide.mcu.externaltools.gnu-tools-for-stm32.9-2020-q2-update.win32_1.5.0.202011040924/tools/bin/../lib/gcc/arm-none-eabi/9.3.1/../../../../arm-none-eabi/lib/thumb/v7-m/nofp\libc_nano.a
LOAD c:/st/stm32cubeide_1.6.1/stm32cubeide/plugins/com.st.stm32cube.ide.mcu.externaltools.gnu-tools-for-stm32.9-2020-q2-update.win32_1.5.0.202011040924/tools/bin/../lib/gcc/arm-none-eabi/9.3.1/../../../../arm-none-eabi/lib/thumb/v7-m/nofp\libm.a
END GROUP
START GROUP
LOAD c:/st/stm32cubeide_1.6.1/stm32cubeide/plugins/com.st.stm32cube.ide.mcu.externaltools.gnu-tools-for-stm32.9-2020-q2-update.win32_1.5.0.202011040924/tools/bin/../lib/gcc/arm-none-eabi/9.3.1/thumb/v7-m/nofp\libgcc.a
LOAD c:/st/stm32cubeide_1.6.1/stm32cubeide/plugins/com.st.stm32cube.ide.mcu.externaltools.gnu-tools-for-stm32.9-2020-q2-update.win32_1.5.0.202011040924/tools/bin/../lib/gcc/arm-none-eabi/9.3.1/../../../../arm-none-eabi/lib/thumb/v7-m/nofp\libc_nano.a
END GROUP
START GROUP
LOAD c:/st/stm32cubeide_1.6.1/stm32cubeide/plugins/com.st.stm32cube.ide.mcu.externaltools.gnu-tools-for-stm32.9-2020-q2-update.win32_1.5.0.202011040924/tools/bin/../lib/gcc/arm-none-eabi/9.3.1/thumb/v7-m/nofp\libgcc.a
LOAD c:/st/stm32cubeide_1.6.1/stm32cubeide/plugins/com.st.stm32cube.ide.mcu.externaltools.gnu-tools-for-stm32.9-2020-q2-update.win32_1.5.0.202011040924/tools/bin/../lib/gcc/arm-none-eabi/9.3.1/../../../../arm-none-eabi/lib/thumb/v7-m/nofp\libc_nano.a
LOAD c:/st/stm32cubeide_1.6.1/stm32cubeide/plugins/com.st.stm32cube.ide.mcu.externaltools.gnu-tools-for-stm32.9-2020-q2-update.win32_1.5.0.202011040924/tools/bin/../lib/gcc/arm-none-eabi/9.3.1/../../../../arm-none-eabi/lib/thumb/v7-m/nofp\libnosys.a
END GROUP
START GROUP
LOAD c:/st/stm32cubeide_1.6.1/stm32cubeide/plugins/com.st.stm32cube.ide.mcu.externaltools.gnu-tools-for-stm32.9-2020-q2-update.win32_1.5.0.202011040924/tools/bin/../lib/gcc/arm-none-eabi/9.3.1/thumb/v7-m/nofp\libgcc.a
LOAD c:/st/stm32cubeide_1.6.1/stm32cubeide/plugins/com.st.stm32cube.ide.mcu.externaltools.gnu-tools-for-stm32.9-2020-q2-update.win32_1.5.0.202011040924/tools/bin/../lib/gcc/arm-none-eabi/9.3.1/../../../../arm-none-eabi/lib/thumb/v7-m/nofp\libc_nano.a
LOAD c:/st/stm32cubeide_1.6.1/stm32cubeide/plugins/com.st.stm32cube.ide.mcu.externaltools.gnu-tools-for-stm32.9-2020-q2-update.win32_1.5.0.202011040924/tools/bin/../lib/gcc/arm-none-eabi/9.3.1/../../../../arm-none-eabi/lib/thumb/v7-m/nofp\libnosys.a
END GROUP
LOAD c:/st/stm32cubeide_1.6.1/stm32cubeide/plugins/com.st.stm32cube.ide.mcu.externaltools.gnu-tools-for-stm32.9-2020-q2-update.win32_1.5.0.202011040924/tools/bin/../lib/gcc/arm-none-eabi/9.3.1/thumb/v7-m/nofp/crtend.o
LOAD c:/st/stm32cubeide_1.6.1/stm32cubeide/plugins/com.st.stm32cube.ide.mcu.externaltools.gnu-tools-for-stm32.9-2020-q2-update.win32_1.5.0.202011040924/tools/bin/../lib/gcc/arm-none-eabi/9.3.1/thumb/v7-m/nofp/crtn.o
                0x0000000020005000                _estack = 0x20005000
                0x0000000000000200                _Min_Heap_Size = 0x200
                0x0000000000000400                _Min_Stack_Size = 0x400

.isr_vector     0x0000000008000000      0x10c
                0x0000000008000000                . = ALIGN (0x4)
 *(.isr_vector)
 .isr_vector    0x0000000008000000      0x10c startup/startup_stm32f103xb.o
                0x0000000008000000                g_pfnVectors
                0x000000000800010c                . = ALIGN (0x4)

.text           0x0000000008000110     0x6884
                0x0000000008000110                . = ALIGN (0x4)
 *(.text)
 .text          0x0000000008000110       0x40 c:/st/stm32cubeide_1.6.1/stm32cubeide/plugins/com.st.stm32cube.ide.mcu.externaltools.gnu-tools-for-stm32.9-2020-q2-update.win32_1.5.0.202011040924/tools/bin/../lib/gcc/arm-none-eabi/9.3.1/thumb/v7-m/nofp/crtbegin.o
 *(.text*)
 .text.HAL_Init
                0x0000000008000150       0x24 Drivers/STM32F1xx_HAL_Driver/Src/stm32f1xx_hal.o
                0x0000000008000150                HAL_Init
 .text.HAL_IncTick
                0x0000000008000174       0x18 Drivers/STM32F1xx_HAL_Driver/Src/stm32f1xx_hal.o
                0x0000000008000174                HAL_IncTick
 .text.HAL_GetTick
                0x000000000800018c        0xc Drivers/STM32F1xx_HAL_Driver/Src/stm32f1xx_hal.o
                0x000000000800018c                HAL_GetTick
 .text.HAL_NVIC_SetPriorityGrouping
                0x0000000008000198       0x24 Drivers/STM32F1xx_HAL_Driver/Src/stm32f1xx_hal_cortex.o
                0x0000000008000198                HAL_NVIC_SetPriorityGrouping
 .text.HAL_NVIC_SetPriority
                0x00000000080001bc       0x68 Drivers/STM32F1xx_HAL_Driver/Src/stm32f1xx_hal_cortex.o
                0x00000000080001bc                HAL_NVIC_SetPriority
 .text.HAL_NVIC_EnableIRQ
                0x0000000008000224       0x1c Drivers/STM32F1xx_HAL_Driver/Src/stm32f1xx_hal_cortex.o
                0x0000000008000224                HAL_NVIC_EnableIRQ
 .text.DMA_SetConfig
                0x0000000008000240       0x2c Drivers/STM32F1xx_HAL_Driver/Src/stm32f1xx_hal_dma.o
 .text.HAL_DMA_Init
                0x000000000800026c       0x6c Drivers/STM32F1xx_HAL_Driver/Src/stm32f1xx_hal_dma.o
                0x000000000800026c                HAL_DMA_Init
 .text.HAL_DMA_Start_IT
                0x00000000080002d8       0x74 Drivers/STM32F1xx_HAL_Driver/Src/stm32f1xx_hal_dma.o
                0x00000000080002d8                HAL_DMA_Start_IT
 .text.HAL_DMA_Abort_IT
                0x000000000800034c       0x98 Drivers/STM32F1xx_HAL_Driver/Src/stm32f1xx_hal_dma.o
                0x000000000800034c                HAL_DMA_Abort_IT
 .text.HAL_DMA_IRQHandler
                0x00000000080003e4      0x144 Drivers/STM32F1xx_HAL_Driver/Src/stm32f1xx_hal_dma.o
                0x00000000080003e4                HAL_DMA_IRQHandler
 .text.HAL_DMA_GetState
                0x0000000008000528        0x6 Drivers/STM32F1xx_HAL_Driver/Src/stm32f1xx_hal_dma.o
                0x0000000008000528                HAL_DMA_GetState
 *fill*         0x000000000800052e        0x2 
 .text.HAL_GPIO_Init
                0x0000000008000530      0x220 Drivers/STM32F1xx_HAL_Driver/Src/stm32f1xx_hal_gpio.o
                0x0000000008000530                HAL_GPIO_Init
 .text.HAL_GPIO_ReadPin
                0x0000000008000750        0xe Drivers/STM32F1xx_HAL_Driver/Src/stm32f1xx_hal_gpio.o
                0x0000000008000750                HAL_GPIO_ReadPin
 .text.HAL_GPIO_WritePin
                0x000000000800075e        0xc Drivers/STM32F1xx_HAL_Driver/Src/stm32f1xx_hal_gpio.o
                0x000000000800075e                HAL_GPIO_WritePin
 .text.HAL_GPIO_TogglePin
                0x000000000800076a       0x12 Drivers/STM32F1xx_HAL_Driver/Src/stm32f1xx_hal_gpio.o
                0x000000000800076a                HAL_GPIO_TogglePin
 .text.HAL_GPIO_EXTI_IRQHandler
                0x000000000800077c       0x1c Drivers/STM32F1xx_HAL_Driver/Src/stm32f1xx_hal_gpio.o
                0x000000000800077c                HAL_GPIO_EXTI_IRQHandler
 .text.I2C_Master_SB
                0x0000000008000798       0xa8 Drivers/STM32F1xx_HAL_Driver/Src/stm32f1xx_hal_i2c.o
 .text.I2C_Master_ADD10
                0x0000000008000840       0x2a Drivers/STM32F1xx_HAL_Driver/Src/stm32f1xx_hal_i2c.o
 .text.I2C_Master_ADDR
                0x000000000800086a      0x216 Drivers/STM32F1xx_HAL_Driver/Src/stm32f1xx_hal_i2c.o
 .text.I2C_SlaveTransmit_BTF
                0x0000000008000a80       0x20 Drivers/STM32F1xx_HAL_Driver/Src/stm32f1xx_hal_i2c.o
 .text.I2C_SlaveReceive_BTF
                0x0000000008000aa0       0x20 Drivers/STM32F1xx_HAL_Driver/Src/stm32f1xx_hal_i2c.o
 .text.I2C_WaitOnSTOPRequestThroughIT
                0x0000000008000ac0       0x48 Drivers/STM32F1xx_HAL_Driver/Src/stm32f1xx_hal_i2c.o
 .text.I2C_IsAcknowledgeFailed
                0x0000000008000b08       0x32 Drivers/STM32F1xx_HAL_Driver/Src/stm32f1xx_hal_i2c.o
 .text.I2C_ConvertOtherXferOptions
                0x0000000008000b3a       0x1e Drivers/STM32F1xx_HAL_Driver/Src/stm32f1xx_hal_i2c.o
 .text.I2C_WaitOnFlagUntilTimeout
                0x0000000008000b58       0x74 Drivers/STM32F1xx_HAL_Driver/Src/stm32f1xx_hal_i2c.o
 .text.I2C_WaitOnMasterAddressFlagUntilTimeout
                0x0000000008000bcc       0xaa Drivers/STM32F1xx_HAL_Driver/Src/stm32f1xx_hal_i2c.o
 *fill*         0x0000000008000c76        0x2 
 .text.I2C_MasterRequestWrite
                0x0000000008000c78       0xb4 Drivers/STM32F1xx_HAL_Driver/Src/stm32f1xx_hal_i2c.o
 .text.I2C_WaitOnTXEFlagUntilTimeout
                0x0000000008000d2c       0x54 Drivers/STM32F1xx_HAL_Driver/Src/stm32f1xx_hal_i2c.o
 .text.I2C_RequestMemoryRead
                0x0000000008000d80      0x154 Drivers/STM32F1xx_HAL_Driver/Src/stm32f1xx_hal_i2c.o
 .text.I2C_WaitOnBTFFlagUntilTimeout
                0x0000000008000ed4       0x54 Drivers/STM32F1xx_HAL_Driver/Src/stm32f1xx_hal_i2c.o
 .text.HAL_I2C_Init
                0x0000000008000f28      0x1bc Drivers/STM32F1xx_HAL_Driver/Src/stm32f1xx_hal_i2c.o
                0x0000000008000f28                HAL_I2C_Init
 .text.HAL_I2C_Master_Transmit
                0x00000000080010e4      0x178 Drivers/STM32F1xx_HAL_Driver/Src/stm32f1xx_hal_i2c.o
                0x00000000080010e4                HAL_I2C_Master_Transmit
 .text.HAL_I2C_Mem_Read_DMA
                0x000000000800125c      0x208 Drivers/STM32F1xx_HAL_Driver/Src/stm32f1xx_hal_i2c.o
                0x000000000800125c                HAL_I2C_Mem_Read_DMA
 .text.HAL_I2C_MasterTxCpltCallback
                0x0000000008001464        0x2 Drivers/STM32F1xx_HAL_Driver/Src/stm32f1xx_hal_i2c.o
                0x0000000008001464                HAL_I2C_MasterTxCpltCallback
 .text.HAL_I2C_MasterRxCpltCallback
                0x0000000008001466        0x2 Drivers/STM32F1xx_HAL_Driver/Src/stm32f1xx_hal_i2c.o
                0x0000000008001466                HAL_I2C_MasterRxCpltCallback
 .text.HAL_I2C_SlaveTxCpltCallback
                0x0000000008001468        0x2 Drivers/STM32F1xx_HAL_Driver/Src/stm32f1xx_hal_i2c.o
                0x0000000008001468                HAL_I2C_SlaveTxCpltCallback
 .text.I2C_SlaveTransmit_TXE
                0x000000000800146a       0x4c Drivers/STM32F1xx_HAL_Driver/Src/stm32f1xx_hal_i2c.o
 .text.HAL_I2C_SlaveRxCpltCallback
                0x00000000080014b6        0x2 Drivers/STM32F1xx_HAL_Driver/Src/stm32f1xx_hal_i2c.o
                0x00000000080014b6                HAL_I2C_SlaveRxCpltCallback
 .text.I2C_SlaveReceive_RXNE
                0x00000000080014b8       0x4c Drivers/STM32F1xx_HAL_Driver/Src/stm32f1xx_hal_i2c.o
 .text.HAL_I2C_AddrCallback
                0x0000000008001504        0x2 Drivers/STM32F1xx_HAL_Driver/Src/stm32f1xx_hal_i2c.o
                0x0000000008001504                HAL_I2C_AddrCallback
 .text.I2C_Slave_ADDR
                0x0000000008001506       0x5a Drivers/STM32F1xx_HAL_Driver/Src/stm32f1xx_hal_i2c.o
 .text.HAL_I2C_ListenCpltCallback
                0x0000000008001560        0x2 Drivers/STM32F1xx_HAL_Driver/Src/stm32f1xx_hal_i2c.o
                0x0000000008001560                HAL_I2C_ListenCpltCallback
 .text.HAL_I2C_MemTxCpltCallback
                0x0000000008001562        0x2 Drivers/STM32F1xx_HAL_Driver/Src/stm32f1xx_hal_i2c.o
                0x0000000008001562                HAL_I2C_MemTxCpltCallback
 .text.I2C_MasterTransmit_BTF
                0x0000000008001564       0x9e Drivers/STM32F1xx_HAL_Driver/Src/stm32f1xx_hal_i2c.o
 .text.I2C_MemoryTransmit_TXE_BTF
                0x0000000008001602       0xbe Drivers/STM32F1xx_HAL_Driver/Src/stm32f1xx_hal_i2c.o
 .text.I2C_MasterTransmit_TXE
                0x00000000080016c0       0xd0 Drivers/STM32F1xx_HAL_Driver/Src/stm32f1xx_hal_i2c.o
 .text.I2C_MasterReceive_BTF
                0x0000000008001790      0x128 Drivers/STM32F1xx_HAL_Driver/Src/stm32f1xx_hal_i2c.o
 .text.HAL_I2C_ErrorCallback
                0x00000000080018b8        0x2 Drivers/STM32F1xx_HAL_Driver/Src/stm32f1xx_hal_i2c.o
                0x00000000080018b8                HAL_I2C_ErrorCallback
 .text.I2C_DMAError
                0x00000000080018ba       0x3a Drivers/STM32F1xx_HAL_Driver/Src/stm32f1xx_hal_i2c.o
 .text.I2C_DMAXferCplt
                0x00000000080018f4      0x122 Drivers/STM32F1xx_HAL_Driver/Src/stm32f1xx_hal_i2c.o
 .text.I2C_MasterReceive_RXNE
                0x0000000008001a16       0xec Drivers/STM32F1xx_HAL_Driver/Src/stm32f1xx_hal_i2c.o
 .text.HAL_I2C_AbortCpltCallback
                0x0000000008001b02        0x2 Drivers/STM32F1xx_HAL_Driver/Src/stm32f1xx_hal_i2c.o
                0x0000000008001b02                HAL_I2C_AbortCpltCallback
 .text.I2C_DMAAbort
                0x0000000008001b04       0xe4 Drivers/STM32F1xx_HAL_Driver/Src/stm32f1xx_hal_i2c.o
 .text.I2C_ITError
                0x0000000008001be8      0x174 Drivers/STM32F1xx_HAL_Driver/Src/stm32f1xx_hal_i2c.o
 .text.I2C_Slave_STOPF
                0x0000000008001d5c      0x18c Drivers/STM32F1xx_HAL_Driver/Src/stm32f1xx_hal_i2c.o
 .text.HAL_I2C_EV_IRQHandler
                0x0000000008001ee8      0x1a0 Drivers/STM32F1xx_HAL_Driver/Src/stm32f1xx_hal_i2c.o
                0x0000000008001ee8                HAL_I2C_EV_IRQHandler
 .text.RCC_Delay
                0x0000000008002088       0x2c Drivers/STM32F1xx_HAL_Driver/Src/stm32f1xx_hal_rcc.o
 .text.HAL_RCC_OscConfig
                0x00000000080020b4      0x410 Drivers/STM32F1xx_HAL_Driver/Src/stm32f1xx_hal_rcc.o
                0x00000000080020b4                HAL_RCC_OscConfig
 .text.HAL_RCC_GetSysClockFreq
                0x00000000080024c4       0x6c Drivers/STM32F1xx_HAL_Driver/Src/stm32f1xx_hal_rcc.o
                0x00000000080024c4                HAL_RCC_GetSysClockFreq
 .text.HAL_RCC_ClockConfig
                0x0000000008002530      0x16c Drivers/STM32F1xx_HAL_Driver/Src/stm32f1xx_hal_rcc.o
                0x0000000008002530                HAL_RCC_ClockConfig
 .text.HAL_RCC_GetHCLKFreq
                0x000000000800269c        0xc Drivers/STM32F1xx_HAL_Driver/Src/stm32f1xx_hal_rcc.o
                0x000000000800269c                HAL_RCC_GetHCLKFreq
 .text.HAL_RCC_GetPCLK1Freq
                0x00000000080026a8       0x20 Drivers/STM32F1xx_HAL_Driver/Src/stm32f1xx_hal_rcc.o
                0x00000000080026a8                HAL_RCC_GetPCLK1Freq
 .text.HAL_RCC_GetPCLK2Freq
                0x00000000080026c8       0x20 Drivers/STM32F1xx_HAL_Driver/Src/stm32f1xx_hal_rcc.o
                0x00000000080026c8                HAL_RCC_GetPCLK2Freq
 .text.HAL_RCC_GetClockConfig
                0x00000000080026e8       0x3c Drivers/STM32F1xx_HAL_Driver/Src/stm32f1xx_hal_rcc.o
                0x00000000080026e8                HAL_RCC_GetClockConfig
 .text.TIM_TI1_ConfigInputStage
                0x0000000008002724       0x24 Drivers/STM32F1xx_HAL_Driver/Src/stm32f1xx_hal_tim.o
 .text.TIM_TI2_ConfigInputStage
                0x0000000008002748       0x26 Drivers/STM32F1xx_HAL_Driver/Src/stm32f1xx_hal_tim.o
 .text.TIM_ITRx_SetConfig
                0x000000000800276e       0x10 Drivers/STM32F1xx_HAL_Driver/Src/stm32f1xx_hal_tim.o
 *fill*         0x000000000800277e        0x2 
 .text.HAL_TIM_Base_Start_IT
                0x0000000008002780       0x68 Drivers/STM32F1xx_HAL_Driver/Src/stm32f1xx_hal_tim.o
                0x0000000008002780                HAL_TIM_Base_Start_IT
 .text.HAL_TIM_OC_DelayElapsedCallback
                0x00000000080027e8        0x2 Drivers/STM32F1xx_HAL_Driver/Src/stm32f1xx_hal_tim.o
                0x00000000080027e8                HAL_TIM_OC_DelayElapsedCallback
 .text.HAL_TIM_IC_CaptureCallback
                0x00000000080027ea        0x2 Drivers/STM32F1xx_HAL_Driver/Src/stm32f1xx_hal_tim.o
                0x00000000080027ea                HAL_TIM_IC_CaptureCallback
 .text.HAL_TIM_PWM_PulseFinishedCallback
                0x00000000080027ec        0x2 Drivers/STM32F1xx_HAL_Driver/Src/stm32f1xx_hal_tim.o
                0x00000000080027ec                HAL_TIM_PWM_PulseFinishedCallback
 .text.HAL_TIM_TriggerCallback
                0x00000000080027ee        0x2 Drivers/STM32F1xx_HAL_Driver/Src/stm32f1xx_hal_tim.o
                0x00000000080027ee                HAL_TIM_TriggerCallback
 .text.HAL_TIM_IRQHandler
                0x00000000080027f0      0x17a Drivers/STM32F1xx_HAL_Driver/Src/stm32f1xx_hal_tim.o
                0x00000000080027f0                HAL_TIM_IRQHandler
 *fill*         0x000000000800296a        0x2 
 .text.TIM_Base_SetConfig
                0x000000000800296c       0x74 Drivers/STM32F1xx_HAL_Driver/Src/stm32f1xx_hal_tim.o
                0x000000000800296c                TIM_Base_SetConfig
 .text.HAL_TIM_Base_Init
                0x00000000080029e0       0x58 Drivers/STM32F1xx_HAL_Driver/Src/stm32f1xx_hal_tim.o
                0x00000000080029e0                HAL_TIM_Base_Init
 .text.TIM_ETR_SetConfig
                0x0000000008002a38       0x16 Drivers/STM32F1xx_HAL_Driver/Src/stm32f1xx_hal_tim.o
                0x0000000008002a38                TIM_ETR_SetConfig
 .text.HAL_TIM_ConfigClockSource
                0x0000000008002a4e       0xda Drivers/STM32F1xx_HAL_Driver/Src/stm32f1xx_hal_tim.o
                0x0000000008002a4e                HAL_TIM_ConfigClockSource
 .text.HAL_TIMEx_MasterConfigSynchronization
                0x0000000008002b28       0x68 Drivers/STM32F1xx_HAL_Driver/Src/stm32f1xx_hal_tim_ex.o
                0x0000000008002b28                HAL_TIMEx_MasterConfigSynchronization
 .text.HAL_TIMEx_CommutCallback
                0x0000000008002b90        0x2 Drivers/STM32F1xx_HAL_Driver/Src/stm32f1xx_hal_tim_ex.o
                0x0000000008002b90                HAL_TIMEx_CommutCallback
 .text.HAL_TIMEx_BreakCallback
                0x0000000008002b92        0x2 Drivers/STM32F1xx_HAL_Driver/Src/stm32f1xx_hal_tim_ex.o
                0x0000000008002b92                HAL_TIMEx_BreakCallback
 .text.makeFreeRtosPriority
                0x0000000008002b94        0xc Middlewares/Third_Party/FreeRTOS/Source/CMSIS_RTOS/cmsis_os.o
 .text.osKernelStart
                0x0000000008002ba0        0xa Middlewares/Third_Party/FreeRTOS/Source/CMSIS_RTOS/cmsis_os.o
                0x0000000008002ba0                osKernelStart
 .text.osThreadCreate
                0x0000000008002baa       0x6a Middlewares/Third_Party/FreeRTOS/Source/CMSIS_RTOS/cmsis_os.o
                0x0000000008002baa                osThreadCreate
 .text.osDelay  0x0000000008002c14        0xe Middlewares/Third_Party/FreeRTOS/Source/CMSIS_RTOS/cmsis_os.o
                0x0000000008002c14                osDelay
 .text.osSemaphoreCreate
                0x0000000008002c22       0x48 Middlewares/Third_Party/FreeRTOS/Source/CMSIS_RTOS/cmsis_os.o
                0x0000000008002c22                osSemaphoreCreate
 .text.osMessageCreate
                0x0000000008002c6a       0x2a Middlewares/Third_Party/FreeRTOS/Source/CMSIS_RTOS/cmsis_os.o
                0x0000000008002c6a                osMessageCreate
 .text.vListInitialise
                0x0000000008002c94       0x16 Middlewares/Third_Party/FreeRTOS/Source/list.o
                0x0000000008002c94                vListInitialise
 .text.vListInitialiseItem
                0x0000000008002caa        0x6 Middlewares/Third_Party/FreeRTOS/Source/list.o
                0x0000000008002caa                vListInitialiseItem
 .text.vListInsertEnd
                0x0000000008002cb0       0x16 Middlewares/Third_Party/FreeRTOS/Source/list.o
                0x0000000008002cb0                vListInsertEnd
 .text.vListInsert
                0x0000000008002cc6       0x32 Middlewares/Third_Party/FreeRTOS/Source/list.o
                0x0000000008002cc6                vListInsert
 .text.uxListRemove
                0x0000000008002cf8       0x26 Middlewares/Third_Party/FreeRTOS/Source/list.o
                0x0000000008002cf8                uxListRemove
 .text.prvGetDisinheritPriorityAfterTimeout
                0x0000000008002d1e       0x10 Middlewares/Third_Party/FreeRTOS/Source/queue.o
 .text.prvIsQueueFull
                0x0000000008002d2e       0x1e Middlewares/Third_Party/FreeRTOS/Source/queue.o
 .text.prvIsQueueEmpty
                0x0000000008002d4c       0x1a Middlewares/Third_Party/FreeRTOS/Source/queue.o
 .text.prvCopyDataToQueue
                0x0000000008002d66       0x76 Middlewares/Third_Party/FreeRTOS/Source/queue.o
 .text.prvCopyDataFromQueue
                0x0000000008002ddc       0x24 Middlewares/Third_Party/FreeRTOS/Source/queue.o
 .text.prvUnlockQueue
                0x0000000008002e00       0x6e Middlewares/Third_Party/FreeRTOS/Source/queue.o
 *fill*         0x0000000008002e6e        0x2 
 .text.xQueueGenericReset
                0x0000000008002e70       0x84 Middlewares/Third_Party/FreeRTOS/Source/queue.o
                0x0000000008002e70                xQueueGenericReset
 .text.prvInitialiseNewQueue
                0x0000000008002ef4       0x1c Middlewares/Third_Party/FreeRTOS/Source/queue.o
 .text.xQueueGenericCreateStatic
                0x0000000008002f10       0x92 Middlewares/Third_Party/FreeRTOS/Source/queue.o
                0x0000000008002f10                xQueueGenericCreateStatic
 .text.xQueueGenericCreate
                0x0000000008002fa2       0x4e Middlewares/Third_Party/FreeRTOS/Source/queue.o
                0x0000000008002fa2                xQueueGenericCreate
 .text.xQueueGenericSend
                0x0000000008002ff0      0x180 Middlewares/Third_Party/FreeRTOS/Source/queue.o
                0x0000000008002ff0                xQueueGenericSend
 .text.xQueueGiveFromISR
                0x0000000008003170       0xb2 Middlewares/Third_Party/FreeRTOS/Source/queue.o
                0x0000000008003170                xQueueGiveFromISR
 *fill*         0x0000000008003222        0x2 
 .text.xQueueReceive
                0x0000000008003224      0x15c Middlewares/Third_Party/FreeRTOS/Source/queue.o
                0x0000000008003224                xQueueReceive
 .text.xQueueSemaphoreTake
                0x0000000008003380      0x1a4 Middlewares/Third_Party/FreeRTOS/Source/queue.o
                0x0000000008003380                xQueueSemaphoreTake
 .text.prvResetNextTaskUnblockTime
                0x0000000008003524       0x24 Middlewares/Third_Party/FreeRTOS/Source/tasks.o
 .text.prvInitialiseNewTask
                0x0000000008003548       0x88 Middlewares/Third_Party/FreeRTOS/Source/tasks.o
 .text.prvInitialiseTaskLists
                0x00000000080035d0       0x58 Middlewares/Third_Party/FreeRTOS/Source/tasks.o
 .text.prvAddNewTaskToReadyList
                0x0000000008003628       0xac Middlewares/Third_Party/FreeRTOS/Source/tasks.o
 .text.prvDeleteTCB
                0x00000000080036d4       0x38 Middlewares/Third_Party/FreeRTOS/Source/tasks.o
 .text.prvCheckTasksWaitingTermination
                0x000000000800370c       0x44 Middlewares/Third_Party/FreeRTOS/Source/tasks.o
 .text.prvIdleTask
                0x0000000008003750       0x28 Middlewares/Third_Party/FreeRTOS/Source/tasks.o
 .text.prvAddCurrentTaskToDelayedList
                0x0000000008003778       0x88 Middlewares/Third_Party/FreeRTOS/Source/tasks.o
 .text.xTaskCreateStatic
                0x0000000008003800       0x72 Middlewares/Third_Party/FreeRTOS/Source/tasks.o
                0x0000000008003800                xTaskCreateStatic
 .text.xTaskCreate
                0x0000000008003872       0x68 Middlewares/Third_Party/FreeRTOS/Source/tasks.o
                0x0000000008003872                xTaskCreate
 *fill*         0x00000000080038da        0x2 
 .text.vTaskStartScheduler
                0x00000000080038dc       0x64 Middlewares/Third_Party/FreeRTOS/Source/tasks.o
                0x00000000080038dc                vTaskStartScheduler
 .text.vTaskSuspendAll
                0x0000000008003940       0x14 Middlewares/Third_Party/FreeRTOS/Source/tasks.o
                0x0000000008003940                vTaskSuspendAll
 .text.xTaskIncrementTick
                0x0000000008003954      0x10c Middlewares/Third_Party/FreeRTOS/Source/tasks.o
                0x0000000008003954                xTaskIncrementTick
 .text.xTaskResumeAll
                0x0000000008003a60       0xf0 Middlewares/Third_Party/FreeRTOS/Source/tasks.o
                0x0000000008003a60                xTaskResumeAll
 .text.vTaskDelay
                0x0000000008003b50       0x4c Middlewares/Third_Party/FreeRTOS/Source/tasks.o
                0x0000000008003b50                vTaskDelay
 .text.vTaskSwitchContext
                0x0000000008003b9c       0x90 Middlewares/Third_Party/FreeRTOS/Source/tasks.o
                0x0000000008003b9c                vTaskSwitchContext
 .text.vTaskPlaceOnEventList
                0x0000000008003c2c       0x34 Middlewares/Third_Party/FreeRTOS/Source/tasks.o
                0x0000000008003c2c                vTaskPlaceOnEventList
 .text.xTaskRemoveFromEventList
                0x0000000008003c60       0x84 Middlewares/Third_Party/FreeRTOS/Source/tasks.o
                0x0000000008003c60                xTaskRemoveFromEventList
 .text.vTaskInternalSetTimeOutState
                0x0000000008003ce4       0x14 Middlewares/Third_Party/FreeRTOS/Source/tasks.o
                0x0000000008003ce4                vTaskInternalSetTimeOutState
 .text.xTaskCheckForTimeOut
                0x0000000008003cf8       0x84 Middlewares/Third_Party/FreeRTOS/Source/tasks.o
                0x0000000008003cf8                xTaskCheckForTimeOut
 .text.vTaskMissedYield
                0x0000000008003d7c       0x10 Middlewares/Third_Party/FreeRTOS/Source/tasks.o
                0x0000000008003d7c                vTaskMissedYield
 .text.xTaskGetSchedulerState
                0x0000000008003d8c       0x20 Middlewares/Third_Party/FreeRTOS/Source/tasks.o
                0x0000000008003d8c                xTaskGetSchedulerState
 .text.xTaskPriorityInherit
                0x0000000008003dac       0xcc Middlewares/Third_Party/FreeRTOS/Source/tasks.o
                0x0000000008003dac                xTaskPriorityInherit
 .text.xTaskPriorityDisinherit
                0x0000000008003e78       0xb8 Middlewares/Third_Party/FreeRTOS/Source/tasks.o
                0x0000000008003e78                xTaskPriorityDisinherit
 .text.vTaskPriorityDisinheritAfterTimeout
                0x0000000008003f30       0xcc Middlewares/Third_Party/FreeRTOS/Source/tasks.o
                0x0000000008003f30                vTaskPriorityDisinheritAfterTimeout
 .text.pvTaskIncrementMutexHeldCount
                0x0000000008003ffc       0x20 Middlewares/Third_Party/FreeRTOS/Source/tasks.o
                0x0000000008003ffc                pvTaskIncrementMutexHeldCount
 .text.prvTaskExitError
                0x000000000800401c       0x40 Middlewares/Third_Party/FreeRTOS/Source/portable/GCC/ARM_CM3/port.o
 .text.prvPortStartFirstTask
                0x000000000800405c       0x20 Middlewares/Third_Party/FreeRTOS/Source/portable/GCC/ARM_CM3/port.o
 .text.pxPortInitialiseStack
                0x000000000800407c       0x24 Middlewares/Third_Party/FreeRTOS/Source/portable/GCC/ARM_CM3/port.o
                0x000000000800407c                pxPortInitialiseStack
 .text.SVC_Handler
                0x00000000080040a0       0x24 Middlewares/Third_Party/FreeRTOS/Source/portable/GCC/ARM_CM3/port.o
                0x00000000080040a0                SVC_Handler
 .text.vPortEnterCritical
                0x00000000080040c4       0x44 Middlewares/Third_Party/FreeRTOS/Source/portable/GCC/ARM_CM3/port.o
                0x00000000080040c4                vPortEnterCritical
 .text.vPortExitCritical
                0x0000000008004108       0x2c Middlewares/Third_Party/FreeRTOS/Source/portable/GCC/ARM_CM3/port.o
                0x0000000008004108                vPortExitCritical
 *fill*         0x0000000008004134        0xc 
 .text.PendSV_Handler
                0x0000000008004140       0x44 Middlewares/Third_Party/FreeRTOS/Source/portable/GCC/ARM_CM3/port.o
                0x0000000008004140                PendSV_Handler
 .text.SysTick_Handler
                0x0000000008004184       0x2c Middlewares/Third_Party/FreeRTOS/Source/portable/GCC/ARM_CM3/port.o
                0x0000000008004184                SysTick_Handler
 .text.vPortSetupTimerInterrupt
                0x00000000080041b0       0x38 Middlewares/Third_Party/FreeRTOS/Source/portable/GCC/ARM_CM3/port.o
                0x00000000080041b0                vPortSetupTimerInterrupt
 .text.xPortStartScheduler
                0x00000000080041e8       0xb4 Middlewares/Third_Party/FreeRTOS/Source/portable/GCC/ARM_CM3/port.o
                0x00000000080041e8                xPortStartScheduler
 .text.vPortValidateInterruptPriority
                0x000000000800429c       0x58 Middlewares/Third_Party/FreeRTOS/Source/portable/GCC/ARM_CM3/port.o
                0x000000000800429c                vPortValidateInterruptPriority
 .text.prvHeapInit
                0x00000000080042f4       0x4c Middlewares/Third_Party/FreeRTOS/Source/portable/MemMang/heap_4.o
 .text.prvInsertBlockIntoFreeList
                0x0000000008004340       0x50 Middlewares/Third_Party/FreeRTOS/Source/portable/MemMang/heap_4.o
 .text.pvPortMalloc
                0x0000000008004390       0xdc Middlewares/Third_Party/FreeRTOS/Source/portable/MemMang/heap_4.o
                0x0000000008004390                pvPortMalloc
 .text.vPortFree
                0x000000000800446c       0x6c Middlewares/Third_Party/FreeRTOS/Source/portable/MemMang/heap_4.o
                0x000000000800446c                vPortFree
 .text.getRTC   0x00000000080044d8       0x20 Src/DS3231.o
                0x00000000080044d8                getRTC
 .text.Display  0x00000000080044f8       0x48 Src/DS3231.o
                0x00000000080044f8                Display
 .text.setConfigRTC
                0x0000000008004540       0x3e Src/DS3231.o
                0x0000000008004540                setConfigRTC
 .text.stopAlarm
                0x000000000800457e       0x24 Src/DS3231.o
                0x000000000800457e                stopAlarm
 *fill*         0x00000000080045a2        0x2 
 .text.enableAlarm
                0x00000000080045a4       0x40 Src/DS3231.o
                0x00000000080045a4                enableAlarm
 .text.increase
                0x00000000080045e4      0x270 Src/DS3231.o
                0x00000000080045e4                increase
 .text.resetVarRTC
                0x0000000008004854       0x24 Src/DS3231.o
                0x0000000008004854                resetVarRTC
 .text.setRTC   0x0000000008004878      0x17c Src/DS3231.o
                0x0000000008004878                setRTC
 .text.loadRTC  0x00000000080049f4      0x128 Src/DS3231.o
                0x00000000080049f4                loadRTC
 .text.vApplicationGetIdleTaskMemory
                0x0000000008004b1c       0x14 Src/freertos.o
                0x0000000008004b1c                vApplicationGetIdleTaskMemory
 .text.MX_GPIO_Init
                0x0000000008004b30      0x134 Src/main.o
 .text.MX_DMA_Init
                0x0000000008004c64       0x34 Src/main.o
 .text.MX_TIM2_Init
                0x0000000008004c98       0x54 Src/main.o
 .text.MX_TIM3_Init
                0x0000000008004cec       0x54 Src/main.o
 .text.MX_TIM4_Init
                0x0000000008004d40       0x54 Src/main.o
 .text.MX_I2C2_Init
                0x0000000008004d94       0x34 Src/main.o
 .text.StartButtosTask
                0x0000000008004dc8       0x28 Src/main.o
                0x0000000008004dc8                StartButtosTask
 .text.StartAlarmTask
                0x0000000008004df0       0x1c Src/main.o
                0x0000000008004df0                StartAlarmTask
 .text.event    0x0000000008004e0c       0xf8 Src/main.o
                0x0000000008004e0c                event
 .text.StartPullingTask
                0x0000000008004f04       0x34 Src/main.o
                0x0000000008004f04                StartPullingTask
 .text.SystemClock_Config
                0x0000000008004f38       0x52 Src/main.o
                0x0000000008004f38                SystemClock_Config
 *fill*         0x0000000008004f8a        0x2 
 .text.main     0x0000000008004f8c       0xcc Src/main.o
                0x0000000008004f8c                main
 .text.HAL_GPIO_EXTI_Callback
                0x0000000008005058       0x3c Src/main.o
                0x0000000008005058                HAL_GPIO_EXTI_Callback
 .text.HAL_I2C_MemRxCpltCallback
                0x0000000008005094       0x18 Src/main.o
                0x0000000008005094                HAL_I2C_MemRxCpltCallback
 .text.HAL_TIM_PeriodElapsedCallback
                0x00000000080050ac       0xd8 Src/main.o
                0x00000000080050ac                HAL_TIM_PeriodElapsedCallback
 .text.Error_Handler
                0x0000000008005184        0x2 Src/main.o
                0x0000000008005184                Error_Handler
 *fill*         0x0000000008005186        0x2 
 .text.resetGpio
                0x0000000008005188      0x120 Src/nixieDisplay.o
                0x0000000008005188                resetGpio
 .text.resetVarNixie
                0x00000000080052a8       0x2c Src/nixieDisplay.o
                0x00000000080052a8                resetVarNixie
 .text.nixieLed
                0x00000000080052d4       0xd8 Src/nixieDisplay.o
                0x00000000080052d4                nixieLed
 .text.nixieDisplay
                0x00000000080053ac      0x268 Src/nixieDisplay.o
                0x00000000080053ac                nixieDisplay
 .text.nixieIface_increase
                0x0000000008005614        0xe Src/nixieDisplay.o
                0x0000000008005614                nixieIface_increase
 *fill*         0x0000000008005622        0x2 
 .text.nixieIface_show
                0x0000000008005624        0xc Src/nixieDisplay.o
                0x0000000008005624                nixieIface_show
 .text.nixieIface_increaseLed
                0x0000000008005630       0x14 Src/nixieDisplay.o
                0x0000000008005630                nixieIface_increaseLed
 .text.nixieIface_init
                0x0000000008005644       0x34 Src/nixieDisplay.o
                0x0000000008005644                nixieIface_init
 .text.nixieIface_showLed
                0x0000000008005678        0xc Src/nixieDisplay.o
                0x0000000008005678                nixieIface_showLed
 .text.nixieIface_ledPower
                0x0000000008005684        0xc Src/nixieDisplay.o
                0x0000000008005684                nixieIface_ledPower
 .text.nixieIface_send
                0x0000000008005690       0x10 Src/nixieDisplay.o
                0x0000000008005690                nixieIface_send
 .text.nixieIface_nixiePower
                0x00000000080056a0        0xc Src/nixieDisplay.o
                0x00000000080056a0                nixieIface_nixiePower
 .text.nixieIface_buzzer
                0x00000000080056ac        0xc Src/nixieDisplay.o
                0x00000000080056ac                nixieIface_buzzer
 .text.nixieIface_swapAlarm
                0x00000000080056b8       0x20 Src/nixieDisplay.o
                0x00000000080056b8                nixieIface_swapAlarm
 .text.nixieIface_swapLedFlag
                0x00000000080056d8       0x10 Src/nixieDisplay.o
                0x00000000080056d8                nixieIface_swapLedFlag
 .text.nixieIface_alarmFlag
                0x00000000080056e8       0x10 Src/nixieDisplay.o
                0x00000000080056e8                nixieIface_alarmFlag
 .text.nixieIface_resetVar
                0x00000000080056f8        0x8 Src/nixieDisplay.o
                0x00000000080056f8                nixieIface_resetVar
 .text.nixieInit
                0x0000000008005700       0x1c Src/nixieDisplay.o
                0x0000000008005700                nixieInit
 .text.nixieEvent
                0x000000000800571c       0x44 Src/nixieDisplay.o
                0x000000000800571c                nixieEvent
 .text.stateTimer_start
                0x0000000008005760       0x64 Src/nixieDisplay.o
                0x0000000008005760                stateTimer_start
 .text.nixie_setTimer
                0x00000000080057c4       0x18 Src/nixieDisplay.o
                0x00000000080057c4                nixie_setTimer
 .text.stateTimer_update
                0x00000000080057dc       0x64 Src/nixieDisplay.o
                0x00000000080057dc                stateTimer_update
 .text.stateTimer_stop
                0x0000000008005840       0x40 Src/nixieDisplay.o
                0x0000000008005840                stateTimer_stop
 .text.nixie_unsetTimer
                0x0000000008005880        0xa Src/nixieDisplay.o
                0x0000000008005880                nixie_unsetTimer
 *fill*         0x000000000800588a        0x2 
 .text.nixieTickUpdate
                0x000000000800588c       0x14 Src/nixieDisplay.o
                0x000000000800588c                nixieTickUpdate
 .text.nixieBuzzer
                0x00000000080058a0       0x54 Src/nixieDisplay.o
                0x00000000080058a0                nixieBuzzer
 .text.HAL_MspInit
                0x00000000080058f4       0x54 Src/stm32f1xx_hal_msp.o
                0x00000000080058f4                HAL_MspInit
 .text.HAL_I2C_MspInit
                0x0000000008005948       0xac Src/stm32f1xx_hal_msp.o
                0x0000000008005948                HAL_I2C_MspInit
 .text.HAL_TIM_Base_MspInit
                0x00000000080059f4       0xa0 Src/stm32f1xx_hal_msp.o
                0x00000000080059f4                HAL_TIM_Base_MspInit
 .text.HAL_InitTick
                0x0000000008005a94       0x78 Src/stm32f1xx_hal_timebase_tim.o
                0x0000000008005a94                HAL_InitTick
 .text.NMI_Handler
                0x0000000008005b0c        0x2 Src/stm32f1xx_it.o
                0x0000000008005b0c                NMI_Handler
 .text.HardFault_Handler
                0x0000000008005b0e        0x2 Src/stm32f1xx_it.o
                0x0000000008005b0e                HardFault_Handler
 .text.MemManage_Handler
                0x0000000008005b10        0x2 Src/stm32f1xx_it.o
                0x0000000008005b10                MemManage_Handler
 .text.BusFault_Handler
                0x0000000008005b12        0x2 Src/stm32f1xx_it.o
                0x0000000008005b12                BusFault_Handler
 .text.UsageFault_Handler
                0x0000000008005b14        0x2 Src/stm32f1xx_it.o
                0x0000000008005b14                UsageFault_Handler
 .text.DebugMon_Handler
                0x0000000008005b16        0x2 Src/stm32f1xx_it.o
                0x0000000008005b16                DebugMon_Handler
 .text.EXTI1_IRQHandler
                0x0000000008005b18        0xa Src/stm32f1xx_it.o
                0x0000000008005b18                EXTI1_IRQHandler
 *fill*         0x0000000008005b22        0x2 
 .text.DMA1_Channel5_IRQHandler
                0x0000000008005b24       0x10 Src/stm32f1xx_it.o
                0x0000000008005b24                DMA1_Channel5_IRQHandler
 .text.TIM1_UP_IRQHandler
                0x0000000008005b34       0x10 Src/stm32f1xx_it.o
                0x0000000008005b34                TIM1_UP_IRQHandler
 .text.TIM2_IRQHandler
                0x0000000008005b44       0x10 Src/stm32f1xx_it.o
                0x0000000008005b44                TIM2_IRQHandler
 .text.TIM3_IRQHandler
                0x0000000008005b54       0x10 Src/stm32f1xx_it.o
                0x0000000008005b54                TIM3_IRQHandler
 .text.TIM4_IRQHandler
                0x0000000008005b64       0x10 Src/stm32f1xx_it.o
                0x0000000008005b64                TIM4_IRQHandler
 .text.I2C2_EV_IRQHandler
                0x0000000008005b74       0x10 Src/stm32f1xx_it.o
                0x0000000008005b74                I2C2_EV_IRQHandler
 .text.SystemInit
                0x0000000008005b84       0x4c Src/system_stm32f1xx.o
                0x0000000008005b84                SystemInit
 .text.clearInEvents
                0x0000000008005bd0       0x1c Yakindu/src-gen/Nixie.o
 .text.check_t__choice_0_tr0_tr0
                0x0000000008005bec        0xc Yakindu/src-gen/Nixie.o
 .text.check_t__choice_0_tr2_tr2
                0x0000000008005bf8        0xc Yakindu/src-gen/Nixie.o
 .text.enact_t_MODE2
                0x0000000008005c04        0x6 Yakindu/src-gen/Nixie.o
 .text.enseq_t_START_Configuration_Hour_default
                0x0000000008005c0a        0xa Yakindu/src-gen/Nixie.o
 .text.enseq_t_START_Configuration_Minutes_default
                0x0000000008005c14        0xa Yakindu/src-gen/Nixie.o
 .text.enseq_t_START_Configuration_Year_default
                0x0000000008005c1e        0xa Yakindu/src-gen/Nixie.o
 .text.enseq_t_START_Configuration_Month_default
                0x0000000008005c28        0xa Yakindu/src-gen/Nixie.o
 .text.enseq_t_START_Configuration_Day_default
                0x0000000008005c32        0xa Yakindu/src-gen/Nixie.o
 .text.enseq_t_MODE1_Awake_Awake_default
                0x0000000008005c3c        0xa Yakindu/src-gen/Nixie.o
 .text.enseq_t_MODE3_Alarm_AlarmConfig_default
                0x0000000008005c46        0xa Yakindu/src-gen/Nixie.o
 .text.enseq_t_MODE3_Alarm_Hour_default
                0x0000000008005c50        0xa Yakindu/src-gen/Nixie.o
 .text.enseq_t_MODE3_Alarm_Minute_default
                0x0000000008005c5a        0xa Yakindu/src-gen/Nixie.o
 .text.exseq_t_START_Configuration_Config
                0x0000000008005c64        0x8 Yakindu/src-gen/Nixie.o
 .text.exseq_t_START_Configuration_Hour
                0x0000000008005c6c        0x8 Yakindu/src-gen/Nixie.o
 .text.exseq_t_START_Configuration_Minutes
                0x0000000008005c74        0x8 Yakindu/src-gen/Nixie.o
 .text.exseq_t_START_Configuration_Year
                0x0000000008005c7c        0x8 Yakindu/src-gen/Nixie.o
 .text.exseq_t_START_Configuration_Month
                0x0000000008005c84        0x8 Yakindu/src-gen/Nixie.o
 .text.exseq_t_START_Configuration_Day
                0x0000000008005c8c        0x8 Yakindu/src-gen/Nixie.o
 .text.exseq_t_MODE1_Awake_Awake
                0x0000000008005c94        0x8 Yakindu/src-gen/Nixie.o
 .text.exseq_t_MODE2_Sleep_Sleep
                0x0000000008005c9c        0x8 Yakindu/src-gen/Nixie.o
 .text.exseq_t_MODE3_Alarm_AlarmConfig
                0x0000000008005ca4        0x8 Yakindu/src-gen/Nixie.o
 .text.exseq_t_MODE3_Alarm_Hour
                0x0000000008005cac        0x8 Yakindu/src-gen/Nixie.o
 .text.exseq_t_MODE3_Alarm_Minute
                0x0000000008005cb4        0x8 Yakindu/src-gen/Nixie.o
 .text.exseq_t_START_Configuration
                0x0000000008005cbc       0x38 Yakindu/src-gen/Nixie.o
 .text.exseq_t_MODE3_Alarm
                0x0000000008005cf4       0x24 Yakindu/src-gen/Nixie.o
 .text.react_t_MODE1_Awake__entry_Default
                0x0000000008005d18        0x8 Yakindu/src-gen/Nixie.o
 .text.enseq_t_MODE1_Awake_default
                0x0000000008005d20        0x8 Yakindu/src-gen/Nixie.o
 .text.react_t_MODE3_Alarm__entry_Default
                0x0000000008005d28        0x8 Yakindu/src-gen/Nixie.o
 .text.enseq_t_MODE3_Alarm_default
                0x0000000008005d30        0x8 Yakindu/src-gen/Nixie.o
 .text.react    0x0000000008005d38        0x4 Yakindu/src-gen/Nixie.o
 .text.enact_t_START
                0x0000000008005d3c        0x8 Yakindu/src-gen/Nixie.o
 .text.enact_t_START_Configuration_Config
                0x0000000008005d44       0x14 Yakindu/src-gen/Nixie.o
 .text.enseq_t_START_Configuration_Config_default
                0x0000000008005d58       0x12 Yakindu/src-gen/Nixie.o
 .text.react_t_START_Configuration__entry_Default
                0x0000000008005d6a        0x8 Yakindu/src-gen/Nixie.o
 .text.enseq_t_START_Configuration_default
                0x0000000008005d72        0x8 Yakindu/src-gen/Nixie.o
 .text.enseq_t_START_default
                0x0000000008005d7a       0x10 Yakindu/src-gen/Nixie.o
 .text.react_t__entry_Default
                0x0000000008005d8a        0x8 Yakindu/src-gen/Nixie.o
 .text.enseq_t_default
                0x0000000008005d92        0x8 Yakindu/src-gen/Nixie.o
 .text.exact_t_START
                0x0000000008005d9a        0x8 Yakindu/src-gen/Nixie.o
 .text.exseq_t_START
                0x0000000008005da2       0x10 Yakindu/src-gen/Nixie.o
 .text.exact_t_MODE3
                0x0000000008005db2        0x8 Yakindu/src-gen/Nixie.o
 .text.exseq_t_MODE3
                0x0000000008005dba       0x10 Yakindu/src-gen/Nixie.o
 .text.enact_t_MODE1
                0x0000000008005dca       0x1e Yakindu/src-gen/Nixie.o
 .text.enseq_t_MODE1_default
                0x0000000008005de8       0x10 Yakindu/src-gen/Nixie.o
 .text.t_START_react
                0x0000000008005df8       0x26 Yakindu/src-gen/Nixie.o
 .text.t_START_Configuration_Config_react
                0x0000000008005e1e       0x32 Yakindu/src-gen/Nixie.o
 .text.effect_t__choice_0_tr1
                0x0000000008005e50        0x8 Yakindu/src-gen/Nixie.o
 .text.enact_t_MODE3
                0x0000000008005e58       0x20 Yakindu/src-gen/Nixie.o
 .text.enseq_t_MODE3_default
                0x0000000008005e78       0x10 Yakindu/src-gen/Nixie.o
 .text.effect_t__choice_0_tr2
                0x0000000008005e88        0x8 Yakindu/src-gen/Nixie.o
 .text.t_START_Configuration_Hour_react
                0x0000000008005e90       0x46 Yakindu/src-gen/Nixie.o
 .text.t_START_Configuration_Year_react
                0x0000000008005ed6       0x46 Yakindu/src-gen/Nixie.o
 .text.t_START_Configuration_Month_react
                0x0000000008005f1c       0x46 Yakindu/src-gen/Nixie.o
 .text.t_START_Configuration_Minutes_react
                0x0000000008005f62       0x5e Yakindu/src-gen/Nixie.o
 .text.t_START_Configuration_Day_react
                0x0000000008005fc0       0x4e Yakindu/src-gen/Nixie.o
 .text.enact_t_Alarm
                0x000000000800600e       0x22 Yakindu/src-gen/Nixie.o
 .text.enact_t_MODE1_Awake_Date
                0x0000000008006030       0x24 Yakindu/src-gen/Nixie.o
 .text.enseq_t_MODE1_Awake_Date_default
                0x0000000008006054       0x12 Yakindu/src-gen/Nixie.o
 .text.enact_t_MODE1_Awake_Temperature
                0x0000000008006066       0x24 Yakindu/src-gen/Nixie.o
 .text.enseq_t_MODE1_Awake_Temperature_default
                0x000000000800608a       0x12 Yakindu/src-gen/Nixie.o
 .text.enact_t_MODE2_Sleep_Date
                0x000000000800609c       0x24 Yakindu/src-gen/Nixie.o
 .text.enseq_t_MODE2_Sleep_Date_default
                0x00000000080060c0       0x12 Yakindu/src-gen/Nixie.o
 .text.enact_t_MODE2_Sleep_Temperature
                0x00000000080060d2       0x24 Yakindu/src-gen/Nixie.o
 .text.enseq_t_MODE2_Sleep_Temperature_default
                0x00000000080060f6       0x12 Yakindu/src-gen/Nixie.o
 .text.enact_t_Alarm_Alarm_Alarm_ON_
                0x0000000008006108       0x20 Yakindu/src-gen/Nixie.o
 .text.enseq_t_Alarm_Alarm_Alarm_ON__default
                0x0000000008006128       0x12 Yakindu/src-gen/Nixie.o
 .text.react_t_Alarm_Alarm__entry_Default
                0x000000000800613a        0x8 Yakindu/src-gen/Nixie.o
 .text.enseq_t_Alarm_Alarm_default
                0x0000000008006142        0x8 Yakindu/src-gen/Nixie.o
 .text.enseq_t_Alarm_default
                0x000000000800614a       0x10 Yakindu/src-gen/Nixie.o
 .text.t_MODE3_react
                0x000000000800615a       0x38 Yakindu/src-gen/Nixie.o
 .text.t_MODE3_Alarm_Hour_react
                0x0000000008006192       0x46 Yakindu/src-gen/Nixie.o
 .text.t_MODE3_Alarm_Minute_react
                0x00000000080061d8       0x56 Yakindu/src-gen/Nixie.o
 .text.exact_t_Alarm
                0x000000000800622e        0xc Yakindu/src-gen/Nixie.o
 *fill*         0x000000000800623a        0x2 
 .text.enact_t_Alarm_Alarm_Alarm_OFF_
                0x000000000800623c       0x24 Yakindu/src-gen/Nixie.o
 .text.enseq_t_Alarm_Alarm_Alarm_OFF__default
                0x0000000008006260       0x12 Yakindu/src-gen/Nixie.o
 .text.exact_t_MODE1_Awake_Date
                0x0000000008006272        0xc Yakindu/src-gen/Nixie.o
 .text.exseq_t_MODE1_Awake_Date
                0x000000000800627e        0xe Yakindu/src-gen/Nixie.o
 .text.exact_t_MODE1_Awake_Temperature
                0x000000000800628c       0x1e Yakindu/src-gen/Nixie.o
 .text.exseq_t_MODE1_Awake_Temperature
                0x00000000080062aa        0xe Yakindu/src-gen/Nixie.o
 .text.exseq_t_MODE1_Awake
                0x00000000080062b8       0x24 Yakindu/src-gen/Nixie.o
 .text.exseq_t_MODE1
                0x00000000080062dc        0x8 Yakindu/src-gen/Nixie.o
 .text.exact_t_MODE2_Sleep_Date
                0x00000000080062e4        0xc Yakindu/src-gen/Nixie.o
 .text.exseq_t_MODE2_Sleep_Date
                0x00000000080062f0        0xe Yakindu/src-gen/Nixie.o
 .text.exact_t_MODE2_Sleep_Temperature
                0x00000000080062fe        0xc Yakindu/src-gen/Nixie.o
 .text.exseq_t_MODE2_Sleep_Temperature
                0x000000000800630a        0xe Yakindu/src-gen/Nixie.o
 .text.exact_t_MODE2_Sleep_Wake_Up
                0x0000000008006318        0xc Yakindu/src-gen/Nixie.o
 .text.exseq_t_MODE2_Sleep_Wake_Up
                0x0000000008006324        0xe Yakindu/src-gen/Nixie.o
 .text.exseq_t_MODE2_Sleep
                0x0000000008006332       0x2a Yakindu/src-gen/Nixie.o
 .text.exact_t_Alarm_Alarm_Alarm_OFF_
                0x000000000800635c        0xc Yakindu/src-gen/Nixie.o
 .text.exseq_t_Alarm_Alarm_Alarm_OFF_
                0x0000000008006368        0xe Yakindu/src-gen/Nixie.o
 .text.exact_t_Alarm_Alarm_Alarm_ON_
                0x0000000008006376        0xc Yakindu/src-gen/Nixie.o
 .text.exseq_t_Alarm_Alarm_Alarm_ON_
                0x0000000008006382        0xe Yakindu/src-gen/Nixie.o
 .text.exseq_t_Alarm_Alarm
                0x0000000008006390       0x1a Yakindu/src-gen/Nixie.o
 .text.exseq_t_Alarm
                0x00000000080063aa       0x10 Yakindu/src-gen/Nixie.o
 .text.enact_t_MODE2_Sleep_Sleep
                0x00000000080063ba       0x14 Yakindu/src-gen/Nixie.o
 .text.enseq_t_MODE2_Sleep_Sleep_default
                0x00000000080063ce       0x12 Yakindu/src-gen/Nixie.o
 .text.react_t_MODE2_Sleep__entry_Default
                0x00000000080063e0        0x8 Yakindu/src-gen/Nixie.o
 .text.enseq_t_MODE2_Sleep_default
                0x00000000080063e8        0x8 Yakindu/src-gen/Nixie.o
 .text.enseq_t_MODE2_default
                0x00000000080063f0       0x10 Yakindu/src-gen/Nixie.o
 .text.t_MODE1_react
                0x0000000008006400       0x38 Yakindu/src-gen/Nixie.o
 .text.t_MODE1_Awake_Awake_react
                0x0000000008006438       0x5a Yakindu/src-gen/Nixie.o
 .text.t_MODE1_Awake_Date_react
                0x0000000008006492       0x2a Yakindu/src-gen/Nixie.o
 .text.t_MODE1_Awake_Temperature_react
                0x00000000080064bc       0x2a Yakindu/src-gen/Nixie.o
 .text.effect_t__choice_0_tr0
                0x00000000080064e6        0x8 Yakindu/src-gen/Nixie.o
 .text.react_t__choice_0
                0x00000000080064ee       0x2a Yakindu/src-gen/Nixie.o
 .text.t_Alarm_react
                0x0000000008006518       0x2c Yakindu/src-gen/Nixie.o
 .text.t_Alarm_Alarm_Alarm_ON__react
                0x0000000008006544       0x2a Yakindu/src-gen/Nixie.o
 .text.t_Alarm_Alarm_Alarm_OFF__react
                0x000000000800656e       0x2a Yakindu/src-gen/Nixie.o
 .text.exact_t_MODE2
                0x0000000008006598        0xa Yakindu/src-gen/Nixie.o
 .text.exseq_t_MODE2
                0x00000000080065a2       0x10 Yakindu/src-gen/Nixie.o
 .text.t_MODE2_react
                0x00000000080065b2       0x38 Yakindu/src-gen/Nixie.o
 .text.t_MODE2_Sleep_Wake_Up_react
                0x00000000080065ea       0x3c Yakindu/src-gen/Nixie.o
 .text.t_MODE2_Sleep_Date_react
                0x0000000008006626       0x2a Yakindu/src-gen/Nixie.o
 .text.enact_t_MODE2_Sleep_Wake_Up
                0x0000000008006650       0x34 Yakindu/src-gen/Nixie.o
 .text.enseq_t_MODE2_Sleep_Wake_Up_default
                0x0000000008006684       0x12 Yakindu/src-gen/Nixie.o
 .text.t_MODE2_Sleep_Sleep_react
                0x0000000008006696       0x2a Yakindu/src-gen/Nixie.o
 .text.t_MODE2_Sleep_Temperature_react
                0x00000000080066c0       0x2a Yakindu/src-gen/Nixie.o
 .text.t_MODE3_Alarm_AlarmConfig_react
                0x00000000080066ea       0x4a Yakindu/src-gen/Nixie.o
 .text.nixie_init
                0x0000000008006734       0x22 Yakindu/src-gen/Nixie.o
                0x0000000008006734                nixie_init
 .text.nixie_enter
                0x0000000008006756        0x8 Yakindu/src-gen/Nixie.o
                0x0000000008006756                nixie_enter
 *fill*         0x000000000800675e        0x2 
 .text.nixie_runCycle
                0x0000000008006760      0x13c Yakindu/src-gen/Nixie.o
                0x0000000008006760                nixie_runCycle
 .text.nixie_raiseTimeEvent
                0x000000000800689c       0x12 Yakindu/src-gen/Nixie.o
                0x000000000800689c                nixie_raiseTimeEvent
 .text.nixieIface_raise_s_SENSOR
                0x00000000080068ae        0x6 Yakindu/src-gen/Nixie.o
                0x00000000080068ae                nixieIface_raise_s_SENSOR
 .text.nixieIface_raise_b_1
                0x00000000080068b4        0x6 Yakindu/src-gen/Nixie.o
                0x00000000080068b4                nixieIface_raise_b_1
 .text.nixieIface_raise_b_2
                0x00000000080068ba        0x6 Yakindu/src-gen/Nixie.o
                0x00000000080068ba                nixieIface_raise_b_2
 .text.nixieIface_raise_b_3
                0x00000000080068c0        0x6 Yakindu/src-gen/Nixie.o
                0x00000000080068c0                nixieIface_raise_b_3
 .text.nixieIface_raise_e_ALARM
                0x00000000080068c6        0x6 Yakindu/src-gen/Nixie.o
                0x00000000080068c6                nixieIface_raise_e_ALARM
 .text.Reset_Handler
                0x00000000080068cc       0x48 startup/startup_stm32f103xb.o
                0x00000000080068cc                Reset_Handler
 .text.Default_Handler
                0x0000000008006914        0x2 startup/startup_stm32f103xb.o
                0x0000000008006914                RTC_Alarm_IRQHandler
                0x0000000008006914                EXTI2_IRQHandler
                0x0000000008006914                TIM1_CC_IRQHandler
                0x0000000008006914                PVD_IRQHandler
                0x0000000008006914                EXTI3_IRQHandler
                0x0000000008006914                EXTI0_IRQHandler
                0x0000000008006914                ADC1_2_IRQHandler
                0x0000000008006914                SPI1_IRQHandler
                0x0000000008006914                TAMPER_IRQHandler
                0x0000000008006914                DMA1_Channel4_IRQHandler
                0x0000000008006914                USART3_IRQHandler
                0x0000000008006914                RTC_IRQHandler
                0x0000000008006914                DMA1_Channel7_IRQHandler
                0x0000000008006914                CAN1_RX1_IRQHandler
                0x0000000008006914                I2C1_EV_IRQHandler
                0x0000000008006914                DMA1_Channel6_IRQHandler
                0x0000000008006914                RCC_IRQHandler
                0x0000000008006914                TIM1_TRG_COM_IRQHandler
                0x0000000008006914                DMA1_Channel1_IRQHandler
                0x0000000008006914                Default_Handler
                0x0000000008006914                EXTI15_10_IRQHandler
                0x0000000008006914                EXTI9_5_IRQHandler
                0x0000000008006914                SPI2_IRQHandler
                0x0000000008006914                EXTI4_IRQHandler
                0x0000000008006914                USB_LP_CAN1_RX0_IRQHandler
                0x0000000008006914                USB_HP_CAN1_TX_IRQHandler
                0x0000000008006914                DMA1_Channel3_IRQHandler
                0x0000000008006914                WWDG_IRQHandler
                0x0000000008006914                TIM1_BRK_IRQHandler
                0x0000000008006914                USART2_IRQHandler
                0x0000000008006914                I2C2_ER_IRQHandler
                0x0000000008006914                DMA1_Channel2_IRQHandler
                0x0000000008006914                CAN1_SCE_IRQHandler
                0x0000000008006914                FLASH_IRQHandler
                0x0000000008006914                USART1_IRQHandler
                0x0000000008006914                I2C1_ER_IRQHandler
                0x0000000008006914                USBWakeUp_IRQHandler
 *fill*         0x0000000008006916        0x2 
 .text.__libc_init_array
                0x0000000008006918       0x48 c:/st/stm32cubeide_1.6.1/stm32cubeide/plugins/com.st.stm32cube.ide.mcu.externaltools.gnu-tools-for-stm32.9-2020-q2-update.win32_1.5.0.202011040924/tools/bin/../lib/gcc/arm-none-eabi/9.3.1/../../../../arm-none-eabi/lib/thumb/v7-m/nofp\libc_nano.a(lib_a-init.o)
                0x0000000008006918                __libc_init_array
 .text.memcpy   0x0000000008006960       0x1c c:/st/stm32cubeide_1.6.1/stm32cubeide/plugins/com.st.stm32cube.ide.mcu.externaltools.gnu-tools-for-stm32.9-2020-q2-update.win32_1.5.0.202011040924/tools/bin/../lib/gcc/arm-none-eabi/9.3.1/../../../../arm-none-eabi/lib/thumb/v7-m/nofp\libc_nano.a(lib_a-memcpy-stub.o)
                0x0000000008006960                memcpy
 *(.glue_7)
 .glue_7        0x000000000800697c        0x0 linker stubs
 *(.glue_7t)
 .glue_7t       0x000000000800697c        0x0 linker stubs
 *(.eh_frame)
 .eh_frame      0x000000000800697c        0x0 c:/st/stm32cubeide_1.6.1/stm32cubeide/plugins/com.st.stm32cube.ide.mcu.externaltools.gnu-tools-for-stm32.9-2020-q2-update.win32_1.5.0.202011040924/tools/bin/../lib/gcc/arm-none-eabi/9.3.1/thumb/v7-m/nofp/crtbegin.o
 *(.init)
 .init          0x000000000800697c        0x4 c:/st/stm32cubeide_1.6.1/stm32cubeide/plugins/com.st.stm32cube.ide.mcu.externaltools.gnu-tools-for-stm32.9-2020-q2-update.win32_1.5.0.202011040924/tools/bin/../lib/gcc/arm-none-eabi/9.3.1/thumb/v7-m/nofp/crti.o
                0x000000000800697c                _init
 .init          0x0000000008006980        0x8 c:/st/stm32cubeide_1.6.1/stm32cubeide/plugins/com.st.stm32cube.ide.mcu.externaltools.gnu-tools-for-stm32.9-2020-q2-update.win32_1.5.0.202011040924/tools/bin/../lib/gcc/arm-none-eabi/9.3.1/thumb/v7-m/nofp/crtn.o
 *(.fini)
 .fini          0x0000000008006988        0x4 c:/st/stm32cubeide_1.6.1/stm32cubeide/plugins/com.st.stm32cube.ide.mcu.externaltools.gnu-tools-for-stm32.9-2020-q2-update.win32_1.5.0.202011040924/tools/bin/../lib/gcc/arm-none-eabi/9.3.1/thumb/v7-m/nofp/crti.o
                0x0000000008006988                _fini
 .fini          0x000000000800698c        0x8 c:/st/stm32cubeide_1.6.1/stm32cubeide/plugins/com.st.stm32cube.ide.mcu.externaltools.gnu-tools-for-stm32.9-2020-q2-update.win32_1.5.0.202011040924/tools/bin/../lib/gcc/arm-none-eabi/9.3.1/thumb/v7-m/nofp/crtn.o
                0x0000000008006994                . = ALIGN (0x4)
                0x0000000008006994                _etext = .

.vfp11_veneer   0x0000000008006994        0x0
 .vfp11_veneer  0x0000000008006994        0x0 linker stubs

.v4_bx          0x0000000008006994        0x0
 .v4_bx         0x0000000008006994        0x0 linker stubs

.iplt           0x0000000008006994        0x0
 .iplt          0x0000000008006994        0x0 c:/st/stm32cubeide_1.6.1/stm32cubeide/plugins/com.st.stm32cube.ide.mcu.externaltools.gnu-tools-for-stm32.9-2020-q2-update.win32_1.5.0.202011040924/tools/bin/../lib/gcc/arm-none-eabi/9.3.1/thumb/v7-m/nofp/crtbegin.o

.rodata         0x0000000008006994       0xb0
                0x0000000008006994                . = ALIGN (0x4)
 *(.rodata)
 .rodata        0x0000000008006994       0x64 Src/main.o
 .rodata        0x00000000080069f8       0x18 Src/system_stm32f1xx.o
                0x00000000080069f8                AHBPrescTable
                0x0000000008006a08                APBPrescTable
 *(.rodata*)
 .rodata.str1.4
                0x0000000008006a10       0x11 Drivers/STM32F1xx_HAL_Driver/Src/stm32f1xx_hal_rcc.o
 *fill*         0x0000000008006a21        0x3 
 .rodata.str1.4
                0x0000000008006a24        0x5 Middlewares/Third_Party/FreeRTOS/Source/tasks.o
 *fill*         0x0000000008006a29        0x3 
 .rodata.str1.4
                0x0000000008006a2c       0x16 Src/main.o
                0x0000000008006a44                . = ALIGN (0x4)
 *fill*         0x0000000008006a42        0x2 

.rel.dyn        0x0000000008006a44        0x0
 .rel.iplt      0x0000000008006a44        0x0 c:/st/stm32cubeide_1.6.1/stm32cubeide/plugins/com.st.stm32cube.ide.mcu.externaltools.gnu-tools-for-stm32.9-2020-q2-update.win32_1.5.0.202011040924/tools/bin/../lib/gcc/arm-none-eabi/9.3.1/thumb/v7-m/nofp/crtbegin.o

.ARM.extab
 *(.ARM.extab* .gnu.linkonce.armextab.*)

.ARM            0x0000000008006a44        0x0
                0x0000000008006a44                __exidx_start = .
 *(.ARM.exidx*)
                0x0000000008006a44                __exidx_end = .

.preinit_array  0x0000000008006a44        0x0
                0x0000000008006a44                PROVIDE (__preinit_array_start = .)
 *(.preinit_array*)
                0x0000000008006a44                PROVIDE (__preinit_array_end = .)

.init_array     0x0000000008006a44        0x4
                0x0000000008006a44                PROVIDE (__init_array_start = .)
 *(SORT_BY_NAME(.init_array.*))
 *(.init_array*)
 .init_array    0x0000000008006a44        0x4 c:/st/stm32cubeide_1.6.1/stm32cubeide/plugins/com.st.stm32cube.ide.mcu.externaltools.gnu-tools-for-stm32.9-2020-q2-update.win32_1.5.0.202011040924/tools/bin/../lib/gcc/arm-none-eabi/9.3.1/thumb/v7-m/nofp/crtbegin.o
                0x0000000008006a48                PROVIDE (__init_array_end = .)

.fini_array     0x0000000008006a48        0x4
                [!provide]                        PROVIDE (__fini_array_start = .)
 *(SORT_BY_NAME(.fini_array.*))
 *(.fini_array*)
 .fini_array    0x0000000008006a48        0x4 c:/st/stm32cubeide_1.6.1/stm32cubeide/plugins/com.st.stm32cube.ide.mcu.externaltools.gnu-tools-for-stm32.9-2020-q2-update.win32_1.5.0.202011040924/tools/bin/../lib/gcc/arm-none-eabi/9.3.1/thumb/v7-m/nofp/crtbegin.o
                [!provide]                        PROVIDE (__fini_array_end = .)
                0x0000000008006a4c                _sidata = LOADADDR (.data)

.data           0x0000000020000000       0x18 load address 0x0000000008006a4c
                0x0000000020000000                . = ALIGN (0x4)
                0x0000000020000000                _sdata = .
 *(.data)
 .data          0x0000000020000000        0x8 Drivers/STM32F1xx_HAL_Driver/Src/stm32f1xx_hal.o
                0x0000000020000000                uwTickFreq
                0x0000000020000004                uwTickPrio
 .data          0x0000000020000008        0x4 Middlewares/Third_Party/FreeRTOS/Source/portable/GCC/ARM_CM3/port.o
 .data          0x000000002000000c        0x5 Src/main.o
 .data          0x0000000020000011        0x3 Src/nixieDisplay.o
 .data          0x0000000020000014        0x4 Src/system_stm32f1xx.o
                0x0000000020000014                SystemCoreClock
 *(.data*)
                0x0000000020000018                . = ALIGN (0x4)
                0x0000000020000018                _edata = .

.igot.plt       0x0000000020000018        0x0 load address 0x0000000008006a64
 .igot.plt      0x0000000020000018        0x0 c:/st/stm32cubeide_1.6.1/stm32cubeide/plugins/com.st.stm32cube.ide.mcu.externaltools.gnu-tools-for-stm32.9-2020-q2-update.win32_1.5.0.202011040924/tools/bin/../lib/gcc/arm-none-eabi/9.3.1/thumb/v7-m/nofp/crtbegin.o
                0x0000000020000018                . = ALIGN (0x4)

.bss            0x0000000020000018     0x2678 load address 0x0000000008006a64
                0x0000000020000018                _sbss = .
                0x0000000020000018                __bss_start__ = _sbss
 *(.bss)
 .bss           0x0000000020000018       0x1c c:/st/stm32cubeide_1.6.1/stm32cubeide/plugins/com.st.stm32cube.ide.mcu.externaltools.gnu-tools-for-stm32.9-2020-q2-update.win32_1.5.0.202011040924/tools/bin/../lib/gcc/arm-none-eabi/9.3.1/thumb/v7-m/nofp/crtbegin.o
 .bss           0x0000000020000034      0x128 Middlewares/Third_Party/FreeRTOS/Source/tasks.o
                0x0000000020000134                pxCurrentTCB
 .bss           0x000000002000015c        0x8 Middlewares/Third_Party/FreeRTOS/Source/portable/GCC/ARM_CM3/port.o
 .bss           0x0000000020000164     0x2018 Middlewares/Third_Party/FreeRTOS/Source/portable/MemMang/heap_4.o
 .bss           0x000000002000217c      0x254 Src/freertos.o
 .bss           0x00000000200023d0        0x7 Src/main.o
                0x00000000200023d0                buttonFlag
 *fill*         0x00000000200023d7        0x1 
 .bss           0x00000000200023d8       0xa5 Src/nixieDisplay.o
 *(.bss*)
 *(COMMON)
 *fill*         0x000000002000247d        0x3 
 COMMON         0x0000000020002480        0x4 Drivers/STM32F1xx_HAL_Driver/Src/stm32f1xx_hal.o
                0x0000000020002480                uwTick
 COMMON         0x0000000020002484       0x3e Src/DS3231.o
                0x0000000020002484                RTC_DATA
 *fill*         0x00000000200024c2        0x2 
 COMMON         0x00000000200024c4      0x184 Src/main.o
                0x00000000200024c4                htim4
                0x000000002000250c                hi2c2
                0x0000000020002560                htim3
                0x00000000200025a8                S_AlarmHandle
                0x00000000200025ac                hdma_i2c2_rx
                0x00000000200025f0                ButtonsHandle
                0x00000000200025f4                pullingHandle
                0x00000000200025f8                AlarmHandle
                0x00000000200025fc                Q_ButtonsHandle
                0x0000000020002600                htim2
 COMMON         0x0000000020002648       0x48 Src/stm32f1xx_hal_timebase_tim.o
                0x0000000020002648                htim1
                0x0000000020002690                . = ALIGN (0x4)
                0x0000000020002690                _ebss = .
                0x0000000020002690                __bss_end__ = _ebss

._user_heap_stack
                0x0000000020002690      0x600 load address 0x0000000008006a64
                0x0000000020002690                . = ALIGN (0x8)
                [!provide]                        PROVIDE (end = .)
                [!provide]                        PROVIDE (_end = .)
                0x0000000020002890                . = (. + _Min_Heap_Size)
 *fill*         0x0000000020002690      0x200 
                0x0000000020002c90                . = (. + _Min_Stack_Size)
 *fill*         0x0000000020002890      0x400 
                0x0000000020002c90                . = ALIGN (0x8)

/DISCARD/
 libc.a(*)
 libm.a(*)
 libgcc.a(*)

.ARM.attributes
                0x0000000000000000       0x29
 *(.ARM.attributes)
 .ARM.attributes
                0x0000000000000000       0x1d c:/st/stm32cubeide_1.6.1/stm32cubeide/plugins/com.st.stm32cube.ide.mcu.externaltools.gnu-tools-for-stm32.9-2020-q2-update.win32_1.5.0.202011040924/tools/bin/../lib/gcc/arm-none-eabi/9.3.1/thumb/v7-m/nofp/crti.o
 .ARM.attributes
                0x000000000000001d       0x2d c:/st/stm32cubeide_1.6.1/stm32cubeide/plugins/com.st.stm32cube.ide.mcu.externaltools.gnu-tools-for-stm32.9-2020-q2-update.win32_1.5.0.202011040924/tools/bin/../lib/gcc/arm-none-eabi/9.3.1/thumb/v7-m/nofp/crtbegin.o
 .ARM.attributes
                0x000000000000004a       0x2d Drivers/STM32F1xx_HAL_Driver/Src/stm32f1xx_hal.o
 .ARM.attributes
                0x0000000000000077       0x2d Drivers/STM32F1xx_HAL_Driver/Src/stm32f1xx_hal_cortex.o
 .ARM.attributes
                0x00000000000000a4       0x2d Drivers/STM32F1xx_HAL_Driver/Src/stm32f1xx_hal_dma.o
 .ARM.attributes
                0x00000000000000d1       0x2d Drivers/STM32F1xx_HAL_Driver/Src/stm32f1xx_hal_gpio.o
 .ARM.attributes
                0x00000000000000fe       0x2d Drivers/STM32F1xx_HAL_Driver/Src/stm32f1xx_hal_i2c.o
 .ARM.attributes
                0x000000000000012b       0x2d Drivers/STM32F1xx_HAL_Driver/Src/stm32f1xx_hal_rcc.o
 .ARM.attributes
                0x0000000000000158       0x2d Drivers/STM32F1xx_HAL_Driver/Src/stm32f1xx_hal_tim.o
 .ARM.attributes
                0x0000000000000185       0x2d Drivers/STM32F1xx_HAL_Driver/Src/stm32f1xx_hal_tim_ex.o
 .ARM.attributes
                0x00000000000001b2       0x2d Middlewares/Third_Party/FreeRTOS/Source/CMSIS_RTOS/cmsis_os.o
 .ARM.attributes
                0x00000000000001df       0x2d Middlewares/Third_Party/FreeRTOS/Source/list.o
 .ARM.attributes
                0x000000000000020c       0x2d Middlewares/Third_Party/FreeRTOS/Source/queue.o
 .ARM.attributes
                0x0000000000000239       0x2d Middlewares/Third_Party/FreeRTOS/Source/tasks.o
 .ARM.attributes
                0x0000000000000266       0x2d Middlewares/Third_Party/FreeRTOS/Source/portable/GCC/ARM_CM3/port.o
 .ARM.attributes
                0x0000000000000293       0x2d Middlewares/Third_Party/FreeRTOS/Source/portable/MemMang/heap_4.o
 .ARM.attributes
                0x00000000000002c0       0x2d Src/DS3231.o
 .ARM.attributes
                0x00000000000002ed       0x2d Src/freertos.o
 .ARM.attributes
                0x000000000000031a       0x2d Src/main.o
 .ARM.attributes
                0x0000000000000347       0x2d Src/nixieDisplay.o
 .ARM.attributes
                0x0000000000000374       0x2d Src/stm32f1xx_hal_msp.o
 .ARM.attributes
                0x00000000000003a1       0x2d Src/stm32f1xx_hal_timebase_tim.o
 .ARM.attributes
                0x00000000000003ce       0x2d Src/stm32f1xx_it.o
 .ARM.attributes
                0x00000000000003fb       0x2d Src/system_stm32f1xx.o
 .ARM.attributes
                0x0000000000000428       0x2d Yakindu/src-gen/Nixie.o
 .ARM.attributes
                0x0000000000000455       0x21 startup/startup_stm32f103xb.o
 .ARM.attributes
                0x0000000000000476       0x2d c:/st/stm32cubeide_1.6.1/stm32cubeide/plugins/com.st.stm32cube.ide.mcu.externaltools.gnu-tools-for-stm32.9-2020-q2-update.win32_1.5.0.202011040924/tools/bin/../lib/gcc/arm-none-eabi/9.3.1/../../../../arm-none-eabi/lib/thumb/v7-m/nofp\libc_nano.a(lib_a-init.o)
 .ARM.attributes
                0x00000000000004a3       0x2d c:/st/stm32cubeide_1.6.1/stm32cubeide/plugins/com.st.stm32cube.ide.mcu.externaltools.gnu-tools-for-stm32.9-2020-q2-update.win32_1.5.0.202011040924/tools/bin/../lib/gcc/arm-none-eabi/9.3.1/../../../../arm-none-eabi/lib/thumb/v7-m/nofp\libc_nano.a(lib_a-memcpy-stub.o)
 .ARM.attributes
                0x00000000000004d0       0x1d c:/st/stm32cubeide_1.6.1/stm32cubeide/plugins/com.st.stm32cube.ide.mcu.externaltools.gnu-tools-for-stm32.9-2020-q2-update.win32_1.5.0.202011040924/tools/bin/../lib/gcc/arm-none-eabi/9.3.1/thumb/v7-m/nofp/crtn.o
OUTPUT(NixieClock.elf elf32-littlearm)
LOAD linker stubs
LOAD c:/st/stm32cubeide_1.6.1/stm32cubeide/plugins/com.st.stm32cube.ide.mcu.externaltools.gnu-tools-for-stm32.9-2020-q2-update.win32_1.5.0.202011040924/tools/bin/../lib/gcc/arm-none-eabi/9.3.1/../../../../arm-none-eabi/lib/thumb/v7-m/nofp\libc.a
LOAD c:/st/stm32cubeide_1.6.1/stm32cubeide/plugins/com.st.stm32cube.ide.mcu.externaltools.gnu-tools-for-stm32.9-2020-q2-update.win32_1.5.0.202011040924/tools/bin/../lib/gcc/arm-none-eabi/9.3.1/../../../../arm-none-eabi/lib/thumb/v7-m/nofp\libm.a
LOAD c:/st/stm32cubeide_1.6.1/stm32cubeide/plugins/com.st.stm32cube.ide.mcu.externaltools.gnu-tools-for-stm32.9-2020-q2-update.win32_1.5.0.202011040924/tools/bin/../lib/gcc/arm-none-eabi/9.3.1/thumb/v7-m/nofp\libgcc.a

.debug_info     0x0000000000000000    0x21c56
 .debug_info    0x0000000000000000      0x835 Drivers/STM32F1xx_HAL_Driver/Src/stm32f1xx_hal.o
 .debug_info    0x0000000000000835      0xe4a Drivers/STM32F1xx_HAL_Driver/Src/stm32f1xx_hal_cortex.o
 .debug_info    0x000000000000167f      0x936 Drivers/STM32F1xx_HAL_Driver/Src/stm32f1xx_hal_dma.o
 .debug_info    0x0000000000001fb5      0x75f Drivers/STM32F1xx_HAL_Driver/Src/stm32f1xx_hal_gpio.o
 .debug_info    0x0000000000002714     0x3b37 Drivers/STM32F1xx_HAL_Driver/Src/stm32f1xx_hal_i2c.o
 .debug_info    0x000000000000624b      0xaaf Drivers/STM32F1xx_HAL_Driver/Src/stm32f1xx_hal_rcc.o
 .debug_info    0x0000000000006cfa     0x3be4 Drivers/STM32F1xx_HAL_Driver/Src/stm32f1xx_hal_tim.o
 .debug_info    0x000000000000a8de     0x1ad7 Drivers/STM32F1xx_HAL_Driver/Src/stm32f1xx_hal_tim_ex.o
 .debug_info    0x000000000000c3b5     0x2aad Middlewares/Third_Party/FreeRTOS/Source/CMSIS_RTOS/cmsis_os.o
 .debug_info    0x000000000000ee62      0xb8f Middlewares/Third_Party/FreeRTOS/Source/list.o
 .debug_info    0x000000000000f9f1     0x2ac2 Middlewares/Third_Party/FreeRTOS/Source/queue.o
 .debug_info    0x00000000000124b3     0x30a8 Middlewares/Third_Party/FreeRTOS/Source/tasks.o
 .debug_info    0x000000000001555b      0x52f Middlewares/Third_Party/FreeRTOS/Source/portable/GCC/ARM_CM3/port.o
 .debug_info    0x0000000000015a8a      0xd26 Middlewares/Third_Party/FreeRTOS/Source/portable/MemMang/heap_4.o
 .debug_info    0x00000000000167b0      0xb9c Src/DS3231.o
 .debug_info    0x000000000001734c      0x36a Src/freertos.o
 .debug_info    0x00000000000176b6     0x1ee4 Src/main.o
 .debug_info    0x000000000001959a     0x205a Src/nixieDisplay.o
 .debug_info    0x000000000001b5f4     0x10ce Src/stm32f1xx_hal_msp.o
 .debug_info    0x000000000001c6c2      0xafd Src/stm32f1xx_hal_timebase_tim.o
 .debug_info    0x000000000001d1bf      0xb8b Src/stm32f1xx_it.o
 .debug_info    0x000000000001dd4a      0x48c Src/system_stm32f1xx.o
 .debug_info    0x000000000001e1d6     0x3a5e Yakindu/src-gen/Nixie.o
 .debug_info    0x0000000000021c34       0x22 startup/startup_stm32f103xb.o

.debug_abbrev   0x0000000000000000     0x3af9
 .debug_abbrev  0x0000000000000000      0x21c Drivers/STM32F1xx_HAL_Driver/Src/stm32f1xx_hal.o
 .debug_abbrev  0x000000000000021c      0x36a Drivers/STM32F1xx_HAL_Driver/Src/stm32f1xx_hal_cortex.o
 .debug_abbrev  0x0000000000000586      0x265 Drivers/STM32F1xx_HAL_Driver/Src/stm32f1xx_hal_dma.o
 .debug_abbrev  0x00000000000007eb      0x216 Drivers/STM32F1xx_HAL_Driver/Src/stm32f1xx_hal_gpio.o
 .debug_abbrev  0x0000000000000a01      0x2c2 Drivers/STM32F1xx_HAL_Driver/Src/stm32f1xx_hal_i2c.o
 .debug_abbrev  0x0000000000000cc3      0x290 Drivers/STM32F1xx_HAL_Driver/Src/stm32f1xx_hal_rcc.o
 .debug_abbrev  0x0000000000000f53      0x26e Drivers/STM32F1xx_HAL_Driver/Src/stm32f1xx_hal_tim.o
 .debug_abbrev  0x00000000000011c1      0x271 Drivers/STM32F1xx_HAL_Driver/Src/stm32f1xx_hal_tim_ex.o
 .debug_abbrev  0x0000000000001432      0x418 Middlewares/Third_Party/FreeRTOS/Source/CMSIS_RTOS/cmsis_os.o
 .debug_abbrev  0x000000000000184a      0x20e Middlewares/Third_Party/FreeRTOS/Source/list.o
 .debug_abbrev  0x0000000000001a58      0x411 Middlewares/Third_Party/FreeRTOS/Source/queue.o
 .debug_abbrev  0x0000000000001e69      0x3e0 Middlewares/Third_Party/FreeRTOS/Source/tasks.o
 .debug_abbrev  0x0000000000002249      0x281 Middlewares/Third_Party/FreeRTOS/Source/portable/GCC/ARM_CM3/port.o
 .debug_abbrev  0x00000000000024ca      0x337 Middlewares/Third_Party/FreeRTOS/Source/portable/MemMang/heap_4.o
 .debug_abbrev  0x0000000000002801      0x243 Src/DS3231.o
 .debug_abbrev  0x0000000000002a44      0x11d Src/freertos.o
 .debug_abbrev  0x0000000000002b61      0x2e8 Src/main.o
 .debug_abbrev  0x0000000000002e49      0x2eb Src/nixieDisplay.o
 .debug_abbrev  0x0000000000003134      0x241 Src/stm32f1xx_hal_msp.o
 .debug_abbrev  0x0000000000003375      0x21c Src/stm32f1xx_hal_timebase_tim.o
 .debug_abbrev  0x0000000000003591      0x1dc Src/stm32f1xx_it.o
 .debug_abbrev  0x000000000000376d      0x154 Src/system_stm32f1xx.o
 .debug_abbrev  0x00000000000038c1      0x226 Yakindu/src-gen/Nixie.o
 .debug_abbrev  0x0000000000003ae7       0x12 startup/startup_stm32f103xb.o

.debug_loc      0x0000000000000000    0x13d00
 .debug_loc     0x0000000000000000      0x141 Drivers/STM32F1xx_HAL_Driver/Src/stm32f1xx_hal.o
 .debug_loc     0x0000000000000141      0x71f Drivers/STM32F1xx_HAL_Driver/Src/stm32f1xx_hal_cortex.o
 .debug_loc     0x0000000000000860      0x7d1 Drivers/STM32F1xx_HAL_Driver/Src/stm32f1xx_hal_dma.o
 .debug_loc     0x0000000000001031      0x468 Drivers/STM32F1xx_HAL_Driver/Src/stm32f1xx_hal_gpio.o
 .debug_loc     0x0000000000001499     0x4108 Drivers/STM32F1xx_HAL_Driver/Src/stm32f1xx_hal_i2c.o
 .debug_loc     0x00000000000055a1      0x610 Drivers/STM32F1xx_HAL_Driver/Src/stm32f1xx_hal_rcc.o
 .debug_loc     0x0000000000005bb1     0x46d6 Drivers/STM32F1xx_HAL_Driver/Src/stm32f1xx_hal_tim.o
 .debug_loc     0x000000000000a287     0x1a8b Drivers/STM32F1xx_HAL_Driver/Src/stm32f1xx_hal_tim_ex.o
 .debug_loc     0x000000000000bd12     0x1310 Middlewares/Third_Party/FreeRTOS/Source/CMSIS_RTOS/cmsis_os.o
 .debug_loc     0x000000000000d022       0xad Middlewares/Third_Party/FreeRTOS/Source/list.o
 .debug_loc     0x000000000000d0cf     0x15de Middlewares/Third_Party/FreeRTOS/Source/queue.o
 .debug_loc     0x000000000000e6ad     0x1cd6 Middlewares/Third_Party/FreeRTOS/Source/tasks.o
 .debug_loc     0x0000000000010383       0xe8 Middlewares/Third_Party/FreeRTOS/Source/portable/GCC/ARM_CM3/port.o
 .debug_loc     0x000000000001046b      0x320 Middlewares/Third_Party/FreeRTOS/Source/portable/MemMang/heap_4.o
 .debug_loc     0x000000000001078b      0x2d1 Src/DS3231.o
 .debug_loc     0x0000000000010a5c      0x1df Src/main.o
 .debug_loc     0x0000000000010c3b      0x561 Src/nixieDisplay.o
 .debug_loc     0x000000000001119c      0x18b Src/stm32f1xx_hal_msp.o
 .debug_loc     0x0000000000011327       0x89 Src/stm32f1xx_hal_timebase_tim.o
 .debug_loc     0x00000000000113b0       0xff Src/system_stm32f1xx.o
 .debug_loc     0x00000000000114af     0x2851 Yakindu/src-gen/Nixie.o

.debug_aranges  0x0000000000000000     0x1848
 .debug_aranges
                0x0000000000000000       0xe0 Drivers/STM32F1xx_HAL_Driver/Src/stm32f1xx_hal.o
 .debug_aranges
                0x00000000000000e0       0x90 Drivers/STM32F1xx_HAL_Driver/Src/stm32f1xx_hal_cortex.o
 .debug_aranges
                0x0000000000000170       0x80 Drivers/STM32F1xx_HAL_Driver/Src/stm32f1xx_hal_dma.o
 .debug_aranges
                0x00000000000001f0       0x58 Drivers/STM32F1xx_HAL_Driver/Src/stm32f1xx_hal_gpio.o
 .debug_aranges
                0x0000000000000248      0x2a0 Drivers/STM32F1xx_HAL_Driver/Src/stm32f1xx_hal_i2c.o
 .debug_aranges
                0x00000000000004e8       0x90 Drivers/STM32F1xx_HAL_Driver/Src/stm32f1xx_hal_rcc.o
 .debug_aranges
                0x0000000000000578      0x3d0 Drivers/STM32F1xx_HAL_Driver/Src/stm32f1xx_hal_tim.o
 .debug_aranges
                0x0000000000000948      0x168 Drivers/STM32F1xx_HAL_Driver/Src/stm32f1xx_hal_tim_ex.o
 .debug_aranges
                0x0000000000000ab0      0x1d8 Middlewares/Third_Party/FreeRTOS/Source/CMSIS_RTOS/cmsis_os.o
 .debug_aranges
                0x0000000000000c88       0x40 Middlewares/Third_Party/FreeRTOS/Source/list.o
 .debug_aranges
                0x0000000000000cc8      0x108 Middlewares/Third_Party/FreeRTOS/Source/queue.o
 .debug_aranges
                0x0000000000000dd0      0x1a8 Middlewares/Third_Party/FreeRTOS/Source/tasks.o
 .debug_aranges
                0x0000000000000f78       0x78 Middlewares/Third_Party/FreeRTOS/Source/portable/GCC/ARM_CM3/port.o
 .debug_aranges
                0x0000000000000ff0       0x50 Middlewares/Third_Party/FreeRTOS/Source/portable/MemMang/heap_4.o
 .debug_aranges
                0x0000000000001040       0x60 Src/DS3231.o
 .debug_aranges
                0x00000000000010a0       0x20 Src/freertos.o
 .debug_aranges
                0x00000000000010c0       0x98 Src/main.o
 .debug_aranges
                0x0000000000001158       0xe8 Src/nixieDisplay.o
 .debug_aranges
                0x0000000000001240       0x40 Src/stm32f1xx_hal_msp.o
 .debug_aranges
                0x0000000000001280       0x30 Src/stm32f1xx_hal_timebase_tim.o
 .debug_aranges
                0x00000000000012b0       0x80 Src/stm32f1xx_it.o
 .debug_aranges
                0x0000000000001330       0x28 Src/system_stm32f1xx.o
 .debug_aranges
                0x0000000000001358      0x4c8 Yakindu/src-gen/Nixie.o
 .debug_aranges
                0x0000000000001820       0x28 startup/startup_stm32f103xb.o

.debug_ranges   0x0000000000000000     0x1918
 .debug_ranges  0x0000000000000000       0xd0 Drivers/STM32F1xx_HAL_Driver/Src/stm32f1xx_hal.o
 .debug_ranges  0x00000000000000d0       0xe0 Drivers/STM32F1xx_HAL_Driver/Src/stm32f1xx_hal_cortex.o
 .debug_ranges  0x00000000000001b0       0x70 Drivers/STM32F1xx_HAL_Driver/Src/stm32f1xx_hal_dma.o
 .debug_ranges  0x0000000000000220       0x48 Drivers/STM32F1xx_HAL_Driver/Src/stm32f1xx_hal_gpio.o
 .debug_ranges  0x0000000000000268      0x2a8 Drivers/STM32F1xx_HAL_Driver/Src/stm32f1xx_hal_i2c.o
 .debug_ranges  0x0000000000000510       0xa0 Drivers/STM32F1xx_HAL_Driver/Src/stm32f1xx_hal_rcc.o
 .debug_ranges  0x00000000000005b0      0x3c0 Drivers/STM32F1xx_HAL_Driver/Src/stm32f1xx_hal_tim.o
 .debug_ranges  0x0000000000000970      0x158 Drivers/STM32F1xx_HAL_Driver/Src/stm32f1xx_hal_tim_ex.o
 .debug_ranges  0x0000000000000ac8      0x1c8 Middlewares/Third_Party/FreeRTOS/Source/CMSIS_RTOS/cmsis_os.o
 .debug_ranges  0x0000000000000c90       0x30 Middlewares/Third_Party/FreeRTOS/Source/list.o
 .debug_ranges  0x0000000000000cc0      0x1c8 Middlewares/Third_Party/FreeRTOS/Source/queue.o
 .debug_ranges  0x0000000000000e88      0x240 Middlewares/Third_Party/FreeRTOS/Source/tasks.o
 .debug_ranges  0x00000000000010c8       0x68 Middlewares/Third_Party/FreeRTOS/Source/portable/GCC/ARM_CM3/port.o
 .debug_ranges  0x0000000000001130       0x40 Middlewares/Third_Party/FreeRTOS/Source/portable/MemMang/heap_4.o
 .debug_ranges  0x0000000000001170       0x50 Src/DS3231.o
 .debug_ranges  0x00000000000011c0       0x10 Src/freertos.o
 .debug_ranges  0x00000000000011d0       0x88 Src/main.o
 .debug_ranges  0x0000000000001258      0x110 Src/nixieDisplay.o
 .debug_ranges  0x0000000000001368       0x30 Src/stm32f1xx_hal_msp.o
 .debug_ranges  0x0000000000001398       0x20 Src/stm32f1xx_hal_timebase_tim.o
 .debug_ranges  0x00000000000013b8       0x70 Src/stm32f1xx_it.o
 .debug_ranges  0x0000000000001428       0x18 Src/system_stm32f1xx.o
 .debug_ranges  0x0000000000001440      0x4b8 Yakindu/src-gen/Nixie.o
 .debug_ranges  0x00000000000018f8       0x20 startup/startup_stm32f103xb.o

.debug_macro    0x0000000000000000    0x19afe
 .debug_macro   0x0000000000000000      0x1c7 Drivers/STM32F1xx_HAL_Driver/Src/stm32f1xx_hal.o
 .debug_macro   0x00000000000001c7      0xaa2 Drivers/STM32F1xx_HAL_Driver/Src/stm32f1xx_hal.o
 .debug_macro   0x0000000000000c69      0x221 Drivers/STM32F1xx_HAL_Driver/Src/stm32f1xx_hal.o
 .debug_macro   0x0000000000000e8a       0x2e Drivers/STM32F1xx_HAL_Driver/Src/stm32f1xx_hal.o
 .debug_macro   0x0000000000000eb8       0x22 Drivers/STM32F1xx_HAL_Driver/Src/stm32f1xx_hal.o
 .debug_macro   0x0000000000000eda       0x22 Drivers/STM32F1xx_HAL_Driver/Src/stm32f1xx_hal.o
 .debug_macro   0x0000000000000efc       0x8e Drivers/STM32F1xx_HAL_Driver/Src/stm32f1xx_hal.o
 .debug_macro   0x0000000000000f8a       0x51 Drivers/STM32F1xx_HAL_Driver/Src/stm32f1xx_hal.o
 .debug_macro   0x0000000000000fdb      0x103 Drivers/STM32F1xx_HAL_Driver/Src/stm32f1xx_hal.o
 .debug_macro   0x00000000000010de       0x6a Drivers/STM32F1xx_HAL_Driver/Src/stm32f1xx_hal.o
 .debug_macro   0x0000000000001148      0x1df Drivers/STM32F1xx_HAL_Driver/Src/stm32f1xx_hal.o
 .debug_macro   0x0000000000001327       0x1c Drivers/STM32F1xx_HAL_Driver/Src/stm32f1xx_hal.o
 .debug_macro   0x0000000000001343       0x22 Drivers/STM32F1xx_HAL_Driver/Src/stm32f1xx_hal.o
 .debug_macro   0x0000000000001365       0xc3 Drivers/STM32F1xx_HAL_Driver/Src/stm32f1xx_hal.o
 .debug_macro   0x0000000000001428      0xd23 Drivers/STM32F1xx_HAL_Driver/Src/stm32f1xx_hal.o
 .debug_macro   0x000000000000214b     0xe09e Drivers/STM32F1xx_HAL_Driver/Src/stm32f1xx_hal.o
 .debug_macro   0x00000000000101e9       0x6d Drivers/STM32F1xx_HAL_Driver/Src/stm32f1xx_hal.o
 .debug_macro   0x0000000000010256     0x3468 Drivers/STM32F1xx_HAL_Driver/Src/stm32f1xx_hal.o
 .debug_macro   0x00000000000136be      0x174 Drivers/STM32F1xx_HAL_Driver/Src/stm32f1xx_hal.o
 .debug_macro   0x0000000000013832       0x50 Drivers/STM32F1xx_HAL_Driver/Src/stm32f1xx_hal.o
 .debug_macro   0x0000000000013882      0x5be Drivers/STM32F1xx_HAL_Driver/Src/stm32f1xx_hal.o
 .debug_macro   0x0000000000013e40      0x289 Drivers/STM32F1xx_HAL_Driver/Src/stm32f1xx_hal.o
 .debug_macro   0x00000000000140c9      0x1cb Drivers/STM32F1xx_HAL_Driver/Src/stm32f1xx_hal.o
 .debug_macro   0x0000000000014294      0x114 Drivers/STM32F1xx_HAL_Driver/Src/stm32f1xx_hal.o
 .debug_macro   0x00000000000143a8      0x1b2 Drivers/STM32F1xx_HAL_Driver/Src/stm32f1xx_hal.o
 .debug_macro   0x000000000001455a       0x27 Drivers/STM32F1xx_HAL_Driver/Src/stm32f1xx_hal.o
 .debug_macro   0x0000000000014581      0x136 Drivers/STM32F1xx_HAL_Driver/Src/stm32f1xx_hal.o
 .debug_macro   0x00000000000146b7      0x1bc Drivers/STM32F1xx_HAL_Driver/Src/stm32f1xx_hal.o
 .debug_macro   0x0000000000014873       0x34 Drivers/STM32F1xx_HAL_Driver/Src/stm32f1xx_hal.o
 .debug_macro   0x00000000000148a7       0x3c Drivers/STM32F1xx_HAL_Driver/Src/stm32f1xx_hal.o
 .debug_macro   0x00000000000148e3       0x57 Drivers/STM32F1xx_HAL_Driver/Src/stm32f1xx_hal.o
 .debug_macro   0x000000000001493a       0x88 Drivers/STM32F1xx_HAL_Driver/Src/stm32f1xx_hal.o
 .debug_macro   0x00000000000149c2      0x241 Drivers/STM32F1xx_HAL_Driver/Src/stm32f1xx_hal.o
 .debug_macro   0x0000000000014c03      0x287 Drivers/STM32F1xx_HAL_Driver/Src/stm32f1xx_hal.o
 .debug_macro   0x0000000000014e8a      0x141 Drivers/STM32F1xx_HAL_Driver/Src/stm32f1xx_hal.o
 .debug_macro   0x0000000000014fcb      0x8d1 Drivers/STM32F1xx_HAL_Driver/Src/stm32f1xx_hal.o
 .debug_macro   0x000000000001589c       0x83 Drivers/STM32F1xx_HAL_Driver/Src/stm32f1xx_hal.o
 .debug_macro   0x000000000001591f      0x1a3 Drivers/STM32F1xx_HAL_Driver/Src/stm32f1xx_hal_cortex.o
 .debug_macro   0x0000000000015ac2      0x1a3 Drivers/STM32F1xx_HAL_Driver/Src/stm32f1xx_hal_dma.o
 .debug_macro   0x0000000000015c65      0x20e Drivers/STM32F1xx_HAL_Driver/Src/stm32f1xx_hal_gpio.o
 .debug_macro   0x0000000000015e73      0x1ea Drivers/STM32F1xx_HAL_Driver/Src/stm32f1xx_hal_i2c.o
 .debug_macro   0x000000000001605d      0x1b5 Drivers/STM32F1xx_HAL_Driver/Src/stm32f1xx_hal_rcc.o
 .debug_macro   0x0000000000016212      0x1a4 Drivers/STM32F1xx_HAL_Driver/Src/stm32f1xx_hal_tim.o
 .debug_macro   0x00000000000163b6      0x1a3 Drivers/STM32F1xx_HAL_Driver/Src/stm32f1xx_hal_tim_ex.o
 .debug_macro   0x0000000000016559      0x1fe Middlewares/Third_Party/FreeRTOS/Source/CMSIS_RTOS/cmsis_os.o
 .debug_macro   0x0000000000016757       0x4c Middlewares/Third_Party/FreeRTOS/Source/CMSIS_RTOS/cmsis_os.o
 .debug_macro   0x00000000000167a3       0x18 Middlewares/Third_Party/FreeRTOS/Source/CMSIS_RTOS/cmsis_os.o
 .debug_macro   0x00000000000167bb       0x94 Middlewares/Third_Party/FreeRTOS/Source/CMSIS_RTOS/cmsis_os.o
 .debug_macro   0x000000000001684f       0x3c Middlewares/Third_Party/FreeRTOS/Source/CMSIS_RTOS/cmsis_os.o
 .debug_macro   0x000000000001688b       0x34 Middlewares/Third_Party/FreeRTOS/Source/CMSIS_RTOS/cmsis_os.o
 .debug_macro   0x00000000000168bf       0x16 Middlewares/Third_Party/FreeRTOS/Source/CMSIS_RTOS/cmsis_os.o
 .debug_macro   0x00000000000168d5       0x43 Middlewares/Third_Party/FreeRTOS/Source/CMSIS_RTOS/cmsis_os.o
 .debug_macro   0x0000000000016918       0x57 Middlewares/Third_Party/FreeRTOS/Source/CMSIS_RTOS/cmsis_os.o
 .debug_macro   0x000000000001696f       0x34 Middlewares/Third_Party/FreeRTOS/Source/CMSIS_RTOS/cmsis_os.o
 .debug_macro   0x00000000000169a3       0x10 Middlewares/Third_Party/FreeRTOS/Source/CMSIS_RTOS/cmsis_os.o
 .debug_macro   0x00000000000169b3       0x58 Middlewares/Third_Party/FreeRTOS/Source/CMSIS_RTOS/cmsis_os.o
 .debug_macro   0x0000000000016a0b       0x71 Middlewares/Third_Party/FreeRTOS/Source/CMSIS_RTOS/cmsis_os.o
 .debug_macro   0x0000000000016a7c       0x1c Middlewares/Third_Party/FreeRTOS/Source/CMSIS_RTOS/cmsis_os.o
 .debug_macro   0x0000000000016a98      0x12a Middlewares/Third_Party/FreeRTOS/Source/CMSIS_RTOS/cmsis_os.o
 .debug_macro   0x0000000000016bc2      0x339 Middlewares/Third_Party/FreeRTOS/Source/CMSIS_RTOS/cmsis_os.o
 .debug_macro   0x0000000000016efb       0x10 Middlewares/Third_Party/FreeRTOS/Source/CMSIS_RTOS/cmsis_os.o
 .debug_macro   0x0000000000016f0b       0x35 Middlewares/Third_Party/FreeRTOS/Source/CMSIS_RTOS/cmsis_os.o
 .debug_macro   0x0000000000016f40       0x20 Middlewares/Third_Party/FreeRTOS/Source/CMSIS_RTOS/cmsis_os.o
 .debug_macro   0x0000000000016f60       0xdf Middlewares/Third_Party/FreeRTOS/Source/CMSIS_RTOS/cmsis_os.o
 .debug_macro   0x000000000001703f      0x15a Middlewares/Third_Party/FreeRTOS/Source/CMSIS_RTOS/cmsis_os.o
 .debug_macro   0x0000000000017199       0xd7 Middlewares/Third_Party/FreeRTOS/Source/CMSIS_RTOS/cmsis_os.o
 .debug_macro   0x0000000000017270       0x10 Middlewares/Third_Party/FreeRTOS/Source/CMSIS_RTOS/cmsis_os.o
 .debug_macro   0x0000000000017280       0x1f Middlewares/Third_Party/FreeRTOS/Source/CMSIS_RTOS/cmsis_os.o
 .debug_macro   0x000000000001729f      0x4b7 Middlewares/Third_Party/FreeRTOS/Source/CMSIS_RTOS/cmsis_os.o
 .debug_macro   0x0000000000017756       0xb5 Middlewares/Third_Party/FreeRTOS/Source/CMSIS_RTOS/cmsis_os.o
 .debug_macro   0x000000000001780b       0x8c Middlewares/Third_Party/FreeRTOS/Source/CMSIS_RTOS/cmsis_os.o
 .debug_macro   0x0000000000017897       0x91 Middlewares/Third_Party/FreeRTOS/Source/CMSIS_RTOS/cmsis_os.o
 .debug_macro   0x0000000000017928       0x8d Middlewares/Third_Party/FreeRTOS/Source/CMSIS_RTOS/cmsis_os.o
 .debug_macro   0x00000000000179b5       0x7e Middlewares/Third_Party/FreeRTOS/Source/CMSIS_RTOS/cmsis_os.o
 .debug_macro   0x0000000000017a33       0x19 Middlewares/Third_Party/FreeRTOS/Source/CMSIS_RTOS/cmsis_os.o
 .debug_macro   0x0000000000017a4c       0xf2 Middlewares/Third_Party/FreeRTOS/Source/CMSIS_RTOS/cmsis_os.o
 .debug_macro   0x0000000000017b3e       0xab Middlewares/Third_Party/FreeRTOS/Source/CMSIS_RTOS/cmsis_os.o
 .debug_macro   0x0000000000017be9      0x187 Middlewares/Third_Party/FreeRTOS/Source/list.o
 .debug_macro   0x0000000000017d70      0x212 Middlewares/Third_Party/FreeRTOS/Source/queue.o
 .debug_macro   0x0000000000017f82       0x16 Middlewares/Third_Party/FreeRTOS/Source/queue.o
 .debug_macro   0x0000000000017f98      0x280 Middlewares/Third_Party/FreeRTOS/Source/tasks.o
 .debug_macro   0x0000000000018218       0x10 Middlewares/Third_Party/FreeRTOS/Source/tasks.o
 .debug_macro   0x0000000000018228      0x172 Middlewares/Third_Party/FreeRTOS/Source/portable/GCC/ARM_CM3/port.o
 .debug_macro   0x000000000001839a      0x1ae Middlewares/Third_Party/FreeRTOS/Source/portable/MemMang/heap_4.o
 .debug_macro   0x0000000000018548      0x1b6 Src/DS3231.o
 .debug_macro   0x00000000000186fe      0x100 Src/DS3231.o
 .debug_macro   0x00000000000187fe      0x21a Src/freertos.o
 .debug_macro   0x0000000000018a18      0x198 Src/freertos.o
 .debug_macro   0x0000000000018bb0      0x2c2 Src/main.o
 .debug_macro   0x0000000000018e72       0xdf Src/main.o
 .debug_macro   0x0000000000018f51      0x106 Src/main.o
 .debug_macro   0x0000000000019057       0x22 Src/main.o
 .debug_macro   0x0000000000019079       0x1c Src/main.o
 .debug_macro   0x0000000000019095       0xa0 Src/main.o
 .debug_macro   0x0000000000019135       0x82 Src/main.o
 .debug_macro   0x00000000000191b7      0x1f9 Src/nixieDisplay.o
 .debug_macro   0x00000000000193b0      0x1b2 Src/stm32f1xx_hal_msp.o
 .debug_macro   0x0000000000019562      0x1a3 Src/stm32f1xx_hal_timebase_tim.o
 .debug_macro   0x0000000000019705      0x1bc Src/stm32f1xx_it.o