Archive member included to satisfy reference by file (symbol)

c:/ac6/systemworkbench/plugins/fr.ac6.mcu.externaltools.arm-none.win32_1.17.0.201812190825/tools/compiler/bin/../lib/gcc/arm-none-eabi/7.3.1/../../../../arm-none-eabi/lib/thumb/v7-m\libc_nano.a(lib_a-exit.o)
                              c:/ac6/systemworkbench/plugins/fr.ac6.mcu.externaltools.arm-none.win32_1.17.0.201812190825/tools/compiler/bin/../lib/gcc/arm-none-eabi/7.3.1/../../../../arm-none-eabi/lib/thumb/v7-m/crt0.o (exit)
c:/ac6/systemworkbench/plugins/fr.ac6.mcu.externaltools.arm-none.win32_1.17.0.201812190825/tools/compiler/bin/../lib/gcc/arm-none-eabi/7.3.1/../../../../arm-none-eabi/lib/thumb/v7-m\libc_nano.a(lib_a-impure.o)
                              c:/ac6/systemworkbench/plugins/fr.ac6.mcu.externaltools.arm-none.win32_1.17.0.201812190825/tools/compiler/bin/../lib/gcc/arm-none-eabi/7.3.1/../../../../arm-none-eabi/lib/thumb/v7-m\libc_nano.a(lib_a-exit.o) (_global_impure_ptr)
c:/ac6/systemworkbench/plugins/fr.ac6.mcu.externaltools.arm-none.win32_1.17.0.201812190825/tools/compiler/bin/../lib/gcc/arm-none-eabi/7.3.1/../../../../arm-none-eabi/lib/thumb/v7-m\libc_nano.a(lib_a-init.o)
                              c:/ac6/systemworkbench/plugins/fr.ac6.mcu.externaltools.arm-none.win32_1.17.0.201812190825/tools/compiler/bin/../lib/gcc/arm-none-eabi/7.3.1/../../../../arm-none-eabi/lib/thumb/v7-m/crt0.o (__libc_init_array)
c:/ac6/systemworkbench/plugins/fr.ac6.mcu.externaltools.arm-none.win32_1.17.0.201812190825/tools/compiler/bin/../lib/gcc/arm-none-eabi/7.3.1/../../../../arm-none-eabi/lib/thumb/v7-m\libc_nano.a(lib_a-memcpy-stub.o)
                              Middlewares/Third_Party/FreeRTOS/Source/queue.o (memcpy)
c:/ac6/systemworkbench/plugins/fr.ac6.mcu.externaltools.arm-none.win32_1.17.0.201812190825/tools/compiler/bin/../lib/gcc/arm-none-eabi/7.3.1/../../../../arm-none-eabi/lib/thumb/v7-m\libc_nano.a(lib_a-memset.o)
                              c:/ac6/systemworkbench/plugins/fr.ac6.mcu.externaltools.arm-none.win32_1.17.0.201812190825/tools/compiler/bin/../lib/gcc/arm-none-eabi/7.3.1/../../../../arm-none-eabi/lib/thumb/v7-m/crt0.o (memset)
c:/ac6/systemworkbench/plugins/fr.ac6.mcu.externaltools.arm-none.win32_1.17.0.201812190825/tools/compiler/bin/../lib/gcc/arm-none-eabi/7.3.1/../../../../arm-none-eabi/lib/thumb/v7-m\libnosys.a(_exit.o)
                              c:/ac6/systemworkbench/plugins/fr.ac6.mcu.externaltools.arm-none.win32_1.17.0.201812190825/tools/compiler/bin/../lib/gcc/arm-none-eabi/7.3.1/../../../../arm-none-eabi/lib/thumb/v7-m\libc_nano.a(lib_a-exit.o) (_exit)

Allocating common symbols
Common symbol       size              file

htim4               0x40              Src/main.o
hi2c2               0x54              Src/main.o
uwTick              0x4               Drivers/STM32F1xx_HAL_Driver/Src/stm32f1xx_hal.o
xQueueRegistry      0x40              Middlewares/Third_Party/FreeRTOS/Source/queue.o
pFlash              0x20              Drivers/STM32F1xx_HAL_Driver/Src/stm32f1xx_hal_flash.o
htim3               0x40              Src/main.o
S_AlarmHandle       0x4               Src/main.o
hdma_i2c2_rx        0x44              Src/main.o
ButtonsHandle       0x4               Src/main.o
htim1               0x40              Src/stm32f1xx_hal_timebase_tim.o
pullingHandle       0x4               Src/main.o
AlarmHandle         0x4               Src/main.o
Q_ButtonsHandle     0x4               Src/main.o
SensorHandle        0x4               Src/main.o
htim2               0x40              Src/main.o
S_SensorHandle      0x4               Src/main.o
RTC_DATA            0x3e              Src/DS3231.o

Discarded input sections

 .text          0x00000000        0x0 c:/ac6/systemworkbench/plugins/fr.ac6.mcu.externaltools.arm-none.win32_1.17.0.201812190825/tools/compiler/bin/../lib/gcc/arm-none-eabi/7.3.1/thumb/v7-m/crti.o
 .data          0x00000000        0x0 c:/ac6/systemworkbench/plugins/fr.ac6.mcu.externaltools.arm-none.win32_1.17.0.201812190825/tools/compiler/bin/../lib/gcc/arm-none-eabi/7.3.1/thumb/v7-m/crti.o
 .bss           0x00000000        0x0 c:/ac6/systemworkbench/plugins/fr.ac6.mcu.externaltools.arm-none.win32_1.17.0.201812190825/tools/compiler/bin/../lib/gcc/arm-none-eabi/7.3.1/thumb/v7-m/crti.o
 .data          0x00000000        0x4 c:/ac6/systemworkbench/plugins/fr.ac6.mcu.externaltools.arm-none.win32_1.17.0.201812190825/tools/compiler/bin/../lib/gcc/arm-none-eabi/7.3.1/thumb/v7-m/crtbegin.o
 .text          0x00000000       0x74 c:/ac6/systemworkbench/plugins/fr.ac6.mcu.externaltools.arm-none.win32_1.17.0.201812190825/tools/compiler/bin/../lib/gcc/arm-none-eabi/7.3.1/../../../../arm-none-eabi/lib/thumb/v7-m/crt0.o
 .data          0x00000000        0x0 c:/ac6/systemworkbench/plugins/fr.ac6.mcu.externaltools.arm-none.win32_1.17.0.201812190825/tools/compiler/bin/../lib/gcc/arm-none-eabi/7.3.1/../../../../arm-none-eabi/lib/thumb/v7-m/crt0.o
[...]
Memory Configuration

Name             Origin             Length             Attributes
RAM              0x20000000         0x00005000         xrw
FLASH            0x08000000         0x00010000         xr
*default*        0x00000000         0xffffffff

Linker script and memory map

LOAD c:/ac6/systemworkbench/plugins/fr.ac6.mcu.externaltools.arm-none.win32_1.17.0.201812190825/tools/compiler/bin/../lib/gcc/arm-none-eabi/7.3.1/thumb/v7-m/crti.o
LOAD c:/ac6/systemworkbench/plugins/fr.ac6.mcu.externaltools.arm-none.win32_1.17.0.201812190825/tools/compiler/bin/../lib/gcc/arm-none-eabi/7.3.1/thumb/v7-m/crtbegin.o
LOAD c:/ac6/systemworkbench/plugins/fr.ac6.mcu.externaltools.arm-none.win32_1.17.0.201812190825/tools/compiler/bin/../lib/gcc/arm-none-eabi/7.3.1/../../../../arm-none-eabi/lib/thumb/v7-m/crt0.o
LOAD Drivers/STM32F1xx_HAL_Driver/Src/stm32f1xx_hal.o
LOAD Drivers/STM32F1xx_HAL_Driver/Src/stm32f1xx_hal_cortex.o
LOAD Drivers/STM32F1xx_HAL_Driver/Src/stm32f1xx_hal_dma.o
LOAD Drivers/STM32F1xx_HAL_Driver/Src/stm32f1xx_hal_flash.o
LOAD Drivers/STM32F1xx_HAL_Driver/Src/stm32f1xx_hal_flash_ex.o
LOAD Drivers/STM32F1xx_HAL_Driver/Src/stm32f1xx_hal_gpio.o
LOAD Drivers/STM32F1xx_HAL_Driver/Src/stm32f1xx_hal_gpio_ex.o
LOAD Drivers/STM32F1xx_HAL_Driver/Src/stm32f1xx_hal_i2c.o
LOAD Drivers/STM32F1xx_HAL_Driver/Src/stm32f1xx_hal_pwr.o
LOAD Drivers/STM32F1xx_HAL_Driver/Src/stm32f1xx_hal_rcc.o
LOAD Drivers/STM32F1xx_HAL_Driver/Src/stm32f1xx_hal_rcc_ex.o
LOAD Drivers/STM32F1xx_HAL_Driver/Src/stm32f1xx_hal_tim.o
LOAD Drivers/STM32F1xx_HAL_Driver/Src/stm32f1xx_hal_tim_ex.o
LOAD Middlewares/Third_Party/FreeRTOS/Source/CMSIS_RTOS/cmsis_os.o
LOAD Middlewares/Third_Party/FreeRTOS/Source/croutine.o
LOAD Middlewares/Third_Party/FreeRTOS/Source/event_groups.o
LOAD Middlewares/Third_Party/FreeRTOS/Source/list.o
LOAD Middlewares/Third_Party/FreeRTOS/Source/queue.o
LOAD Middlewares/Third_Party/FreeRTOS/Source/tasks.o
LOAD Middlewares/Third_Party/FreeRTOS/Source/timers.o
LOAD Middlewares/Third_Party/FreeRTOS/Source/portable/GCC/ARM_CM3/port.o
LOAD Middlewares/Third_Party/FreeRTOS/Source/portable/MemMang/heap_4.o
LOAD Src/DS3231.o
LOAD Src/freertos.o
LOAD Src/main.o
LOAD Src/nixieDisplay.o
LOAD Src/stm32f1xx_hal_msp.o
LOAD Src/stm32f1xx_hal_timebase_tim.o
LOAD Src/stm32f1xx_it.o
LOAD Src/system_stm32f1xx.o
LOAD Yakindu/src-gen/Nixie.o
LOAD startup/startup_stm32f103xb.o
LOAD c:/ac6/systemworkbench/plugins/fr.ac6.mcu.externaltools.arm-none.win32_1.17.0.201812190825/tools/compiler/bin/../lib/gcc/arm-none-eabi/7.3.1/../../../../arm-none-eabi/lib/thumb/v7-m\libm.a
START GROUP
LOAD c:/ac6/systemworkbench/plugins/fr.ac6.mcu.externaltools.arm-none.win32_1.17.0.201812190825/tools/compiler/bin/../lib/gcc/arm-none-eabi/7.3.1/thumb/v7-m\libgcc.a
LOAD c:/ac6/systemworkbench/plugins/fr.ac6.mcu.externaltools.arm-none.win32_1.17.0.201812190825/tools/compiler/bin/../lib/gcc/arm-none-eabi/7.3.1/../../../../arm-none-eabi/lib/thumb/v7-m\libc_nano.a
END GROUP
START GROUP
LOAD c:/ac6/systemworkbench/plugins/fr.ac6.mcu.externaltools.arm-none.win32_1.17.0.201812190825/tools/compiler/bin/../lib/gcc/arm-none-eabi/7.3.1/thumb/v7-m\libgcc.a
LOAD c:/ac6/systemworkbench/plugins/fr.ac6.mcu.externaltools.arm-none.win32_1.17.0.201812190825/tools/compiler/bin/../lib/gcc/arm-none-eabi/7.3.1/../../../../arm-none-eabi/lib/thumb/v7-m\libc_nano.a
LOAD c:/ac6/systemworkbench/plugins/fr.ac6.mcu.externaltools.arm-none.win32_1.17.0.201812190825/tools/compiler/bin/../lib/gcc/arm-none-eabi/7.3.1/../../../../arm-none-eabi/lib/thumb/v7-m\libnosys.a
END GROUP
START GROUP
LOAD c:/ac6/systemworkbench/plugins/fr.ac6.mcu.externaltools.arm-none.win32_1.17.0.201812190825/tools/compiler/bin/../lib/gcc/arm-none-eabi/7.3.1/thumb/v7-m\libgcc.a
LOAD c:/ac6/systemworkbench/plugins/fr.ac6.mcu.externaltools.arm-none.win32_1.17.0.201812190825/tools/compiler/bin/../lib/gcc/arm-none-eabi/7.3.1/../../../../arm-none-eabi/lib/thumb/v7-m\libc_nano.a
LOAD c:/ac6/systemworkbench/plugins/fr.ac6.mcu.externaltools.arm-none.win32_1.17.0.201812190825/tools/compiler/bin/../lib/gcc/arm-none-eabi/7.3.1/../../../../arm-none-eabi/lib/thumb/v7-m\libnosys.a
END GROUP
LOAD c:/ac6/systemworkbench/plugins/fr.ac6.mcu.externaltools.arm-none.win32_1.17.0.201812190825/tools/compiler/bin/../lib/gcc/arm-none-eabi/7.3.1/thumb/v7-m/crtend.o
LOAD c:/ac6/systemworkbench/plugins/fr.ac6.mcu.externaltools.arm-none.win32_1.17.0.201812190825/tools/compiler/bin/../lib/gcc/arm-none-eabi/7.3.1/thumb/v7-m/crtn.o
                0x20005000                _estack = 0x20005000
                0x00000200                _Min_Heap_Size = 0x200
                0x00000400                _Min_Stack_Size = 0x400

.isr_vector     0x08000000      0x10c
                0x08000000                . = ALIGN (0x4)
 *(.isr_vector)
 .isr_vector    0x08000000      0x10c startup/startup_stm32f103xb.o
                0x08000000                g_pfnVectors
                0x0800010c                . = ALIGN (0x4)

.text           0x08000110     0x605c
                0x08000110                . = ALIGN (0x4)
 *(.text)
 .text          0x08000110       0x40 c:/ac6/systemworkbench/plugins/fr.ac6.mcu.externaltools.arm-none.win32_1.17.0.201812190825/tools/compiler/bin/../lib/gcc/arm-none-eabi/7.3.1/thumb/v7-m/crtbegin.o
 *(.text*)
 .text.HAL_Init
                0x08000150       0x24 Drivers/STM32F1xx_HAL_Driver/Src/stm32f1xx_hal.o
                0x08000150                HAL_Init
 .text.HAL_IncTick
                0x08000174       0x18 Drivers/STM32F1xx_HAL_Driver/Src/stm32f1xx_hal.o
                0x08000174                HAL_IncTick
 .text.HAL_GetTick
                0x0800018c        0xc Drivers/STM32F1xx_HAL_Driver/Src/stm32f1xx_hal.o
                0x0800018c                HAL_GetTick
 .text.HAL_NVIC_SetPriorityGrouping
                0x08000198       0x24 Drivers/STM32F1xx_HAL_Driver/Src/stm32f1xx_hal_cortex.o
                0x08000198                HAL_NVIC_SetPriorityGrouping
 .text.HAL_NVIC_SetPriority
                0x080001bc       0x68 Drivers/STM32F1xx_HAL_Driver/Src/stm32f1xx_hal_cortex.o
                0x080001bc                HAL_NVIC_SetPriority
 .text.HAL_NVIC_EnableIRQ
                0x08000224       0x18 Drivers/STM32F1xx_HAL_Driver/Src/stm32f1xx_hal_cortex.o
                0x08000224                HAL_NVIC_EnableIRQ
 .text.DMA_SetConfig
                0x0800023c       0x2c Drivers/STM32F1xx_HAL_Driver/Src/stm32f1xx_hal_dma.o
 .text.HAL_DMA_Init
                0x08000268       0x6c Drivers/STM32F1xx_HAL_Driver/Src/stm32f1xx_hal_dma.o
                0x08000268                HAL_DMA_Init
 .text.HAL_DMA_Start_IT
                0x080002d4       0x74 Drivers/STM32F1xx_HAL_Driver/Src/stm32f1xx_hal_dma.o
                0x080002d4                HAL_DMA_Start_IT
 .text.HAL_DMA_Abort_IT
                0x08000348       0x98 Drivers/STM32F1xx_HAL_Driver/Src/stm32f1xx_hal_dma.o
                0x08000348                HAL_DMA_Abort_IT
 .text.HAL_DMA_IRQHandler
                0x080003e0      0x144 Drivers/STM32F1xx_HAL_Driver/Src/stm32f1xx_hal_dma.o
                0x080003e0                HAL_DMA_IRQHandler
 .text.HAL_GPIO_Init
                0x08000524      0x1d4 Drivers/STM32F1xx_HAL_Driver/Src/stm32f1xx_hal_gpio.o
                0x08000524                HAL_GPIO_Init
 .text.HAL_GPIO_ReadPin
                0x080006f8        0xe Drivers/STM32F1xx_HAL_Driver/Src/stm32f1xx_hal_gpio.o
                0x080006f8                HAL_GPIO_ReadPin
 .text.HAL_GPIO_WritePin
                0x08000706        0xc Drivers/STM32F1xx_HAL_Driver/Src/stm32f1xx_hal_gpio.o
                0x08000706                HAL_GPIO_WritePin
 .text.HAL_GPIO_TogglePin
                0x08000712        0x8 Drivers/STM32F1xx_HAL_Driver/Src/stm32f1xx_hal_gpio.o
                0x08000712                HAL_GPIO_TogglePin
 *fill*         0x0800071a        0x2 
 .text.HAL_GPIO_EXTI_IRQHandler
                0x0800071c       0x1c Drivers/STM32F1xx_HAL_Driver/Src/stm32f1xx_hal_gpio.o
                0x0800071c                HAL_GPIO_EXTI_IRQHandler
 .text.I2C_Master_SB
                0x08000738       0x8a Drivers/STM32F1xx_HAL_Driver/Src/stm32f1xx_hal_i2c.o
 .text.I2C_Master_ADD10
                0x080007c2        0xc Drivers/STM32F1xx_HAL_Driver/Src/stm32f1xx_hal_i2c.o
 .text.I2C_Master_ADDR
                0x080007ce      0x1da Drivers/STM32F1xx_HAL_Driver/Src/stm32f1xx_hal_i2c.o
 .text.I2C_SlaveTransmit_BTF
                0x080009a8       0x1e Drivers/STM32F1xx_HAL_Driver/Src/stm32f1xx_hal_i2c.o
 .text.I2C_SlaveReceive_BTF
                0x080009c6       0x1e Drivers/STM32F1xx_HAL_Driver/Src/stm32f1xx_hal_i2c.o
 .text.I2C_IsAcknowledgeFailed
                0x080009e4       0x2a Drivers/STM32F1xx_HAL_Driver/Src/stm32f1xx_hal_i2c.o
 .text.I2C_WaitOnFlagUntilTimeout
                0x08000a0e       0x68 Drivers/STM32F1xx_HAL_Driver/Src/stm32f1xx_hal_i2c.o
 .text.I2C_WaitOnMasterAddressFlagUntilTimeout
                0x08000a76       0x90 Drivers/STM32F1xx_HAL_Driver/Src/stm32f1xx_hal_i2c.o
 *fill*         0x08000b06        0x2 
 .text.I2C_MasterRequestWrite
                0x08000b08       0xbc Drivers/STM32F1xx_HAL_Driver/Src/stm32f1xx_hal_i2c.o
 .text.I2C_WaitOnTXEFlagUntilTimeout
                0x08000bc4       0x4e Drivers/STM32F1xx_HAL_Driver/Src/stm32f1xx_hal_i2c.o
 *fill*         0x08000c12        0x2 
 .text.I2C_RequestMemoryRead
                0x08000c14      0x148 Drivers/STM32F1xx_HAL_Driver/Src/stm32f1xx_hal_i2c.o
 .text.I2C_WaitOnBTFFlagUntilTimeout
                0x08000d5c       0x4e Drivers/STM32F1xx_HAL_Driver/Src/stm32f1xx_hal_i2c.o
 *fill*         0x08000daa        0x2 
 .text.HAL_I2C_Init
                0x08000dac      0x168 Drivers/STM32F1xx_HAL_Driver/Src/stm32f1xx_hal_i2c.o
                0x08000dac                HAL_I2C_Init
 .text.HAL_I2C_Master_Transmit
                0x08000f14      0x184 Drivers/STM32F1xx_HAL_Driver/Src/stm32f1xx_hal_i2c.o
                0x08000f14                HAL_I2C_Master_Transmit
 .text.HAL_I2C_Mem_Read_DMA
                0x08001098      0x1c0 Drivers/STM32F1xx_HAL_Driver/Src/stm32f1xx_hal_i2c.o
                0x08001098                HAL_I2C_Mem_Read_DMA
 .text.HAL_I2C_MasterTxCpltCallback
                0x08001258        0x2 Drivers/STM32F1xx_HAL_Driver/Src/stm32f1xx_hal_i2c.o
                0x08001258                HAL_I2C_MasterTxCpltCallback
 .text.HAL_I2C_MasterRxCpltCallback
                0x0800125a        0x2 Drivers/STM32F1xx_HAL_Driver/Src/stm32f1xx_hal_i2c.o
                0x0800125a                HAL_I2C_MasterRxCpltCallback
 .text.HAL_I2C_SlaveTxCpltCallback
                0x0800125c        0x2 Drivers/STM32F1xx_HAL_Driver/Src/stm32f1xx_hal_i2c.o
                0x0800125c                HAL_I2C_SlaveTxCpltCallback
 .text.I2C_SlaveTransmit_TXE
                0x0800125e       0x4a Drivers/STM32F1xx_HAL_Driver/Src/stm32f1xx_hal_i2c.o
 .text.HAL_I2C_SlaveRxCpltCallback
                0x080012a8        0x2 Drivers/STM32F1xx_HAL_Driver/Src/stm32f1xx_hal_i2c.o
                0x080012a8                HAL_I2C_SlaveRxCpltCallback
 .text.I2C_SlaveReceive_RXNE
                0x080012aa       0x4e Drivers/STM32F1xx_HAL_Driver/Src/stm32f1xx_hal_i2c.o
 .text.HAL_I2C_AddrCallback
                0x080012f8        0x2 Drivers/STM32F1xx_HAL_Driver/Src/stm32f1xx_hal_i2c.o
                0x080012f8                HAL_I2C_AddrCallback
 .text.I2C_Slave_ADDR
                0x080012fa       0x28 Drivers/STM32F1xx_HAL_Driver/Src/stm32f1xx_hal_i2c.o
 .text.HAL_I2C_ListenCpltCallback
                0x08001322        0x2 Drivers/STM32F1xx_HAL_Driver/Src/stm32f1xx_hal_i2c.o
                0x08001322                HAL_I2C_ListenCpltCallback
 .text.HAL_I2C_MemTxCpltCallback
                0x08001324        0x2 Drivers/STM32F1xx_HAL_Driver/Src/stm32f1xx_hal_i2c.o
                0x08001324                HAL_I2C_MemTxCpltCallback
 .text.I2C_MasterTransmit_TXE
                0x08001326      0x146 Drivers/STM32F1xx_HAL_Driver/Src/stm32f1xx_hal_i2c.o
 .text.I2C_MasterTransmit_BTF
                0x0800146c       0x9c Drivers/STM32F1xx_HAL_Driver/Src/stm32f1xx_hal_i2c.o
 .text.I2C_MasterReceive_RXNE
                0x08001508       0xcc Drivers/STM32F1xx_HAL_Driver/Src/stm32f1xx_hal_i2c.o
 .text.I2C_MasterReceive_BTF
                0x080015d4       0xf6 Drivers/STM32F1xx_HAL_Driver/Src/stm32f1xx_hal_i2c.o
 .text.HAL_I2C_ErrorCallback
                0x080016ca        0x2 Drivers/STM32F1xx_HAL_Driver/Src/stm32f1xx_hal_i2c.o
                0x080016ca                HAL_I2C_ErrorCallback
 .text.I2C_DMAError
                0x080016cc       0x2a Drivers/STM32F1xx_HAL_Driver/Src/stm32f1xx_hal_i2c.o
 .text.I2C_DMAXferCplt
                0x080016f6       0x94 Drivers/STM32F1xx_HAL_Driver/Src/stm32f1xx_hal_i2c.o
 .text.HAL_I2C_AbortCpltCallback
                0x0800178a        0x2 Drivers/STM32F1xx_HAL_Driver/Src/stm32f1xx_hal_i2c.o
                0x0800178a                HAL_I2C_AbortCpltCallback
 .text.I2C_ITError
                0x0800178c      0x148 Drivers/STM32F1xx_HAL_Driver/Src/stm32f1xx_hal_i2c.o
 .text.I2C_Slave_STOPF
                0x080018d4      0x100 Drivers/STM32F1xx_HAL_Driver/Src/stm32f1xx_hal_i2c.o
 .text.HAL_I2C_EV_IRQHandler
                0x080019d4      0x168 Drivers/STM32F1xx_HAL_Driver/Src/stm32f1xx_hal_i2c.o
                0x080019d4                HAL_I2C_EV_IRQHandler
 .text.I2C_DMAAbort
                0x08001b3c       0x5e Drivers/STM32F1xx_HAL_Driver/Src/stm32f1xx_hal_i2c.o
 *fill*         0x08001b9a        0x2 
 .text.RCC_Delay
                0x08001b9c       0x2c Drivers/STM32F1xx_HAL_Driver/Src/stm32f1xx_hal_rcc.o
 .text.HAL_RCC_OscConfig
                0x08001bc8      0x3dc Drivers/STM32F1xx_HAL_Driver/Src/stm32f1xx_hal_rcc.o
                0x08001bc8                HAL_RCC_OscConfig
 .text.HAL_RCC_GetSysClockFreq
                0x08001fa4       0x70 Drivers/STM32F1xx_HAL_Driver/Src/stm32f1xx_hal_rcc.o
                0x08001fa4                HAL_RCC_GetSysClockFreq
 .text.HAL_RCC_ClockConfig
                0x08002014      0x19c Drivers/STM32F1xx_HAL_Driver/Src/stm32f1xx_hal_rcc.o
                0x08002014                HAL_RCC_ClockConfig
 .text.HAL_RCC_GetHCLKFreq
                0x080021b0        0xc Drivers/STM32F1xx_HAL_Driver/Src/stm32f1xx_hal_rcc.o
                0x080021b0                HAL_RCC_GetHCLKFreq
 .text.HAL_RCC_GetPCLK1Freq
                0x080021bc       0x20 Drivers/STM32F1xx_HAL_Driver/Src/stm32f1xx_hal_rcc.o
                0x080021bc                HAL_RCC_GetPCLK1Freq
 .text.HAL_RCC_GetPCLK2Freq
                0x080021dc       0x20 Drivers/STM32F1xx_HAL_Driver/Src/stm32f1xx_hal_rcc.o
                0x080021dc                HAL_RCC_GetPCLK2Freq
 .text.HAL_RCC_GetClockConfig
                0x080021fc       0x3c Drivers/STM32F1xx_HAL_Driver/Src/stm32f1xx_hal_rcc.o
                0x080021fc                HAL_RCC_GetClockConfig
 .text.TIM_TI1_ConfigInputStage
                0x08002238       0x24 Drivers/STM32F1xx_HAL_Driver/Src/stm32f1xx_hal_tim.o
 .text.TIM_TI2_ConfigInputStage
                0x0800225c       0x26 Drivers/STM32F1xx_HAL_Driver/Src/stm32f1xx_hal_tim.o
 .text.TIM_ITRx_SetConfig
                0x08002282       0x10 Drivers/STM32F1xx_HAL_Driver/Src/stm32f1xx_hal_tim.o
 .text.TIM_ETR_SetConfig
                0x08002292       0x16 Drivers/STM32F1xx_HAL_Driver/Src/stm32f1xx_hal_tim.o
 .text.HAL_TIM_Base_Start_IT
                0x080022a8       0x18 Drivers/STM32F1xx_HAL_Driver/Src/stm32f1xx_hal_tim.o
                0x080022a8                HAL_TIM_Base_Start_IT
 .text.HAL_TIM_ConfigClockSource
                0x080022c0      0x108 Drivers/STM32F1xx_HAL_Driver/Src/stm32f1xx_hal_tim.o
                0x080022c0                HAL_TIM_ConfigClockSource
 .text.HAL_TIM_OC_DelayElapsedCallback
                0x080023c8        0x2 Drivers/STM32F1xx_HAL_Driver/Src/stm32f1xx_hal_tim.o
                0x080023c8                HAL_TIM_OC_DelayElapsedCallback
 .text.HAL_TIM_IC_CaptureCallback
                0x080023ca        0x2 Drivers/STM32F1xx_HAL_Driver/Src/stm32f1xx_hal_tim.o
                0x080023ca                HAL_TIM_IC_CaptureCallback
 .text.HAL_TIM_PWM_PulseFinishedCallback
                0x080023cc        0x2 Drivers/STM32F1xx_HAL_Driver/Src/stm32f1xx_hal_tim.o
                0x080023cc                HAL_TIM_PWM_PulseFinishedCallback
 .text.HAL_TIM_TriggerCallback
                0x080023ce        0x2 Drivers/STM32F1xx_HAL_Driver/Src/stm32f1xx_hal_tim.o
                0x080023ce                HAL_TIM_TriggerCallback
 .text.HAL_TIM_IRQHandler
                0x080023d0      0x17a Drivers/STM32F1xx_HAL_Driver/Src/stm32f1xx_hal_tim.o
                0x080023d0                HAL_TIM_IRQHandler
 *fill*         0x0800254a        0x2 
 .text.TIM_Base_SetConfig
                0x0800254c       0x74 Drivers/STM32F1xx_HAL_Driver/Src/stm32f1xx_hal_tim.o
                0x0800254c                TIM_Base_SetConfig
 .text.HAL_TIM_Base_Init
                0x080025c0       0x32 Drivers/STM32F1xx_HAL_Driver/Src/stm32f1xx_hal_tim.o
                0x080025c0                HAL_TIM_Base_Init
 .text.HAL_TIMEx_MasterConfigSynchronization
                0x080025f2       0x52 Drivers/STM32F1xx_HAL_Driver/Src/stm32f1xx_hal_tim_ex.o
                0x080025f2                HAL_TIMEx_MasterConfigSynchronization
 .text.HAL_TIMEx_CommutationCallback
                0x08002644        0x2 Drivers/STM32F1xx_HAL_Driver/Src/stm32f1xx_hal_tim_ex.o
                0x08002644                HAL_TIMEx_CommutationCallback
 .text.HAL_TIMEx_BreakCallback
                0x08002646        0x2 Drivers/STM32F1xx_HAL_Driver/Src/stm32f1xx_hal_tim_ex.o
                0x08002646                HAL_TIMEx_BreakCallback
 .text.makeFreeRtosPriority
                0x08002648        0xc Middlewares/Third_Party/FreeRTOS/Source/CMSIS_RTOS/cmsis_os.o
 .text.osKernelStart
                0x08002654        0xa Middlewares/Third_Party/FreeRTOS/Source/CMSIS_RTOS/cmsis_os.o
                0x08002654                osKernelStart
 .text.osThreadCreate
                0x0800265e       0x34 Middlewares/Third_Party/FreeRTOS/Source/CMSIS_RTOS/cmsis_os.o
                0x0800265e                osThreadCreate
 .text.osDelay  0x08002692       0x12 Middlewares/Third_Party/FreeRTOS/Source/CMSIS_RTOS/cmsis_os.o
                0x08002692                osDelay
 .text.osSemaphoreCreate
                0x080026a4       0x26 Middlewares/Third_Party/FreeRTOS/Source/CMSIS_RTOS/cmsis_os.o
                0x080026a4                osSemaphoreCreate
 .text.osMessageCreate
                0x080026ca        0xe Middlewares/Third_Party/FreeRTOS/Source/CMSIS_RTOS/cmsis_os.o
                0x080026ca                osMessageCreate
 .text.vListInitialise
                0x080026d8       0x16 Middlewares/Third_Party/FreeRTOS/Source/list.o
                0x080026d8                vListInitialise
 .text.vListInitialiseItem
                0x080026ee        0x6 Middlewares/Third_Party/FreeRTOS/Source/list.o
                0x080026ee                vListInitialiseItem
 .text.vListInsertEnd
                0x080026f4       0x18 Middlewares/Third_Party/FreeRTOS/Source/list.o
                0x080026f4                vListInsertEnd
 .text.vListInsert
                0x0800270c       0x34 Middlewares/Third_Party/FreeRTOS/Source/list.o
                0x0800270c                vListInsert
 .text.uxListRemove
                0x08002740       0x26 Middlewares/Third_Party/FreeRTOS/Source/list.o
                0x08002740                uxListRemove
 .text.prvIsQueueFull
                0x08002766       0x1e Middlewares/Third_Party/FreeRTOS/Source/queue.o
 .text.prvIsQueueEmpty
                0x08002784       0x1a Middlewares/Third_Party/FreeRTOS/Source/queue.o
 .text.prvCopyDataToQueue
                0x0800279e       0x76 Middlewares/Third_Party/FreeRTOS/Source/queue.o
 .text.prvCopyDataFromQueue
                0x08002814       0x24 Middlewares/Third_Party/FreeRTOS/Source/queue.o
 .text.prvUnlockQueue
                0x08002838       0x6e Middlewares/Third_Party/FreeRTOS/Source/queue.o
 *fill*         0x080028a6        0x2 
 .text.xQueueGenericReset
                0x080028a8       0x84 Middlewares/Third_Party/FreeRTOS/Source/queue.o
                0x080028a8                xQueueGenericReset
 .text.prvInitialiseNewQueue
                0x0800292c       0x1c Middlewares/Third_Party/FreeRTOS/Source/queue.o
 .text.xQueueGenericCreate
                0x08002948       0x48 Middlewares/Third_Party/FreeRTOS/Source/queue.o
                0x08002948                xQueueGenericCreate
 .text.xQueueGenericSend
                0x08002990      0x17c Middlewares/Third_Party/FreeRTOS/Source/queue.o
                0x08002990                xQueueGenericSend
 .text.xQueueGiveFromISR
                0x08002b0c       0xb2 Middlewares/Third_Party/FreeRTOS/Source/queue.o
                0x08002b0c                xQueueGiveFromISR
 *fill*         0x08002bbe        0x2 
 .text.xQueueGenericReceive
                0x08002bc0      0x1a4 Middlewares/Third_Party/FreeRTOS/Source/queue.o
                0x08002bc0                xQueueGenericReceive
 .text.prvResetNextTaskUnblockTime
                0x08002d64       0x24 Middlewares/Third_Party/FreeRTOS/Source/tasks.o
 .text.prvDeleteTCB
                0x08002d88       0x12 Middlewares/Third_Party/FreeRTOS/Source/tasks.o
 .text.prvInitialiseNewTask
                0x08002d9a       0x80 Middlewares/Third_Party/FreeRTOS/Source/tasks.o
 *fill*         0x08002e1a        0x2 
 .text.prvInitialiseTaskLists
                0x08002e1c       0x58 Middlewares/Third_Party/FreeRTOS/Source/tasks.o
 .text.prvAddNewTaskToReadyList
                0x08002e74       0xac Middlewares/Third_Party/FreeRTOS/Source/tasks.o
 .text.prvAddCurrentTaskToDelayedList
                0x08002f20       0x88 Middlewares/Third_Party/FreeRTOS/Source/tasks.o
 .text.xTaskCreate
                0x08002fa8       0x62 Middlewares/Third_Party/FreeRTOS/Source/tasks.o
                0x08002fa8                xTaskCreate
 *fill*         0x0800300a        0x2 
 .text.vTaskStartScheduler
                0x0800300c       0x74 Middlewares/Third_Party/FreeRTOS/Source/tasks.o
                0x0800300c                vTaskStartScheduler
 .text.vTaskSuspendAll
                0x08003080       0x14 Middlewares/Third_Party/FreeRTOS/Source/tasks.o
                0x08003080                vTaskSuspendAll
 .text.xTaskIncrementTick
                0x08003094      0x10c Middlewares/Third_Party/FreeRTOS/Source/tasks.o
                0x08003094                xTaskIncrementTick
 .text.xTaskResumeAll
                0x080031a0       0xf0 Middlewares/Third_Party/FreeRTOS/Source/tasks.o
                0x080031a0                xTaskResumeAll
 .text.vTaskDelay
                0x08003290       0x4c Middlewares/Third_Party/FreeRTOS/Source/tasks.o
                0x08003290                vTaskDelay
 .text.prvCheckTasksWaitingTermination
                0x080032dc       0x54 Middlewares/Third_Party/FreeRTOS/Source/tasks.o
 .text.prvIdleTask
                0x08003330       0x28 Middlewares/Third_Party/FreeRTOS/Source/tasks.o
 .text.vTaskSwitchContext
                0x08003358       0x90 Middlewares/Third_Party/FreeRTOS/Source/tasks.o
                0x08003358                vTaskSwitchContext
 .text.vTaskPlaceOnEventList
                0x080033e8       0x34 Middlewares/Third_Party/FreeRTOS/Source/tasks.o
                0x080033e8                vTaskPlaceOnEventList
 .text.xTaskRemoveFromEventList
                0x0800341c       0x84 Middlewares/Third_Party/FreeRTOS/Source/tasks.o
                0x0800341c                xTaskRemoveFromEventList
 .text.vTaskSetTimeOutState
                0x080034a0       0x28 Middlewares/Third_Party/FreeRTOS/Source/tasks.o
                0x080034a0                vTaskSetTimeOutState
 .text.xTaskCheckForTimeOut
                0x080034c8       0x80 Middlewares/Third_Party/FreeRTOS/Source/tasks.o
                0x080034c8                xTaskCheckForTimeOut
 .text.vTaskMissedYield
                0x08003548       0x10 Middlewares/Third_Party/FreeRTOS/Source/tasks.o
                0x08003548                vTaskMissedYield
 .text.xTaskGetSchedulerState
                0x08003558       0x20 Middlewares/Third_Party/FreeRTOS/Source/tasks.o
                0x08003558                xTaskGetSchedulerState
 .text.vTaskPriorityInherit
                0x08003578       0xac Middlewares/Third_Party/FreeRTOS/Source/tasks.o
                0x08003578                vTaskPriorityInherit
 .text.xTaskPriorityDisinherit
                0x08003624       0xb0 Middlewares/Third_Party/FreeRTOS/Source/tasks.o
                0x08003624                xTaskPriorityDisinherit
 .text.pvTaskIncrementMutexHeldCount
                0x080036d4       0x20 Middlewares/Third_Party/FreeRTOS/Source/tasks.o
                0x080036d4                pvTaskIncrementMutexHeldCount
 .text.prvTaskExitError
                0x080036f4       0x34 Middlewares/Third_Party/FreeRTOS/Source/portable/GCC/ARM_CM3/port.o
 .text.prvPortStartFirstTask
                0x08003728       0x20 Middlewares/Third_Party/FreeRTOS/Source/portable/GCC/ARM_CM3/port.o
 .text.pxPortInitialiseStack
                0x08003748       0x24 Middlewares/Third_Party/FreeRTOS/Source/portable/GCC/ARM_CM3/port.o
                0x08003748                pxPortInitialiseStack
 *fill*         0x0800376c        0x4 
 .text.SVC_Handler
                0x08003770       0x24 Middlewares/Third_Party/FreeRTOS/Source/portable/GCC/ARM_CM3/port.o
                0x08003770                SVC_Handler
 .text.vPortEnterCritical
                0x08003794       0x44 Middlewares/Third_Party/FreeRTOS/Source/portable/GCC/ARM_CM3/port.o
                0x08003794                vPortEnterCritical
 .text.vPortExitCritical
                0x080037d8       0x2c Middlewares/Third_Party/FreeRTOS/Source/portable/GCC/ARM_CM3/port.o
                0x080037d8                vPortExitCritical
 *fill*         0x08003804        0xc 
 .text.PendSV_Handler
                0x08003810       0x44 Middlewares/Third_Party/FreeRTOS/Source/portable/GCC/ARM_CM3/port.o
                0x08003810                PendSV_Handler
 .text.SysTick_Handler
                0x08003854       0x2c Middlewares/Third_Party/FreeRTOS/Source/portable/GCC/ARM_CM3/port.o
                0x08003854                SysTick_Handler
 .text.vPortSetupTimerInterrupt
                0x08003880       0x2c Middlewares/Third_Party/FreeRTOS/Source/portable/GCC/ARM_CM3/port.o
                0x08003880                vPortSetupTimerInterrupt
 .text.xPortStartScheduler
                0x080038ac       0x90 Middlewares/Third_Party/FreeRTOS/Source/portable/GCC/ARM_CM3/port.o
                0x080038ac                xPortStartScheduler
 .text.vPortValidateInterruptPriority
                0x0800393c       0x58 Middlewares/Third_Party/FreeRTOS/Source/portable/GCC/ARM_CM3/port.o
                0x0800393c                vPortValidateInterruptPriority
 .text.prvHeapInit
                0x08003994       0x4c Middlewares/Third_Party/FreeRTOS/Source/portable/MemMang/heap_4.o
 .text.prvInsertBlockIntoFreeList
                0x080039e0       0x50 Middlewares/Third_Party/FreeRTOS/Source/portable/MemMang/heap_4.o
 .text.pvPortMalloc
                0x08003a30       0xf4 Middlewares/Third_Party/FreeRTOS/Source/portable/MemMang/heap_4.o
                0x08003a30                pvPortMalloc
 .text.vPortFree
                0x08003b24       0x6c Middlewares/Third_Party/FreeRTOS/Source/portable/MemMang/heap_4.o
                0x08003b24                vPortFree
 .text.getRTC   0x08003b90       0x20 Src/DS3231.o
                0x08003b90                getRTC
 .text.Display  0x08003bb0       0x48 Src/DS3231.o
                0x08003bb0                Display
 .text.setConfigRTC
                0x08003bf8       0x3e Src/DS3231.o
                0x08003bf8                setConfigRTC
 .text.stopAlarm
                0x08003c36       0x24 Src/DS3231.o
                0x08003c36                stopAlarm
 *fill*         0x08003c5a        0x2 
 .text.enableAlarm
                0x08003c5c       0x40 Src/DS3231.o
                0x08003c5c                enableAlarm
 .text.increase
                0x08003c9c      0x270 Src/DS3231.o
                0x08003c9c                increase
 .text.resetVarRTC
                0x08003f0c       0x24 Src/DS3231.o
                0x08003f0c                resetVarRTC
 .text.setRTC   0x08003f30      0x17c Src/DS3231.o
                0x08003f30                setRTC
 .text.loadRTC  0x080040ac      0x128 Src/DS3231.o
                0x080040ac                loadRTC
 .text.MX_GPIO_Init
                0x080041d4      0x138 Src/main.o
 .text.MX_DMA_Init
                0x0800430c       0x34 Src/main.o
 .text.MX_TIM2_Init
                0x08004340       0x54 Src/main.o
 .text.MX_TIM3_Init
                0x08004394       0x54 Src/main.o
 .text.MX_TIM4_Init
                0x080043e8       0x54 Src/main.o
 .text.MX_I2C2_Init
                0x0800443c       0x34 Src/main.o
 .text.StartSensorTask
                0x08004470       0x20 Src/main.o
                0x08004470                StartSensorTask
 .text.StartButtosTask
                0x08004490       0x2c Src/main.o
                0x08004490                StartButtosTask
 .text.StartAlarmTask
                0x080044bc       0x20 Src/main.o
                0x080044bc                StartAlarmTask
 .text.event    0x080044dc       0xc8 Src/main.o
                0x080044dc                event
 .text.StartPullingTask
                0x080045a4       0x34 Src/main.o
                0x080045a4                StartPullingTask
 .text.SystemClock_Config
                0x080045d8       0x52 Src/main.o
                0x080045d8                SystemClock_Config
 *fill*         0x0800462a        0x2 
 .text.main     0x0800462c       0xf0 Src/main.o
                0x0800462c                main
 .text.HAL_GPIO_EXTI_Callback
                0x0800471c       0x50 Src/main.o
                0x0800471c                HAL_GPIO_EXTI_Callback
 .text.HAL_I2C_MemRxCpltCallback
                0x0800476c       0x18 Src/main.o
                0x0800476c                HAL_I2C_MemRxCpltCallback
 .text.HAL_TIM_PeriodElapsedCallback
                0x08004784       0xcc Src/main.o
                0x08004784                HAL_TIM_PeriodElapsedCallback
 .text.Error_Handler
                0x08004850        0x2 Src/main.o
                0x08004850                Error_Handler
 *fill*         0x08004852        0x2 
 .text.resetVarNixie
                0x08004854       0x30 Src/nixieDisplay.o
                0x08004854                resetVarNixie
 .text.nixieLed
                0x08004884       0xe8 Src/nixieDisplay.o
                0x08004884                nixieLed
 .text.segment  0x0800496c      0x3a0 Src/nixieDisplay.o
                0x0800496c                segment
 .text.segmentDisplay
                0x08004d0c       0xd8 Src/nixieDisplay.o
                0x08004d0c                segmentDisplay
 .text.nixieIface_increase
                0x08004de4        0xc Src/nixieDisplay.o
                0x08004de4                nixieIface_increase
 .text.nixieIface_show
                0x08004df0        0xc Src/nixieDisplay.o
                0x08004df0                nixieIface_show
 .text.nixieIface_increaseLed
                0x08004dfc       0x14 Src/nixieDisplay.o
                0x08004dfc                nixieIface_increaseLed
 .text.nixieIface_init
                0x08004e10       0x34 Src/nixieDisplay.o
                0x08004e10                nixieIface_init
 .text.nixieIface_showLed
                0x08004e44        0xc Src/nixieDisplay.o
                0x08004e44                nixieIface_showLed
 .text.nixieIface_ledPower
                0x08004e50        0xc Src/nixieDisplay.o
                0x08004e50                nixieIface_ledPower
 .text.nixieIface_send
                0x08004e5c       0x10 Src/nixieDisplay.o
                0x08004e5c                nixieIface_send
 .text.nixieIface_nixiePower
                0x08004e6c        0xc Src/nixieDisplay.o
                0x08004e6c                nixieIface_nixiePower
 .text.nixieIface_buzzer
                0x08004e78        0xc Src/nixieDisplay.o
                0x08004e78                nixieIface_buzzer
 .text.nixieIface_swapAlarm
                0x08004e84       0x20 Src/nixieDisplay.o
                0x08004e84                nixieIface_swapAlarm
 .text.nixieIface_swapLedFlag
                0x08004ea4       0x10 Src/nixieDisplay.o
                0x08004ea4                nixieIface_swapLedFlag
 .text.nixieIface_alarmFlag
                0x08004eb4       0x10 Src/nixieDisplay.o
                0x08004eb4                nixieIface_alarmFlag
 .text.nixieIface_resetVar
                0x08004ec4        0x8 Src/nixieDisplay.o
                0x08004ec4                nixieIface_resetVar
 .text.nixieInit
                0x08004ecc       0x1c Src/nixieDisplay.o
                0x08004ecc                nixieInit
 .text.nixieEvent
                0x08004ee8       0x44 Src/nixieDisplay.o
                0x08004ee8                nixieEvent
 .text.stateTimer_start
                0x08004f2c       0x68 Src/nixieDisplay.o
                0x08004f2c                stateTimer_start
 .text.nixie_setTimer
                0x08004f94       0x18 Src/nixieDisplay.o
                0x08004f94                nixie_setTimer
 .text.stateTimer_update
                0x08004fac       0x68 Src/nixieDisplay.o
                0x08004fac                stateTimer_update
 .text.stateTimer_stop
                0x08005014       0x3c Src/nixieDisplay.o
                0x08005014                stateTimer_stop
 .text.nixie_unsetTimer
                0x08005050        0xa Src/nixieDisplay.o
                0x08005050                nixie_unsetTimer
 *fill*         0x0800505a        0x2 
 .text.nixieTickUpdate
                0x0800505c       0x14 Src/nixieDisplay.o
                0x0800505c                nixieTickUpdate
 .text.nixieBuzzer
                0x08005070       0x54 Src/nixieDisplay.o
                0x08005070                nixieBuzzer
 .text.HAL_MspInit
                0x080050c4       0x54 Src/stm32f1xx_hal_msp.o
                0x080050c4                HAL_MspInit
 .text.HAL_I2C_MspInit
                0x08005118       0xac Src/stm32f1xx_hal_msp.o
                0x08005118                HAL_I2C_MspInit
 .text.HAL_TIM_Base_MspInit
                0x080051c4       0xa0 Src/stm32f1xx_hal_msp.o
                0x080051c4                HAL_TIM_Base_MspInit
 .text.HAL_InitTick
                0x08005264       0x78 Src/stm32f1xx_hal_timebase_tim.o
                0x08005264                HAL_InitTick
 .text.NMI_Handler
                0x080052dc        0x2 Src/stm32f1xx_it.o
                0x080052dc                NMI_Handler
 .text.HardFault_Handler
                0x080052de        0x2 Src/stm32f1xx_it.o
                0x080052de                HardFault_Handler
 .text.MemManage_Handler
                0x080052e0        0x2 Src/stm32f1xx_it.o
                0x080052e0                MemManage_Handler
 .text.BusFault_Handler
                0x080052e2        0x2 Src/stm32f1xx_it.o
                0x080052e2                BusFault_Handler
 .text.UsageFault_Handler
                0x080052e4        0x2 Src/stm32f1xx_it.o
                0x080052e4                UsageFault_Handler
 .text.DebugMon_Handler
                0x080052e6        0x2 Src/stm32f1xx_it.o
                0x080052e6                DebugMon_Handler
 .text.EXTI1_IRQHandler
                0x080052e8        0xa Src/stm32f1xx_it.o
                0x080052e8                EXTI1_IRQHandler
 *fill*         0x080052f2        0x2 
 .text.DMA1_Channel5_IRQHandler
                0x080052f4       0x10 Src/stm32f1xx_it.o
                0x080052f4                DMA1_Channel5_IRQHandler
 .text.EXTI9_5_IRQHandler
                0x08005304        0xa Src/stm32f1xx_it.o
                0x08005304                EXTI9_5_IRQHandler
 *fill*         0x0800530e        0x2 
 .text.TIM1_UP_IRQHandler
                0x08005310       0x10 Src/stm32f1xx_it.o
                0x08005310                TIM1_UP_IRQHandler
 .text.TIM2_IRQHandler
                0x08005320       0x10 Src/stm32f1xx_it.o
                0x08005320                TIM2_IRQHandler
 .text.TIM3_IRQHandler
                0x08005330       0x10 Src/stm32f1xx_it.o
                0x08005330                TIM3_IRQHandler
 .text.TIM4_IRQHandler
                0x08005340       0x10 Src/stm32f1xx_it.o
                0x08005340                TIM4_IRQHandler
 .text.I2C2_EV_IRQHandler
                0x08005350       0x10 Src/stm32f1xx_it.o
                0x08005350                I2C2_EV_IRQHandler
 .text.SystemInit
                0x08005360       0x4c Src/system_stm32f1xx.o
                0x08005360                SystemInit
 .text.clearInEvents
                0x080053ac       0x1c Yakindu/src-gen/Nixie.o
 .text.check_t__choice_0_tr0_tr0
                0x080053c8        0xc Yakindu/src-gen/Nixie.o
 .text.check_t__choice_0_tr2_tr2
                0x080053d4        0xc Yakindu/src-gen/Nixie.o
 .text.enact_t_MODE2
                0x080053e0        0x6 Yakindu/src-gen/Nixie.o
 .text.enseq_t_START_Configuration_Hour_default
                0x080053e6        0xa Yakindu/src-gen/Nixie.o
 .text.enseq_t_START_Configuration_Minutes_default
                0x080053f0        0xa Yakindu/src-gen/Nixie.o
 .text.enseq_t_START_Configuration_Year_default
                0x080053fa        0xa Yakindu/src-gen/Nixie.o
 .text.enseq_t_START_Configuration_Month_default
                0x08005404        0xa Yakindu/src-gen/Nixie.o
 .text.enseq_t_START_Configuration_Day_default
                0x0800540e        0xa Yakindu/src-gen/Nixie.o
 .text.enseq_t_MODE1_Awake_Awake_default
                0x08005418        0xa Yakindu/src-gen/Nixie.o
 .text.enseq_t_MODE3_Alarm_AlarmConfig_default
                0x08005422        0xa Yakindu/src-gen/Nixie.o
 .text.enseq_t_MODE3_Alarm_Hour_default
                0x0800542c        0xa Yakindu/src-gen/Nixie.o
 .text.enseq_t_MODE3_Alarm_Minute_default
                0x08005436        0xa Yakindu/src-gen/Nixie.o
 .text.exseq_t_START_Configuration_Config
                0x08005440        0x8 Yakindu/src-gen/Nixie.o
 .text.exseq_t_START_Configuration_Hour
                0x08005448        0x8 Yakindu/src-gen/Nixie.o
 .text.exseq_t_START_Configuration_Minutes
                0x08005450        0x8 Yakindu/src-gen/Nixie.o
 .text.exseq_t_START_Configuration_Year
                0x08005458        0x8 Yakindu/src-gen/Nixie.o
 .text.exseq_t_START_Configuration_Month
                0x08005460        0x8 Yakindu/src-gen/Nixie.o
 .text.exseq_t_START_Configuration_Day
                0x08005468        0x8 Yakindu/src-gen/Nixie.o
 .text.exseq_t_MODE1_Awake_Awake
                0x08005470        0x8 Yakindu/src-gen/Nixie.o
 .text.exseq_t_MODE2_Sleep_Sleep
                0x08005478        0x8 Yakindu/src-gen/Nixie.o
 .text.exseq_t_MODE3_Alarm_AlarmConfig
                0x08005480        0x8 Yakindu/src-gen/Nixie.o
 .text.exseq_t_MODE3_Alarm_Hour
                0x08005488        0x8 Yakindu/src-gen/Nixie.o
 .text.exseq_t_MODE3_Alarm_Minute
                0x08005490        0x8 Yakindu/src-gen/Nixie.o
 .text.exseq_t_START_Configuration
                0x08005498       0x38 Yakindu/src-gen/Nixie.o
 .text.exseq_t_MODE3_Alarm
                0x080054d0       0x24 Yakindu/src-gen/Nixie.o
 .text.react_t_MODE1_Awake__entry_Default
                0x080054f4        0x8 Yakindu/src-gen/Nixie.o
 .text.enseq_t_MODE1_Awake_default
                0x080054fc        0x8 Yakindu/src-gen/Nixie.o
 .text.react_t_MODE3_Alarm__entry_Default
                0x08005504        0x8 Yakindu/src-gen/Nixie.o
 .text.enseq_t_MODE3_Alarm_default
                0x0800550c        0x8 Yakindu/src-gen/Nixie.o
 .text.react    0x08005514        0x4 Yakindu/src-gen/Nixie.o
 .text.enact_t_START
                0x08005518        0x8 Yakindu/src-gen/Nixie.o
 .text.enact_t_START_Configuration_Config
                0x08005520       0x14 Yakindu/src-gen/Nixie.o
 .text.enseq_t_START_Configuration_Config_default
                0x08005534       0x12 Yakindu/src-gen/Nixie.o
 .text.react_t_START_Configuration__entry_Default
                0x08005546        0x8 Yakindu/src-gen/Nixie.o
 .text.enseq_t_START_Configuration_default
                0x0800554e        0x8 Yakindu/src-gen/Nixie.o
 .text.enseq_t_START_default
                0x08005556       0x10 Yakindu/src-gen/Nixie.o
 .text.react_t__entry_Default
                0x08005566        0x8 Yakindu/src-gen/Nixie.o
 .text.enseq_t_default
                0x0800556e        0x8 Yakindu/src-gen/Nixie.o
 .text.exact_t_START
                0x08005576        0x8 Yakindu/src-gen/Nixie.o
 .text.exseq_t_START
                0x0800557e       0x10 Yakindu/src-gen/Nixie.o
 .text.exact_t_MODE3
                0x0800558e        0x8 Yakindu/src-gen/Nixie.o
 .text.exseq_t_MODE3
                0x08005596       0x10 Yakindu/src-gen/Nixie.o
 .text.enact_t_MODE1
                0x080055a6       0x1e Yakindu/src-gen/Nixie.o
 .text.enseq_t_MODE1_default
                0x080055c4       0x10 Yakindu/src-gen/Nixie.o
 .text.t_START_react
                0x080055d4       0x26 Yakindu/src-gen/Nixie.o
 .text.t_START_Configuration_Config_react
                0x080055fa       0x32 Yakindu/src-gen/Nixie.o
 .text.effect_t__choice_0_tr1
                0x0800562c        0x8 Yakindu/src-gen/Nixie.o
 .text.enact_t_MODE3
                0x08005634       0x20 Yakindu/src-gen/Nixie.o
 .text.enseq_t_MODE3_default
                0x08005654       0x10 Yakindu/src-gen/Nixie.o
 .text.effect_t__choice_0_tr2
                0x08005664        0x8 Yakindu/src-gen/Nixie.o
 .text.t_START_Configuration_Hour_react
                0x0800566c       0x46 Yakindu/src-gen/Nixie.o
 .text.t_START_Configuration_Year_react
                0x080056b2       0x46 Yakindu/src-gen/Nixie.o
 .text.t_START_Configuration_Month_react
                0x080056f8       0x46 Yakindu/src-gen/Nixie.o
 .text.t_START_Configuration_Minutes_react
                0x0800573e       0x5e Yakindu/src-gen/Nixie.o
 .text.t_START_Configuration_Day_react
                0x0800579c       0x4e Yakindu/src-gen/Nixie.o
 .text.enact_t_Alarm
                0x080057ea       0x22 Yakindu/src-gen/Nixie.o
 .text.enact_t_MODE1_Awake_Date
                0x0800580c       0x24 Yakindu/src-gen/Nixie.o
 .text.enseq_t_MODE1_Awake_Date_default
                0x08005830       0x12 Yakindu/src-gen/Nixie.o
 .text.enact_t_MODE1_Awake_Temperature
                0x08005842       0x24 Yakindu/src-gen/Nixie.o
 .text.enseq_t_MODE1_Awake_Temperature_default
                0x08005866       0x12 Yakindu/src-gen/Nixie.o
 .text.enact_t_MODE2_Sleep_Date
                0x08005878       0x24 Yakindu/src-gen/Nixie.o
 .text.enseq_t_MODE2_Sleep_Date_default
                0x0800589c       0x12 Yakindu/src-gen/Nixie.o
 .text.enact_t_MODE2_Sleep_Temperature
                0x080058ae       0x24 Yakindu/src-gen/Nixie.o
 .text.enseq_t_MODE2_Sleep_Temperature_default
                0x080058d2       0x12 Yakindu/src-gen/Nixie.o
 .text.enact_t_Alarm_Alarm_Alarm_ON_
                0x080058e4       0x20 Yakindu/src-gen/Nixie.o
 .text.enseq_t_Alarm_Alarm_Alarm_ON__default
                0x08005904       0x12 Yakindu/src-gen/Nixie.o
 .text.react_t_Alarm_Alarm__entry_Default
                0x08005916        0x8 Yakindu/src-gen/Nixie.o
 .text.enseq_t_Alarm_Alarm_default
                0x0800591e        0x8 Yakindu/src-gen/Nixie.o
 .text.enseq_t_Alarm_default
                0x08005926       0x10 Yakindu/src-gen/Nixie.o
 .text.t_MODE3_react
                0x08005936       0x38 Yakindu/src-gen/Nixie.o
 .text.t_MODE3_Alarm_Hour_react
                0x0800596e       0x46 Yakindu/src-gen/Nixie.o
 .text.t_MODE3_Alarm_Minute_react
                0x080059b4       0x56 Yakindu/src-gen/Nixie.o
 .text.exact_t_Alarm
                0x08005a0a        0xc Yakindu/src-gen/Nixie.o
 *fill*         0x08005a16        0x2 
 .text.enact_t_Alarm_Alarm_Alarm_OFF_
                0x08005a18       0x24 Yakindu/src-gen/Nixie.o
 .text.enseq_t_Alarm_Alarm_Alarm_OFF__default
                0x08005a3c       0x12 Yakindu/src-gen/Nixie.o
 .text.exact_t_MODE1_Awake_Date
                0x08005a4e        0xc Yakindu/src-gen/Nixie.o
 .text.exseq_t_MODE1_Awake_Date
                0x08005a5a        0xe Yakindu/src-gen/Nixie.o
 .text.exact_t_MODE1_Awake_Temperature
                0x08005a68       0x1e Yakindu/src-gen/Nixie.o
 .text.exseq_t_MODE1_Awake_Temperature
                0x08005a86        0xe Yakindu/src-gen/Nixie.o
 .text.exseq_t_MODE1_Awake
                0x08005a94       0x24 Yakindu/src-gen/Nixie.o
 .text.exseq_t_MODE1
                0x08005ab8        0x8 Yakindu/src-gen/Nixie.o
 .text.exact_t_MODE2_Sleep_Date
                0x08005ac0        0xc Yakindu/src-gen/Nixie.o
 .text.exseq_t_MODE2_Sleep_Date
                0x08005acc        0xe Yakindu/src-gen/Nixie.o
 .text.exact_t_MODE2_Sleep_Temperature
                0x08005ada        0xc Yakindu/src-gen/Nixie.o
 .text.exseq_t_MODE2_Sleep_Temperature
                0x08005ae6        0xe Yakindu/src-gen/Nixie.o
 .text.exact_t_MODE2_Sleep_Wake_Up
                0x08005af4        0xc Yakindu/src-gen/Nixie.o
 .text.exseq_t_MODE2_Sleep_Wake_Up
                0x08005b00        0xe Yakindu/src-gen/Nixie.o
 .text.exseq_t_MODE2_Sleep
                0x08005b0e       0x2a Yakindu/src-gen/Nixie.o
 .text.exact_t_Alarm_Alarm_Alarm_OFF_
                0x08005b38        0xc Yakindu/src-gen/Nixie.o
 .text.exseq_t_Alarm_Alarm_Alarm_OFF_
                0x08005b44        0xe Yakindu/src-gen/Nixie.o
 .text.exact_t_Alarm_Alarm_Alarm_ON_
                0x08005b52        0xc Yakindu/src-gen/Nixie.o
 .text.exseq_t_Alarm_Alarm_Alarm_ON_
                0x08005b5e        0xe Yakindu/src-gen/Nixie.o
 .text.exseq_t_Alarm_Alarm
                0x08005b6c       0x1a Yakindu/src-gen/Nixie.o
 .text.exseq_t_Alarm
                0x08005b86       0x10 Yakindu/src-gen/Nixie.o
 .text.enact_t_MODE2_Sleep_Sleep
                0x08005b96       0x14 Yakindu/src-gen/Nixie.o
 .text.enseq_t_MODE2_Sleep_Sleep_default
                0x08005baa       0x12 Yakindu/src-gen/Nixie.o
 .text.react_t_MODE2_Sleep__entry_Default
                0x08005bbc        0x8 Yakindu/src-gen/Nixie.o
 .text.enseq_t_MODE2_Sleep_default
                0x08005bc4        0x8 Yakindu/src-gen/Nixie.o
 .text.enseq_t_MODE2_default
                0x08005bcc       0x10 Yakindu/src-gen/Nixie.o
 .text.t_MODE1_react
                0x08005bdc       0x38 Yakindu/src-gen/Nixie.o
 .text.t_MODE1_Awake_Awake_react
                0x08005c14       0x5a Yakindu/src-gen/Nixie.o
 .text.t_MODE1_Awake_Date_react
                0x08005c6e       0x2a Yakindu/src-gen/Nixie.o
 .text.t_MODE1_Awake_Temperature_react
                0x08005c98       0x2a Yakindu/src-gen/Nixie.o
 .text.effect_t__choice_0_tr0
                0x08005cc2        0x8 Yakindu/src-gen/Nixie.o
 .text.react_t__choice_0
                0x08005cca       0x2a Yakindu/src-gen/Nixie.o
 .text.t_Alarm_react
                0x08005cf4       0x2c Yakindu/src-gen/Nixie.o
 .text.t_Alarm_Alarm_Alarm_ON__react
                0x08005d20       0x2a Yakindu/src-gen/Nixie.o
 .text.t_Alarm_Alarm_Alarm_OFF__react
                0x08005d4a       0x2a Yakindu/src-gen/Nixie.o
 .text.exact_t_MODE2
                0x08005d74        0xa Yakindu/src-gen/Nixie.o
 .text.exseq_t_MODE2
                0x08005d7e       0x10 Yakindu/src-gen/Nixie.o
 .text.t_MODE2_react
                0x08005d8e       0x38 Yakindu/src-gen/Nixie.o
 .text.t_MODE2_Sleep_Wake_Up_react
                0x08005dc6       0x3c Yakindu/src-gen/Nixie.o
 .text.t_MODE2_Sleep_Date_react
                0x08005e02       0x2a Yakindu/src-gen/Nixie.o
 .text.enact_t_MODE2_Sleep_Wake_Up
                0x08005e2c       0x34 Yakindu/src-gen/Nixie.o
 .text.enseq_t_MODE2_Sleep_Wake_Up_default
                0x08005e60       0x12 Yakindu/src-gen/Nixie.o
 .text.t_MODE2_Sleep_Sleep_react
                0x08005e72       0x2a Yakindu/src-gen/Nixie.o
 .text.t_MODE2_Sleep_Temperature_react
                0x08005e9c       0x2a Yakindu/src-gen/Nixie.o
 .text.t_MODE3_Alarm_AlarmConfig_react
                0x08005ec6       0x4a Yakindu/src-gen/Nixie.o
 .text.nixie_init
                0x08005f10       0x22 Yakindu/src-gen/Nixie.o
                0x08005f10                nixie_init
 .text.nixie_enter
                0x08005f32        0x8 Yakindu/src-gen/Nixie.o
                0x08005f32                nixie_enter
 *fill*         0x08005f3a        0x2 
 .text.nixie_runCycle
                0x08005f3c      0x13c Yakindu/src-gen/Nixie.o
                0x08005f3c                nixie_runCycle
 .text.nixie_raiseTimeEvent
                0x08006078       0x12 Yakindu/src-gen/Nixie.o
                0x08006078                nixie_raiseTimeEvent
 .text.nixieIface_raise_s_SENSOR
                0x0800608a        0x6 Yakindu/src-gen/Nixie.o
                0x0800608a                nixieIface_raise_s_SENSOR
 .text.nixieIface_raise_b_1
                0x08006090        0x6 Yakindu/src-gen/Nixie.o
                0x08006090                nixieIface_raise_b_1
 .text.nixieIface_raise_b_2
                0x08006096        0x6 Yakindu/src-gen/Nixie.o
                0x08006096                nixieIface_raise_b_2
 .text.nixieIface_raise_b_3
                0x0800609c        0x6 Yakindu/src-gen/Nixie.o
                0x0800609c                nixieIface_raise_b_3
 .text.nixieIface_raise_e_ALARM
                0x080060a2        0x6 Yakindu/src-gen/Nixie.o
                0x080060a2                nixieIface_raise_e_ALARM
 .text.Reset_Handler
                0x080060a8       0x48 startup/startup_stm32f103xb.o
                0x080060a8                Reset_Handler
 .text.Default_Handler
                0x080060f0        0x2 startup/startup_stm32f103xb.o
                0x080060f0                RTC_Alarm_IRQHandler
                0x080060f0                EXTI2_IRQHandler
                0x080060f0                TIM1_CC_IRQHandler
                0x080060f0                PVD_IRQHandler
                0x080060f0                EXTI3_IRQHandler
                0x080060f0                EXTI0_IRQHandler
                0x080060f0                ADC1_2_IRQHandler
                0x080060f0                SPI1_IRQHandler
                0x080060f0                TAMPER_IRQHandler
                0x080060f0                DMA1_Channel4_IRQHandler
                0x080060f0                USART3_IRQHandler
                0x080060f0                RTC_IRQHandler
                0x080060f0                DMA1_Channel7_IRQHandler
                0x080060f0                CAN1_RX1_IRQHandler
                0x080060f0                I2C1_EV_IRQHandler
                0x080060f0                DMA1_Channel6_IRQHandler
                0x080060f0                RCC_IRQHandler
                0x080060f0                TIM1_TRG_COM_IRQHandler
                0x080060f0                DMA1_Channel1_IRQHandler
                0x080060f0                Default_Handler
                0x080060f0                EXTI15_10_IRQHandler
                0x080060f0                SPI2_IRQHandler
                0x080060f0                EXTI4_IRQHandler
                0x080060f0                USB_LP_CAN1_RX0_IRQHandler
                0x080060f0                USB_HP_CAN1_TX_IRQHandler
                0x080060f0                DMA1_Channel3_IRQHandler
                0x080060f0                WWDG_IRQHandler
                0x080060f0                TIM1_BRK_IRQHandler
                0x080060f0                USART2_IRQHandler
                0x080060f0                I2C2_ER_IRQHandler
                0x080060f0                DMA1_Channel2_IRQHandler
                0x080060f0                CAN1_SCE_IRQHandler
                0x080060f0                FLASH_IRQHandler
                0x080060f0                USART1_IRQHandler
                0x080060f0                I2C1_ER_IRQHandler
                0x080060f0                USBWakeUp_IRQHandler
 *fill*         0x080060f2        0x2 
 .text.__libc_init_array
                0x080060f4       0x48 c:/ac6/systemworkbench/plugins/fr.ac6.mcu.externaltools.arm-none.win32_1.17.0.201812190825/tools/compiler/bin/../lib/gcc/arm-none-eabi/7.3.1/../../../../arm-none-eabi/lib/thumb/v7-m\libc_nano.a(lib_a-init.o)
                0x080060f4                __libc_init_array
 .text.memcpy   0x0800613c       0x16 c:/ac6/systemworkbench/plugins/fr.ac6.mcu.externaltools.arm-none.win32_1.17.0.201812190825/tools/compiler/bin/../lib/gcc/arm-none-eabi/7.3.1/../../../../arm-none-eabi/lib/thumb/v7-m\libc_nano.a(lib_a-memcpy-stub.o)
                0x0800613c                memcpy
 *(.glue_7)
 .glue_7        0x08006152        0x0 linker stubs
 *(.glue_7t)
 .glue_7t       0x08006152        0x0 linker stubs
 *(.eh_frame)
 *fill*         0x08006152        0x2 
 .eh_frame      0x08006154        0x0 c:/ac6/systemworkbench/plugins/fr.ac6.mcu.externaltools.arm-none.win32_1.17.0.201812190825/tools/compiler/bin/../lib/gcc/arm-none-eabi/7.3.1/thumb/v7-m/crtbegin.o
 *(.init)
 .init          0x08006154        0x4 c:/ac6/systemworkbench/plugins/fr.ac6.mcu.externaltools.arm-none.win32_1.17.0.201812190825/tools/compiler/bin/../lib/gcc/arm-none-eabi/7.3.1/thumb/v7-m/crti.o
                0x08006154                _init
 .init          0x08006158        0x8 c:/ac6/systemworkbench/plugins/fr.ac6.mcu.externaltools.arm-none.win32_1.17.0.201812190825/tools/compiler/bin/../lib/gcc/arm-none-eabi/7.3.1/thumb/v7-m/crtn.o
 *(.fini)
 .fini          0x08006160        0x4 c:/ac6/systemworkbench/plugins/fr.ac6.mcu.externaltools.arm-none.win32_1.17.0.201812190825/tools/compiler/bin/../lib/gcc/arm-none-eabi/7.3.1/thumb/v7-m/crti.o
                0x08006160                _fini
 .fini          0x08006164        0x8 c:/ac6/systemworkbench/plugins/fr.ac6.mcu.externaltools.arm-none.win32_1.17.0.201812190825/tools/compiler/bin/../lib/gcc/arm-none-eabi/7.3.1/thumb/v7-m/crtn.o
                0x0800616c                . = ALIGN (0x4)
                0x0800616c                _etext = .

.vfp11_veneer   0x0800616c        0x0
 .vfp11_veneer  0x0800616c        0x0 linker stubs

.v4_bx          0x0800616c        0x0
 .v4_bx         0x0800616c        0x0 linker stubs

.iplt           0x0800616c        0x0
 .iplt          0x0800616c        0x0 c:/ac6/systemworkbench/plugins/fr.ac6.mcu.externaltools.arm-none.win32_1.17.0.201812190825/tools/compiler/bin/../lib/gcc/arm-none-eabi/7.3.1/thumb/v7-m/crtbegin.o

.rodata         0x0800616c       0xac
                0x0800616c                . = ALIGN (0x4)
 *(.rodata)
 .rodata        0x0800616c       0x12 Drivers/STM32F1xx_HAL_Driver/Src/stm32f1xx_hal_rcc.o
 *fill*         0x0800617e        0x2 
 .rodata        0x08006180       0x58 Src/main.o
 .rodata        0x080061d8       0x18 Src/system_stm32f1xx.o
                0x080061d8                AHBPrescTable
                0x080061e8                APBPrescTable
 *(.rodata*)
 .rodata.str1.4
                0x080061f0        0x5 Middlewares/Third_Party/FreeRTOS/Source/tasks.o
 *fill*         0x080061f5        0x3 
 .rodata.str1.4
                0x080061f8       0x20 Src/main.o
                0x08006218                . = ALIGN (0x4)

.rel.dyn        0x08006218        0x0
 .rel.iplt      0x08006218        0x0 c:/ac6/systemworkbench/plugins/fr.ac6.mcu.externaltools.arm-none.win32_1.17.0.201812190825/tools/compiler/bin/../lib/gcc/arm-none-eabi/7.3.1/thumb/v7-m/crtbegin.o

.ARM.extab
 *(.ARM.extab* .gnu.linkonce.armextab.*)

.ARM            0x08006218        0x0
                0x08006218                __exidx_start = .
 *(.ARM.exidx*)
                0x08006218                __exidx_end = .

.preinit_array  0x08006218        0x0
                0x08006218                PROVIDE (__preinit_array_start = .)
 *(.preinit_array*)
                0x08006218                PROVIDE (__preinit_array_end = .)

.init_array     0x08006218        0x4
                0x08006218                PROVIDE (__init_array_start = .)
 *(SORT_BY_NAME(.init_array.*))
 *(.init_array*)
 .init_array    0x08006218        0x4 c:/ac6/systemworkbench/plugins/fr.ac6.mcu.externaltools.arm-none.win32_1.17.0.201812190825/tools/compiler/bin/../lib/gcc/arm-none-eabi/7.3.1/thumb/v7-m/crtbegin.o
                0x0800621c                PROVIDE (__init_array_end = .)

.fini_array     0x0800621c        0x4
                [!provide]                PROVIDE (__fini_array_start = .)
 *(SORT_BY_NAME(.fini_array.*))
 *(.fini_array*)
 .fini_array    0x0800621c        0x4 c:/ac6/systemworkbench/plugins/fr.ac6.mcu.externaltools.arm-none.win32_1.17.0.201812190825/tools/compiler/bin/../lib/gcc/arm-none-eabi/7.3.1/thumb/v7-m/crtbegin.o
                [!provide]                PROVIDE (__fini_array_end = .)
                0x08006220                _sidata = LOADADDR (.data)

.data           0x20000000       0x18 load address 0x08006220
                0x20000000                . = ALIGN (0x4)
                0x20000000                _sdata = .
 *(.data)
 .data          0x20000000        0x8 Drivers/STM32F1xx_HAL_Driver/Src/stm32f1xx_hal.o
                0x20000000                uwTickFreq
                0x20000004                uwTickPrio
 .data          0x20000008        0x4 Middlewares/Third_Party/FreeRTOS/Source/portable/GCC/ARM_CM3/port.o
 .data          0x2000000c        0x3 Src/main.o
 .data          0x2000000f        0x3 Src/nixieDisplay.o
 *fill*         0x20000012        0x2 
 .data          0x20000014        0x4 Src/system_stm32f1xx.o
                0x20000014                SystemCoreClock
 *(.data*)
                0x20000018                . = ALIGN (0x4)
                0x20000018                _edata = .

.igot.plt       0x20000018        0x0 load address 0x08006238
 .igot.plt      0x20000018        0x0 c:/ac6/systemworkbench/plugins/fr.ac6.mcu.externaltools.arm-none.win32_1.17.0.201812190825/tools/compiler/bin/../lib/gcc/arm-none-eabi/7.3.1/thumb/v7-m/crtbegin.o
                0x20000018                . = ALIGN (0x4)

.bss            0x20000018     0x2410 load address 0x08006238
                0x20000018                _sbss = .
                0x20000018                __bss_start__ = _sbss
 *(.bss)
 .bss           0x20000018       0x1c c:/ac6/systemworkbench/plugins/fr.ac6.mcu.externaltools.arm-none.win32_1.17.0.201812190825/tools/compiler/bin/../lib/gcc/arm-none-eabi/7.3.1/thumb/v7-m/crtbegin.o
 .bss           0x20000034      0x12c Middlewares/Third_Party/FreeRTOS/Source/tasks.o
                0x20000134                pxCurrentTCB
 .bss           0x20000160        0x8 Middlewares/Third_Party/FreeRTOS/Source/portable/GCC/ARM_CM3/port.o
 .bss           0x20000168     0x2018 Middlewares/Third_Party/FreeRTOS/Source/portable/MemMang/heap_4.o
 .bss           0x20002180        0x5 Src/main.o
                0x20002180                buttonFlag
 *fill*         0x20002185        0x3 
 .bss           0x20002188       0xa5 Src/nixieDisplay.o
 *(.bss*)
 *(COMMON)
 *fill*         0x2000222d        0x3 
 COMMON         0x20002230        0x4 Drivers/STM32F1xx_HAL_Driver/Src/stm32f1xx_hal.o
                0x20002230                uwTick
 COMMON         0x20002234       0x3e Src/DS3231.o
                0x20002234                RTC_DATA
 *fill*         0x20002272        0x2 
 COMMON         0x20002274      0x174 Src/main.o
                0x20002274                htim4
                0x200022b4                hi2c2
                0x20002308                htim3
                0x20002348                S_AlarmHandle
                0x2000234c                hdma_i2c2_rx
                0x20002390                ButtonsHandle
                0x20002394                pullingHandle
                0x20002398                AlarmHandle
                0x2000239c                Q_ButtonsHandle
                0x200023a0                SensorHandle
                0x200023a4                htim2
                0x200023e4                S_SensorHandle
 COMMON         0x200023e8       0x40 Src/stm32f1xx_hal_timebase_tim.o
                0x200023e8                htim1
                0x20002428                . = ALIGN (0x4)
                0x20002428                _ebss = .
                0x20002428                __bss_end__ = _ebss

._user_heap_stack
                0x20002428      0x600 load address 0x08006238
                0x20002428                . = ALIGN (0x8)
                [!provide]                PROVIDE (end = .)
                [!provide]                PROVIDE (_end = .)
                0x20002628                . = (. + _Min_Heap_Size)
 *fill*         0x20002428      0x200 
                0x20002a28                . = (. + _Min_Stack_Size)
 *fill*         0x20002628      0x400 
                0x20002a28                . = ALIGN (0x8)

/DISCARD/
 libc.a(*)
 libm.a(*)
 libgcc.a(*)

.ARM.attributes
                0x00000000       0x29
 *(.ARM.attributes)
 .ARM.attributes
                0x00000000       0x1d c:/ac6/systemworkbench/plugins/fr.ac6.mcu.externaltools.arm-none.win32_1.17.0.201812190825/tools/compiler/bin/../lib/gcc/arm-none-eabi/7.3.1/thumb/v7-m/crti.o
 .ARM.attributes
                0x0000001d       0x2d c:/ac6/systemworkbench/plugins/fr.ac6.mcu.externaltools.arm-none.win32_1.17.0.201812190825/tools/compiler/bin/../lib/gcc/arm-none-eabi/7.3.1/thumb/v7-m/crtbegin.o
 .ARM.attributes
                0x0000004a       0x33 Drivers/STM32F1xx_HAL_Driver/Src/stm32f1xx_hal.o
 .ARM.attributes
                0x0000007d       0x33 Drivers/STM32F1xx_HAL_Driver/Src/stm32f1xx_hal_cortex.o
 .ARM.attributes
                0x000000b0       0x33 Drivers/STM32F1xx_HAL_Driver/Src/stm32f1xx_hal_dma.o
 .ARM.attributes
                0x000000e3       0x33 Drivers/STM32F1xx_HAL_Driver/Src/stm32f1xx_hal_gpio.o
 .ARM.attributes
                0x00000116       0x33 Drivers/STM32F1xx_HAL_Driver/Src/stm32f1xx_hal_i2c.o
 .ARM.attributes
                0x00000149       0x33 Drivers/STM32F1xx_HAL_Driver/Src/stm32f1xx_hal_rcc.o
 .ARM.attributes
                0x0000017c       0x33 Drivers/STM32F1xx_HAL_Driver/Src/stm32f1xx_hal_tim.o
 .ARM.attributes
                0x000001af       0x33 Drivers/STM32F1xx_HAL_Driver/Src/stm32f1xx_hal_tim_ex.o
 .ARM.attributes
                0x000001e2       0x33 Middlewares/Third_Party/FreeRTOS/Source/CMSIS_RTOS/cmsis_os.o
 .ARM.attributes
                0x00000215       0x33 Middlewares/Third_Party/FreeRTOS/Source/list.o
 .ARM.attributes
                0x00000248       0x33 Middlewares/Third_Party/FreeRTOS/Source/queue.o
 .ARM.attributes
                0x0000027b       0x33 Middlewares/Third_Party/FreeRTOS/Source/tasks.o
 .ARM.attributes
                0x000002ae       0x33 Middlewares/Third_Party/FreeRTOS/Source/portable/GCC/ARM_CM3/port.o
 .ARM.attributes
                0x000002e1       0x33 Middlewares/Third_Party/FreeRTOS/Source/portable/MemMang/heap_4.o
 .ARM.attributes
                0x00000314       0x33 Src/DS3231.o
 .ARM.attributes
                0x00000347       0x33 Src/main.o
 .ARM.attributes
                0x0000037a       0x33 Src/nixieDisplay.o
 .ARM.attributes
                0x000003ad       0x33 Src/stm32f1xx_hal_msp.o
 .ARM.attributes
                0x000003e0       0x33 Src/stm32f1xx_hal_timebase_tim.o
 .ARM.attributes
                0x00000413       0x33 Src/stm32f1xx_it.o
 .ARM.attributes
                0x00000446       0x33 Src/system_stm32f1xx.o
 .ARM.attributes
                0x00000479       0x33 Yakindu/src-gen/Nixie.o
 .ARM.attributes
                0x000004ac       0x21 startup/startup_stm32f103xb.o
 .ARM.attributes
                0x000004cd       0x2d c:/ac6/systemworkbench/plugins/fr.ac6.mcu.externaltools.arm-none.win32_1.17.0.201812190825/tools/compiler/bin/../lib/gcc/arm-none-eabi/7.3.1/../../../../arm-none-eabi/lib/thumb/v7-m\libc_nano.a(lib_a-init.o)
 .ARM.attributes
                0x000004fa       0x2d c:/ac6/systemworkbench/plugins/fr.ac6.mcu.externaltools.arm-none.win32_1.17.0.201812190825/tools/compiler/bin/../lib/gcc/arm-none-eabi/7.3.1/../../../../arm-none-eabi/lib/thumb/v7-m\libc_nano.a(lib_a-memcpy-stub.o)
 .ARM.attributes
                0x00000527       0x1d c:/ac6/systemworkbench/plugins/fr.ac6.mcu.externaltools.arm-none.win32_1.17.0.201812190825/tools/compiler/bin/../lib/gcc/arm-none-eabi/7.3.1/thumb/v7-m/crtn.o
OUTPUT(NixieClock.elf elf32-littlearm)

.debug_info     0x00000000    0x247a2
 .debug_info    0x00000000      0xfb4 Drivers/STM32F1xx_HAL_Driver/Src/stm32f1xx_hal.o
 .debug_info    0x00000fb4     0x14bc Drivers/STM32F1xx_HAL_Driver/Src/stm32f1xx_hal_cortex.o
 .debug_info    0x00002470     0x105b Drivers/STM32F1xx_HAL_Driver/Src/stm32f1xx_hal_dma.o
 .debug_info    0x000034cb      0xece Drivers/STM32F1xx_HAL_Driver/Src/stm32f1xx_hal_gpio.o
 .debug_info    0x00004399     0x37e1 Drivers/STM32F1xx_HAL_Driver/Src/stm32f1xx_hal_i2c.o
 .debug_info    0x00007b7a     0x1236 Drivers/STM32F1xx_HAL_Driver/Src/stm32f1xx_hal_rcc.o
 .debug_info    0x00008db0     0x36a7 Drivers/STM32F1xx_HAL_Driver/Src/stm32f1xx_hal_tim.o
 .debug_info    0x0000c457     0x1aef Drivers/STM32F1xx_HAL_Driver/Src/stm32f1xx_hal_tim_ex.o
 .debug_info    0x0000df46     0x231e Middlewares/Third_Party/FreeRTOS/Source/CMSIS_RTOS/cmsis_os.o
 .debug_info    0x00010264      0xacd Middlewares/Third_Party/FreeRTOS/Source/list.o
 .debug_info    0x00010d31     0x1f82 Middlewares/Third_Party/FreeRTOS/Source/queue.o
 .debug_info    0x00012cb3     0x2915 Middlewares/Third_Party/FreeRTOS/Source/tasks.o
 .debug_info    0x000155c8      0x4cb Middlewares/Third_Party/FreeRTOS/Source/portable/GCC/ARM_CM3/port.o
 .debug_info    0x00015a93      0xc71 Middlewares/Third_Party/FreeRTOS/Source/portable/MemMang/heap_4.o
 .debug_info    0x00016704     0x1307 Src/DS3231.o
 .debug_info    0x00017a0b     0x2293 Src/main.o
 .debug_info    0x00019c9e     0x2d02 Src/nixieDisplay.o
 .debug_info    0x0001c9a0     0x1742 Src/stm32f1xx_hal_msp.o
 .debug_info    0x0001e0e2     0x11da Src/stm32f1xx_hal_timebase_tim.o
 .debug_info    0x0001f2bc     0x127c Src/stm32f1xx_it.o
 .debug_info    0x00020538      0xc5c Src/system_stm32f1xx.o
 .debug_info    0x00021194     0x35ec Yakindu/src-gen/Nixie.o
 .debug_info    0x00024780       0x22 startup/startup_stm32f103xb.o

.debug_abbrev   0x00000000     0x3ffd
 .debug_abbrev  0x00000000      0x301 Drivers/STM32F1xx_HAL_Driver/Src/stm32f1xx_hal.o
 .debug_abbrev  0x00000301      0x3cd Drivers/STM32F1xx_HAL_Driver/Src/stm32f1xx_hal_cortex.o
 .debug_abbrev  0x000006ce      0x2e5 Drivers/STM32F1xx_HAL_Driver/Src/stm32f1xx_hal_dma.o
 .debug_abbrev  0x000009b3      0x2a7 Drivers/STM32F1xx_HAL_Driver/Src/stm32f1xx_hal_gpio.o
 .debug_abbrev  0x00000c5a      0x308 Drivers/STM32F1xx_HAL_Driver/Src/stm32f1xx_hal_i2c.o
 .debug_abbrev  0x00000f62      0x335 Drivers/STM32F1xx_HAL_Driver/Src/stm32f1xx_hal_rcc.o
 .debug_abbrev  0x00001297      0x2ef Drivers/STM32F1xx_HAL_Driver/Src/stm32f1xx_hal_tim.o
 .debug_abbrev  0x00001586      0x2e0 Drivers/STM32F1xx_HAL_Driver/Src/stm32f1xx_hal_tim_ex.o
 .debug_abbrev  0x00001866      0x3d4 Middlewares/Third_Party/FreeRTOS/Source/CMSIS_RTOS/cmsis_os.o
 .debug_abbrev  0x00001c3a      0x21c Middlewares/Third_Party/FreeRTOS/Source/list.o
 .debug_abbrev  0x00001e56      0x385 Middlewares/Third_Party/FreeRTOS/Source/queue.o
 .debug_abbrev  0x000021db      0x3cf Middlewares/Third_Party/FreeRTOS/Source/tasks.o
 .debug_abbrev  0x000025aa      0x24e Middlewares/Third_Party/FreeRTOS/Source/portable/GCC/ARM_CM3/port.o
 .debug_abbrev  0x000027f8      0x318 Middlewares/Third_Party/FreeRTOS/Source/portable/MemMang/heap_4.o
 .debug_abbrev  0x00002b10      0x2ab Src/DS3231.o
 .debug_abbrev  0x00002dbb      0x319 Src/main.o
 .debug_abbrev  0x000030d4      0x36b Src/nixieDisplay.o
 .debug_abbrev  0x0000343f      0x299 Src/stm32f1xx_hal_msp.o
 .debug_abbrev  0x000036d8      0x299 Src/stm32f1xx_hal_timebase_tim.o
 .debug_abbrev  0x00003971      0x263 Src/stm32f1xx_it.o
 .debug_abbrev  0x00003bd4      0x228 Src/system_stm32f1xx.o
 .debug_abbrev  0x00003dfc      0x1ef Yakindu/src-gen/Nixie.o
 .debug_abbrev  0x00003feb       0x12 startup/startup_stm32f103xb.o

.debug_loc      0x00000000     0xf0e6
 .debug_loc     0x00000000       0xfd Drivers/STM32F1xx_HAL_Driver/Src/stm32f1xx_hal.o
 .debug_loc     0x000000fd      0x5ad Drivers/STM32F1xx_HAL_Driver/Src/stm32f1xx_hal_cortex.o
 .debug_loc     0x000006aa      0x7aa Drivers/STM32F1xx_HAL_Driver/Src/stm32f1xx_hal_dma.o
 .debug_loc     0x00000e54      0x44e Drivers/STM32F1xx_HAL_Driver/Src/stm32f1xx_hal_gpio.o
 .debug_loc     0x000012a2     0x31db Drivers/STM32F1xx_HAL_Driver/Src/stm32f1xx_hal_i2c.o
 .debug_loc     0x0000447d      0x4f6 Drivers/STM32F1xx_HAL_Driver/Src/stm32f1xx_hal_rcc.o
 .debug_loc     0x00004973     0x367a Drivers/STM32F1xx_HAL_Driver/Src/stm32f1xx_hal_tim.o
 .debug_loc     0x00007fed      0xf9e Drivers/STM32F1xx_HAL_Driver/Src/stm32f1xx_hal_tim_ex.o
 .debug_loc     0x00008f8b      0xee1 Middlewares/Third_Party/FreeRTOS/Source/CMSIS_RTOS/cmsis_os.o
 .debug_loc     0x00009e6c       0x70 Middlewares/Third_Party/FreeRTOS/Source/list.o
 .debug_loc     0x00009edc      0xdc3 Middlewares/Third_Party/FreeRTOS/Source/queue.o
 .debug_loc     0x0000ac9f     0x11ef Middlewares/Third_Party/FreeRTOS/Source/tasks.o
 .debug_loc     0x0000be8e       0xce Middlewares/Third_Party/FreeRTOS/Source/portable/GCC/ARM_CM3/port.o
 .debug_loc     0x0000bf5c      0x291 Middlewares/Third_Party/FreeRTOS/Source/portable/MemMang/heap_4.o
 .debug_loc     0x0000c1ed      0x262 Src/DS3231.o
 .debug_loc     0x0000c44f      0x1a9 Src/main.o
 .debug_loc     0x0000c5f8      0x513 Src/nixieDisplay.o
 .debug_loc     0x0000cb0b      0x13b Src/stm32f1xx_hal_msp.o
 .debug_loc     0x0000cc46       0x79 Src/stm32f1xx_hal_timebase_tim.o
 .debug_loc     0x0000ccbf       0xdf Src/system_stm32f1xx.o
 .debug_loc     0x0000cd9e     0x2348 Yakindu/src-gen/Nixie.o

.debug_aranges  0x00000000     0x1720
 .debug_aranges
                0x00000000       0xd0 Drivers/STM32F1xx_HAL_Driver/Src/stm32f1xx_hal.o
 .debug_aranges
                0x000000d0       0x90 Drivers/STM32F1xx_HAL_Driver/Src/stm32f1xx_hal_cortex.o
 .debug_aranges
                0x00000160       0x80 Drivers/STM32F1xx_HAL_Driver/Src/stm32f1xx_hal_dma.o
 .debug_aranges
                0x000001e0       0x58 Drivers/STM32F1xx_HAL_Driver/Src/stm32f1xx_hal_gpio.o
 .debug_aranges
                0x00000238      0x268 Drivers/STM32F1xx_HAL_Driver/Src/stm32f1xx_hal_i2c.o
 .debug_aranges
                0x000004a0       0x90 Drivers/STM32F1xx_HAL_Driver/Src/stm32f1xx_hal_rcc.o
 .debug_aranges
                0x00000530      0x368 Drivers/STM32F1xx_HAL_Driver/Src/stm32f1xx_hal_tim.o
 .debug_aranges
                0x00000898      0x138 Drivers/STM32F1xx_HAL_Driver/Src/stm32f1xx_hal_tim_ex.o
 .debug_aranges
                0x000009d0      0x1d8 Middlewares/Third_Party/FreeRTOS/Source/CMSIS_RTOS/cmsis_os.o
 .debug_aranges
                0x00000ba8       0x40 Middlewares/Third_Party/FreeRTOS/Source/list.o
 .debug_aranges
                0x00000be8       0xe0 Middlewares/Third_Party/FreeRTOS/Source/queue.o
 .debug_aranges
                0x00000cc8      0x190 Middlewares/Third_Party/FreeRTOS/Source/tasks.o
 .debug_aranges
                0x00000e58       0x78 Middlewares/Third_Party/FreeRTOS/Source/portable/GCC/ARM_CM3/port.o
 .debug_aranges
                0x00000ed0       0x50 Middlewares/Third_Party/FreeRTOS/Source/portable/MemMang/heap_4.o
 .debug_aranges
                0x00000f20       0x60 Src/DS3231.o
 .debug_aranges
                0x00000f80       0xa0 Src/main.o
 .debug_aranges
                0x00001020       0xf0 Src/nixieDisplay.o
 .debug_aranges
                0x00001110       0x40 Src/stm32f1xx_hal_msp.o
 .debug_aranges
                0x00001150       0x30 Src/stm32f1xx_hal_timebase_tim.o
 .debug_aranges
                0x00001180       0x88 Src/stm32f1xx_it.o
 .debug_aranges
                0x00001208       0x28 Src/system_stm32f1xx.o
 .debug_aranges
                0x00001230      0x4c8 Yakindu/src-gen/Nixie.o
 .debug_aranges
                0x000016f8       0x28 startup/startup_stm32f103xb.o

.debug_ranges   0x00000000     0x1780
 .debug_ranges  0x00000000       0xc0 Drivers/STM32F1xx_HAL_Driver/Src/stm32f1xx_hal.o
 .debug_ranges  0x000000c0       0xe0 Drivers/STM32F1xx_HAL_Driver/Src/stm32f1xx_hal_cortex.o
 .debug_ranges  0x000001a0       0x70 Drivers/STM32F1xx_HAL_Driver/Src/stm32f1xx_hal_dma.o
 .debug_ranges  0x00000210       0x48 Drivers/STM32F1xx_HAL_Driver/Src/stm32f1xx_hal_gpio.o
 .debug_ranges  0x00000258      0x258 Drivers/STM32F1xx_HAL_Driver/Src/stm32f1xx_hal_i2c.o
 .debug_ranges  0x000004b0       0xa0 Drivers/STM32F1xx_HAL_Driver/Src/stm32f1xx_hal_rcc.o
 .debug_ranges  0x00000550      0x358 Drivers/STM32F1xx_HAL_Driver/Src/stm32f1xx_hal_tim.o
 .debug_ranges  0x000008a8      0x128 Drivers/STM32F1xx_HAL_Driver/Src/stm32f1xx_hal_tim_ex.o
 .debug_ranges  0x000009d0      0x1c8 Middlewares/Third_Party/FreeRTOS/Source/CMSIS_RTOS/cmsis_os.o
 .debug_ranges  0x00000b98       0x30 Middlewares/Third_Party/FreeRTOS/Source/list.o
 .debug_ranges  0x00000bc8      0x170 Middlewares/Third_Party/FreeRTOS/Source/queue.o
 .debug_ranges  0x00000d38      0x1f0 Middlewares/Third_Party/FreeRTOS/Source/tasks.o
 .debug_ranges  0x00000f28       0x68 Middlewares/Third_Party/FreeRTOS/Source/portable/GCC/ARM_CM3/port.o
 .debug_ranges  0x00000f90       0x40 Middlewares/Third_Party/FreeRTOS/Source/portable/MemMang/heap_4.o
 .debug_ranges  0x00000fd0       0x50 Src/DS3231.o
 .debug_ranges  0x00001020       0x90 Src/main.o
 .debug_ranges  0x000010b0      0x118 Src/nixieDisplay.o
 .debug_ranges  0x000011c8       0x30 Src/stm32f1xx_hal_msp.o
 .debug_ranges  0x000011f8       0x20 Src/stm32f1xx_hal_timebase_tim.o
 .debug_ranges  0x00001218       0x78 Src/stm32f1xx_it.o
 .debug_ranges  0x00001290       0x18 Src/system_stm32f1xx.o
 .debug_ranges  0x000012a8      0x4b8 Yakindu/src-gen/Nixie.o
 .debug_ranges  0x00001760       0x20 startup/startup_stm32f103xb.o

.debug_macro    0x00000000    0x17e61
 .debug_macro   0x00000000      0x308 Drivers/STM32F1xx_HAL_Driver/Src/stm32f1xx_hal.o
 .debug_macro   0x00000308      0xa60 Drivers/STM32F1xx_HAL_Driver/Src/stm32f1xx_hal.o
 .debug_macro   0x00000d68      0x175 Drivers/STM32F1xx_HAL_Driver/Src/stm32f1xx_hal.o
 .debug_macro   0x00000edd       0x2e Drivers/STM32F1xx_HAL_Driver/Src/stm32f1xx_hal.o
 .debug_macro   0x00000f0b       0x22 Drivers/STM32F1xx_HAL_Driver/Src/stm32f1xx_hal.o
 .debug_macro   0x00000f2d       0x22 Drivers/STM32F1xx_HAL_Driver/Src/stm32f1xx_hal.o
 .debug_macro   0x00000f4f       0x8e Drivers/STM32F1xx_HAL_Driver/Src/stm32f1xx_hal.o
 .debug_macro   0x00000fdd       0x51 Drivers/STM32F1xx_HAL_Driver/Src/stm32f1xx_hal.o
 .debug_macro   0x0000102e       0xef Drivers/STM32F1xx_HAL_Driver/Src/stm32f1xx_hal.o
 .debug_macro   0x0000111d       0x6a Drivers/STM32F1xx_HAL_Driver/Src/stm32f1xx_hal.o
 .debug_macro   0x00001187      0x1df Drivers/STM32F1xx_HAL_Driver/Src/stm32f1xx_hal.o
 .debug_macro   0x00001366       0x34 Drivers/STM32F1xx_HAL_Driver/Src/stm32f1xx_hal.o
 .debug_macro   0x0000139a       0x34 Drivers/STM32F1xx_HAL_Driver/Src/stm32f1xx_hal.o
 .debug_macro   0x000013ce      0xb8e Drivers/STM32F1xx_HAL_Driver/Src/stm32f1xx_hal.o
 .debug_macro   0x00001f5c     0xe911 Drivers/STM32F1xx_HAL_Driver/Src/stm32f1xx_hal.o
 .debug_macro   0x0001086d       0x43 Drivers/STM32F1xx_HAL_Driver/Src/stm32f1xx_hal.o
 .debug_macro   0x000108b0       0x5e Drivers/STM32F1xx_HAL_Driver/Src/stm32f1xx_hal.o
 .debug_macro   0x0001090e       0x18 Drivers/STM32F1xx_HAL_Driver/Src/stm32f1xx_hal.o
 .debug_macro   0x00010926       0x35 Drivers/STM32F1xx_HAL_Driver/Src/stm32f1xx_hal.o
 .debug_macro   0x0001095b       0x34 Drivers/STM32F1xx_HAL_Driver/Src/stm32f1xx_hal.o
 .debug_macro   0x0001098f       0x16 Drivers/STM32F1xx_HAL_Driver/Src/stm32f1xx_hal.o
 .debug_macro   0x000109a5       0x97 Drivers/STM32F1xx_HAL_Driver/Src/stm32f1xx_hal.o
 .debug_macro   0x00010a3c      0x330 Drivers/STM32F1xx_HAL_Driver/Src/stm32f1xx_hal.o
 .debug_macro   0x00010d6c       0xfd Drivers/STM32F1xx_HAL_Driver/Src/stm32f1xx_hal.o
 .debug_macro   0x00010e69       0x10 Drivers/STM32F1xx_HAL_Driver/Src/stm32f1xx_hal.o
 .debug_macro   0x00010e79       0x58 Drivers/STM32F1xx_HAL_Driver/Src/stm32f1xx_hal.o
 .debug_macro   0x00010ed1       0x1f Drivers/STM32F1xx_HAL_Driver/Src/stm32f1xx_hal.o
 .debug_macro   0x00010ef0       0x43 Drivers/STM32F1xx_HAL_Driver/Src/stm32f1xx_hal.o
 .debug_macro   0x00010f33       0x20 Drivers/STM32F1xx_HAL_Driver/Src/stm32f1xx_hal.o
 .debug_macro   0x00010f53      0x18e Drivers/STM32F1xx_HAL_Driver/Src/stm32f1xx_hal.o
 .debug_macro   0x000110e1       0x10 Drivers/STM32F1xx_HAL_Driver/Src/stm32f1xx_hal.o
 .debug_macro   0x000110f1       0x1c Drivers/STM32F1xx_HAL_Driver/Src/stm32f1xx_hal.o
 .debug_macro   0x0001110d       0x52 Drivers/STM32F1xx_HAL_Driver/Src/stm32f1xx_hal.o
 .debug_macro   0x0001115f       0x40 Drivers/STM32F1xx_HAL_Driver/Src/stm32f1xx_hal.o
 .debug_macro   0x0001119f       0x10 Drivers/STM32F1xx_HAL_Driver/Src/stm32f1xx_hal.o
 .debug_macro   0x000111af       0x40 Drivers/STM32F1xx_HAL_Driver/Src/stm32f1xx_hal.o
 .debug_macro   0x000111ef       0xd7 Drivers/STM32F1xx_HAL_Driver/Src/stm32f1xx_hal.o
 .debug_macro   0x000112c6       0x1c Drivers/STM32F1xx_HAL_Driver/Src/stm32f1xx_hal.o
 .debug_macro   0x000112e2       0x3d Drivers/STM32F1xx_HAL_Driver/Src/stm32f1xx_hal.o
 .debug_macro   0x0001131f       0x16 Drivers/STM32F1xx_HAL_Driver/Src/stm32f1xx_hal.o
 .debug_macro   0x00011335      0x16f Drivers/STM32F1xx_HAL_Driver/Src/stm32f1xx_hal.o
 .debug_macro   0x000114a4       0x50 Drivers/STM32F1xx_HAL_Driver/Src/stm32f1xx_hal.o
 .debug_macro   0x000114f4      0x5c2 Drivers/STM32F1xx_HAL_Driver/Src/stm32f1xx_hal.o
 .debug_macro   0x00011ab6      0x28a Drivers/STM32F1xx_HAL_Driver/Src/stm32f1xx_hal.o
 .debug_macro   0x00011d40      0x1cb Drivers/STM32F1xx_HAL_Driver/Src/stm32f1xx_hal.o
 .debug_macro   0x00011f0b      0x11e Drivers/STM32F1xx_HAL_Driver/Src/stm32f1xx_hal.o
 .debug_macro   0x00012029      0x1b3 Drivers/STM32F1xx_HAL_Driver/Src/stm32f1xx_hal.o
 .debug_macro   0x000121dc       0x27 Drivers/STM32F1xx_HAL_Driver/Src/stm32f1xx_hal.o
 .debug_macro   0x00012203      0x1bc Drivers/STM32F1xx_HAL_Driver/Src/stm32f1xx_hal.o
 .debug_macro   0x000123bf       0x34 Drivers/STM32F1xx_HAL_Driver/Src/stm32f1xx_hal.o
 .debug_macro   0x000123f3       0x3c Drivers/STM32F1xx_HAL_Driver/Src/stm32f1xx_hal.o
 .debug_macro   0x0001242f       0x57 Drivers/STM32F1xx_HAL_Driver/Src/stm32f1xx_hal.o
 .debug_macro   0x00012486       0x8c Drivers/STM32F1xx_HAL_Driver/Src/stm32f1xx_hal.o
 .debug_macro   0x00012512      0x242 Drivers/STM32F1xx_HAL_Driver/Src/stm32f1xx_hal.o
 .debug_macro   0x00012754      0x264 Drivers/STM32F1xx_HAL_Driver/Src/stm32f1xx_hal.o
 .debug_macro   0x000129b8      0x143 Drivers/STM32F1xx_HAL_Driver/Src/stm32f1xx_hal.o
 .debug_macro   0x00012afb      0x853 Drivers/STM32F1xx_HAL_Driver/Src/stm32f1xx_hal.o
 .debug_macro   0x0001334e       0x1f Drivers/STM32F1xx_HAL_Driver/Src/stm32f1xx_hal.o
 .debug_macro   0x0001336d       0x83 Drivers/STM32F1xx_HAL_Driver/Src/stm32f1xx_hal.o
 .debug_macro   0x000133f0      0x2e4 Drivers/STM32F1xx_HAL_Driver/Src/stm32f1xx_hal_cortex.o
 .debug_macro   0x000136d4      0x2e4 Drivers/STM32F1xx_HAL_Driver/Src/stm32f1xx_hal_dma.o
 .debug_macro   0x000139b8      0x354 Drivers/STM32F1xx_HAL_Driver/Src/stm32f1xx_hal_gpio.o
 .debug_macro   0x00013d0c      0x324 Drivers/STM32F1xx_HAL_Driver/Src/stm32f1xx_hal_i2c.o
 .debug_macro   0x00014030      0x2f6 Drivers/STM32F1xx_HAL_Driver/Src/stm32f1xx_hal_rcc.o
 .debug_macro   0x00014326      0x2e4 Drivers/STM32F1xx_HAL_Driver/Src/stm32f1xx_hal_tim.o
 .debug_macro   0x0001460a      0x2e4 Drivers/STM32F1xx_HAL_Driver/Src/stm32f1xx_hal_tim_ex.o
 .debug_macro   0x000148ee      0x1ed Middlewares/Third_Party/FreeRTOS/Source/CMSIS_RTOS/cmsis_os.o
 .debug_macro   0x00014adb       0x58 Middlewares/Third_Party/FreeRTOS/Source/CMSIS_RTOS/cmsis_os.o
 .debug_macro   0x00014b33       0x94 Middlewares/Third_Party/FreeRTOS/Source/CMSIS_RTOS/cmsis_os.o
 .debug_macro   0x00014bc7      0x174 Middlewares/Third_Party/FreeRTOS/Source/CMSIS_RTOS/cmsis_os.o
 .debug_macro   0x00014d3b       0x57 Middlewares/Third_Party/FreeRTOS/Source/CMSIS_RTOS/cmsis_os.o
 .debug_macro   0x00014d92       0x10 Middlewares/Third_Party/FreeRTOS/Source/CMSIS_RTOS/cmsis_os.o
 .debug_macro   0x00014da2       0x35 Middlewares/Third_Party/FreeRTOS/Source/CMSIS_RTOS/cmsis_os.o
 .debug_macro   0x00014dd7       0xdf Middlewares/Third_Party/FreeRTOS/Source/CMSIS_RTOS/cmsis_os.o
 .debug_macro   0x00014eb6      0x168 Middlewares/Third_Party/FreeRTOS/Source/CMSIS_RTOS/cmsis_os.o
 .debug_macro   0x0001501e       0xe4 Middlewares/Third_Party/FreeRTOS/Source/CMSIS_RTOS/cmsis_os.o
 .debug_macro   0x00015102       0x10 Middlewares/Third_Party/FreeRTOS/Source/CMSIS_RTOS/cmsis_os.o
 .debug_macro   0x00015112       0x1f Middlewares/Third_Party/FreeRTOS/Source/CMSIS_RTOS/cmsis_os.o
 .debug_macro   0x00015131      0x40f Middlewares/Third_Party/FreeRTOS/Source/CMSIS_RTOS/cmsis_os.o
 .debug_macro   0x00015540       0xc0 Middlewares/Third_Party/FreeRTOS/Source/CMSIS_RTOS/cmsis_os.o
 .debug_macro   0x00015600       0x8c Middlewares/Third_Party/FreeRTOS/Source/CMSIS_RTOS/cmsis_os.o
 .debug_macro   0x0001568c       0x91 Middlewares/Third_Party/FreeRTOS/Source/CMSIS_RTOS/cmsis_os.o
 .debug_macro   0x0001571d       0x94 Middlewares/Third_Party/FreeRTOS/Source/CMSIS_RTOS/cmsis_os.o
 .debug_macro   0x000157b1       0x63 Middlewares/Third_Party/FreeRTOS/Source/CMSIS_RTOS/cmsis_os.o
 .debug_macro   0x00015814       0x19 Middlewares/Third_Party/FreeRTOS/Source/CMSIS_RTOS/cmsis_os.o
 .debug_macro   0x0001582d       0xcf Middlewares/Third_Party/FreeRTOS/Source/CMSIS_RTOS/cmsis_os.o
 .debug_macro   0x000158fc       0x26 Middlewares/Third_Party/FreeRTOS/Source/CMSIS_RTOS/cmsis_os.o
 .debug_macro   0x00015922      0x17b Middlewares/Third_Party/FreeRTOS/Source/list.o
 .debug_macro   0x00015a9d      0x201 Middlewares/Third_Party/FreeRTOS/Source/queue.o
 .debug_macro   0x00015c9e       0x16 Middlewares/Third_Party/FreeRTOS/Source/queue.o
 .debug_macro   0x00015cb4      0x264 Middlewares/Third_Party/FreeRTOS/Source/tasks.o
 .debug_macro   0x00015f18       0x11 Middlewares/Third_Party/FreeRTOS/Source/tasks.o
 .debug_macro   0x00015f29      0x176 Middlewares/Third_Party/FreeRTOS/Source/portable/GCC/ARM_CM3/port.o
 .debug_macro   0x0001609f      0x1a2 Middlewares/Third_Party/FreeRTOS/Source/portable/MemMang/heap_4.o
 .debug_macro   0x00016241      0x2f7 Src/DS3231.o
 .debug_macro   0x00016538      0x100 Src/DS3231.o
 .debug_macro   0x00016638      0x404 Src/main.o
 .debug_macro   0x00016a3c       0xdf Src/main.o
 .debug_macro   0x00016b1b      0x106 Src/main.o
 .debug_macro   0x00016c21       0x22 Src/main.o
 .debug_macro   0x00016c43       0x1c Src/main.o
 .debug_macro   0x00016c5f       0xa0 Src/main.o
 .debug_macro   0x00016cff       0x82 Src/main.o
 .debug_macro   0x00016d81      0x33a Src/nixieDisplay.o
 .debug_macro   0x000170bb      0x2f3 Src/stm32f1xx_hal_msp.o
 .debug_macro   0x000173ae      0x2e4 Src/stm32f1xx_hal_timebase_tim.o
 .debug_macro   0x00017692      0x3b1 Src/stm32f1xx_it.o
 .debug_macro   0x00017a43      0x2ea Src/system_stm32f1xx.o
 .debug_macro   0x00017d2d       0x94 Yakindu/src-gen/Nixie.o
 .debug_macro   0x00017dc1       0xa0 Yakindu/src-gen/Nixie.o

.debug_line     0x00000000     0xef3e
 .debug_line    0x00000000      0x8ab Drivers/STM32F1xx_HAL_Driver/Src/stm32f1xx_hal.o
 .debug_line    0x000008ab      0x8c3 Drivers/STM32F1xx_HAL_Driver/Src/stm32f1xx_hal_cortex.o
 .debug_line    0x0000116e      0xa74 Drivers/STM32F1xx_HAL_Driver/Src/stm32f1xx_hal_dma.o
 .debug_line    0x00001be2      0x8a8 Drivers/STM32F1xx_HAL_Driver/Src/stm32f1xx_hal_gpio.o
 .debug_line    0x0000248a     0x195a Drivers/STM32F1xx_HAL_Driver/Src/stm32f1xx_hal_i2c.o
 .debug_line    0x00003de4      0x9c9 Drivers/STM32F1xx_HAL_Driver/Src/stm32f1xx_hal_rcc.o
 .debug_line    0x000047ad     0x16c0 Drivers/STM32F1xx_HAL_Driver/Src/stm32f1xx_hal_tim.o
 .debug_line    0x00005e6d      0xc7a Drivers/STM32F1xx_HAL_Driver/Src/stm32f1xx_hal_tim_ex.o
 .debug_line    0x00006ae7      0xbbc Middlewares/Third_Party/FreeRTOS/Source/CMSIS_RTOS/cmsis_os.o
 .debug_line    0x000076a3      0x55a Middlewares/Third_Party/FreeRTOS/Source/list.o
 .debug_line    0x00007bfd      0xa68 Middlewares/Third_Party/FreeRTOS/Source/queue.o
 .debug_line    0x00008665      0xdf6 Middlewares/Third_Party/FreeRTOS/Source/tasks.o
 .debug_line    0x0000945b      0x5c6 Middlewares/Third_Party/FreeRTOS/Source/portable/GCC/ARM_CM3/port.o
 .debug_line    0x00009a21      0x60d Middlewares/Third_Party/FreeRTOS/Source/portable/MemMang/heap_4.o
 .debug_line    0x0000a02e      0x863 Src/DS3231.o
 .debug_line    0x0000a891      0xb84 Src/main.o
 .debug_line    0x0000b415      0xaed Src/nixieDisplay.o
 .debug_line    0x0000bf02      0x78c Src/stm32f1xx_hal_msp.o
 .debug_line    0x0000c68e      0x724 Src/stm32f1xx_hal_timebase_tim.o
 .debug_line    0x0000cdb2      0x9c2 Src/stm32f1xx_it.o
 .debug_line    0x0000d774      0x728 Src/system_stm32f1xx.o
 .debug_line    0x0000de9c     0x1025 Yakindu/src-gen/Nixie.o
 .debug_line    0x0000eec1       0x7d startup/startup_stm32f103xb.o

.debug_str      0x00000000    0x7c01d
 .debug_str     0x00000000    0x6e9b7 Drivers/STM32F1xx_HAL_Driver/Src/stm32f1xx_hal.o
                              0x6ed61 (size before relaxing)
 .debug_str     0x0006e9b7      0x2d8 Drivers/STM32F1xx_HAL_Driver/Src/stm32f1xx_hal_cortex.o
                              0x6ed30 (size before relaxing)
 .debug_str     0x0006ec8f      0x3dc Drivers/STM32F1xx_HAL_Driver/Src/stm32f1xx_hal_dma.o
                              0x6ea94 (size before relaxing)
 .debug_str     0x0006f06b      0x39e Drivers/STM32F1xx_HAL_Driver/Src/stm32f1xx_hal_gpio.o
                              0x6ea77 (size before relaxing)
 .debug_str     0x0006f409      0xcfb Drivers/STM32F1xx_HAL_Driver/Src/stm32f1xx_hal_i2c.o
                              0x6f5b0 (size before relaxing)
 .debug_str     0x00070104      0x348 Drivers/STM32F1xx_HAL_Driver/Src/stm32f1xx_hal_rcc.o
                              0x6eacc (size before relaxing)
 .debug_str     0x0007044c      0xf0d Drivers/STM32F1xx_HAL_Driver/Src/stm32f1xx_hal_tim.o
                              0x6f7cc (size before relaxing)
 .debug_str     0x00071359      0x4f1 Drivers/STM32F1xx_HAL_Driver/Src/stm32f1xx_hal_tim_ex.o
                              0x6f06e (size before relaxing)
 .debug_str     0x0007184a     0x5d21 Middlewares/Third_Party/FreeRTOS/Source/CMSIS_RTOS/cmsis_os.o
                               0xc9a6 (size before relaxing)
 .debug_str     0x0007756b      0x234 Middlewares/Third_Party/FreeRTOS/Source/list.o
                               0x9c3a (size before relaxing)
 .debug_str     0x0007779f      0x6f5 Middlewares/Third_Party/FreeRTOS/Source/queue.o
                               0xb28e (size before relaxing)
 .debug_str     0x00077e94      0xf16 Middlewares/Third_Party/FreeRTOS/Source/tasks.o
                               0xbccd (size before relaxing)
 .debug_str     0x00078daa      0x666 Middlewares/Third_Party/FreeRTOS/Source/portable/GCC/ARM_CM3/port.o
                               0x7c1d (size before relaxing)
 .debug_str     0x00079410      0x243 Middlewares/Third_Party/FreeRTOS/Source/portable/MemMang/heap_4.o
                               0xa37a (size before relaxing)
 .debug_str     0x00079653      0x30e Src/DS3231.o
                              0x6edfb (size before relaxing)
 .debug_str     0x00079961      0xe6d Src/main.o
                              0x758a0 (size before relaxing)
 .debug_str     0x0007a7ce      0x757 Src/nixieDisplay.o
                              0x7039b (size before relaxing)
 .debug_str     0x0007af25       0x25 Src/stm32f1xx_hal_msp.o
                              0x6f69c (size before relaxing)
 .debug_str     0x0007af4a       0x50 Src/stm32f1xx_hal_timebase_tim.o
                              0x6ee80 (size before relaxing)
 .debug_str     0x0007af9a      0x10d Src/stm32f1xx_it.o
                              0x745ae (size before relaxing)
 .debug_str     0x0007b0a7       0x69 Src/system_stm32f1xx.o
                              0x6e722 (size before relaxing)
 .debug_str     0x0007b110      0xede Yakindu/src-gen/Nixie.o
                               0x56d5 (size before relaxing)
 .debug_str     0x0007bfee       0x2f startup/startup_stm32f103xb.o
                                 0x5a (size before relaxing)

.comment        0x00000000       0x7f
 .comment       0x00000000       0x7f Drivers/STM32F1xx_HAL_Driver/Src/stm32f1xx_hal.o
                                 0x80 (size before relaxing)
 .comment       0x0000007f       0x80 Drivers/STM32F1xx_HAL_Driver/Src/stm32f1xx_hal_cortex.o
 .comment       0x0000007f       0x80 Drivers/STM32F1xx_HAL_Driver/Src/stm32f1xx_hal_dma.o
 .comment       0x0000007f       0x80 Drivers/STM32F1xx_HAL_Driver/Src/stm32f1xx_hal_gpio.o
 .comment       0x0000007f       0x80 Drivers/STM32F1xx_HAL_Driver/Src/stm32f1xx_hal_i2c.o
 .comment       0x0000007f       0x80 Drivers/STM32F1xx_HAL_Driver/Src/stm32f1xx_hal_rcc.o
 .comment       0x0000007f       0x80 Drivers/STM32F1xx_HAL_Driver/Src/stm32f1xx_hal_tim.o
 .comment       0x0000007f       0x80 Drivers/STM32F1xx_HAL_Driver/Src/stm32f1xx_hal_tim_ex.o
 .comment       0x0000007f       0x80 Middlewares/Third_Party/FreeRTOS/Source/CMSIS_RTOS/cmsis_os.o
 .comment       0x0000007f       0x80 Middlewares/Third_Party/FreeRTOS/Source/list.o
 .comment       0x0000007f       0x80 Middlewares/Third_Party/FreeRTOS/Source/queue.o
 .comment       0x0000007f       0x80 Middlewares/Third_Party/FreeRTOS/Source/tasks.o
 .comment       0x0000007f       0x80 Middlewares/Third_Party/FreeRTOS/Source/portable/GCC/ARM_CM3/port.o
 .comment       0x0000007f       0x80 Middlewares/Third_Party/FreeRTOS/Source/portable/MemMang/heap_4.o
 .comment       0x0000007f       0x80 Src/DS3231.o
 .comment       0x0000007f       0x80 Src/main.o
 .comment       0x0000007f       0x80 Src/nixieDisplay.o
 .comment       0x0000007f       0x80 Src/stm32f1xx_hal_msp.o
 .comment       0x0000007f       0x80 Src/stm32f1xx_hal_timebase_tim.o
 .comment       0x0000007f       0x80 Src/stm32f1xx_it.o
 .comment       0x0000007f       0x80 Src/system_stm32f1xx.o
 .comment       0x0000007f       0x80 Yakindu/src-gen/Nixie.o

.debug_frame    0x00000000     0x404c
 .debug_frame   0x00000000      0x1ac Drivers/STM32F1xx_HAL_Driver/Src/stm32f1xx_hal.o
 .debug_frame   0x000001ac      0x12c Drivers/STM32F1xx_HAL_Driver/Src/stm32f1xx_hal_cortex.o
 .debug_frame   0x000002d8      0x148 Drivers/STM32F1xx_HAL_Driver/Src/stm32f1xx_hal_dma.o
 .debug_frame   0x00000420       0xd4 Drivers/STM32F1xx_HAL_Driver/Src/stm32f1xx_hal_gpio.o
 .debug_frame   0x000004f4      0x87c Drivers/STM32F1xx_HAL_Driver/Src/stm32f1xx_hal_i2c.o
 .debug_frame   0x00000d70      0x174 Drivers/STM32F1xx_HAL_Driver/Src/stm32f1xx_hal_rcc.o
 .debug_frame   0x00000ee4      0x9e0 Drivers/STM32F1xx_HAL_Driver/Src/stm32f1xx_hal_tim.o
 .debug_frame   0x000018c4      0x374 Drivers/STM32F1xx_HAL_Driver/Src/stm32f1xx_hal_tim_ex.o
 .debug_frame   0x00001c38      0x584 Middlewares/Third_Party/FreeRTOS/Source/CMSIS_RTOS/cmsis_os.o
 .debug_frame   0x000021bc       0x6c Middlewares/Third_Party/FreeRTOS/Source/list.o
 .debug_frame   0x00002228      0x2b4 Middlewares/Third_Party/FreeRTOS/Source/queue.o
 .debug_frame   0x000024dc      0x4e8 Middlewares/Third_Party/FreeRTOS/Source/tasks.o
 .debug_frame   0x000029c4       0xe0 Middlewares/Third_Party/FreeRTOS/Source/portable/GCC/ARM_CM3/port.o
 .debug_frame   0x00002aa4       0xac Middlewares/Third_Party/FreeRTOS/Source/portable/MemMang/heap_4.o
 .debug_frame   0x00002b50       0xfc Src/DS3231.o
 .debug_frame   0x00002c4c      0x1e4 Src/main.o
 .debug_frame   0x00002e30      0x290 Src/nixieDisplay.o
 .debug_frame   0x000030c0       0xa0 Src/stm32f1xx_hal_msp.o
 .debug_frame   0x00003160       0x50 Src/stm32f1xx_hal_timebase_tim.o
 .debug_frame   0x000031b0      0x130 Src/stm32f1xx_it.o
 .debug_frame   0x000032e0       0x30 Src/system_stm32f1xx.o
 .debug_frame   0x00003310      0xce8 Yakindu/src-gen/Nixie.o
 .debug_frame   0x00003ff8       0x2c c:/ac6/systemworkbench/plugins/fr.ac6.mcu.externaltools.arm-none.win32_1.17.0.201812190825/tools/compiler/bin/../lib/gcc/arm-none-eabi/7.3.1/../../../../arm-none-eabi/lib/thumb/v7-m\libc_nano.a(lib_a-init.o)
 .debug_frame   0x00004024       0x28 c:/ac6/systemworkbench/plugins/fr.ac6.mcu.externaltools.arm-none.win32_1.17.0.201812190825/tools/compiler/bin/../lib/gcc/arm-none-eabi/7.3.1/../../../../arm-none-eabi/lib/thumb/v7-m\libc_nano.a(lib_a-memcpy-stub.o)